 PhysXCooking_32

 Timestamp is 6a8ad5b8 (Sun Aug 23 19:12:56 2026)

 Preferred load address is 0000000180000000

 Start         Length     Name                   Class
 0001:00000000 00000120H .text$di                CODE
 0001:00000120 00005930H .text$mn                CODE
 0001:00005a50 00000040H .text$mn$00             CODE
 0001:00005a90 00000110H .text$x                 CODE
 0002:00000000 000001e8H .idata$5                DATA
 0002:000001e8 00000038H .00cfg                  DATA
 0002:00000220 00000008H .CRT$XCA                DATA
 0002:00000228 00000030H .CRT$XCU                DATA
 0002:00000258 00000008H .CRT$XCZ                DATA
 0002:00000260 00000008H .CRT$XIA                DATA
 0002:00000268 00000008H .CRT$XIZ                DATA
 0002:00000270 00000008H .CRT$XPA                DATA
 0002:00000278 00000008H .CRT$XPZ                DATA
 0002:00000280 00000008H .CRT$XTA                DATA
 0002:00000288 00000008H .CRT$XTZ                DATA
 0002:00000290 00000000H .gehcont$y              DATA
 0002:00000290 00000000H .gfids$y                DATA
 0002:00000290 00000d70H .rdata                  DATA
 0002:00001000 00000080H .rdata$CastGuardVftablesA DATA
 0002:00001080 00000080H .rdata$CastGuardVftablesC DATA
 0002:00001100 00000074H .rdata$r                DATA
 0002:00001174 000000ccH .rdata$voltmd           DATA
 0002:00001240 00000420H .rdata$zzzdbg           DATA
 0002:00001660 00000008H .rtc$IAA                DATA
 0002:00001668 00000010H .rtc$IMZ                DATA
 0002:00001678 00000008H .rtc$IZZ                DATA
 0002:00001680 00000008H .rtc$TAA                DATA
 0002:00001688 00000010H .rtc$TMZ                DATA
 0002:00001698 00000008H .rtc$TZZ                DATA
 0002:000016a0 000007a4H .xdata                  DATA
 0002:00001e44 00000040H .didat$2                DATA
 0002:00001e84 00000024H .didat$3                DATA
 0002:00001ea8 000000d0H .didat$4                DATA
 0002:00001f78 00000238H .didat$6                DATA
 0002:000021b0 000001f0H .didat$7                DATA
 0002:000023a0 00000ab4H .edata                  DATA
 0002:00002e54 0000003cH .idata$2                DATA
 0002:00002e90 00000018H .idata$3                DATA
 0002:00002ea8 000001e8H .idata$4                DATA
 0002:00003090 000004a0H .idata$6                DATA
 0003:00000000 000000d8H .data                   DATA
 0003:000000d8 00000038H .data$r                 DATA
 0003:00000110 00000020H .data$rs                DATA
 0003:00000130 000000d0H .didat$5                DATA
 0003:00000200 00000160H .bss                    DATA
 0004:00000000 000008b8H .pdata                  DATA
 0005:00000000 000000a0H .rsrc$01                DATA
 0005:000000a0 000004b8H .rsrc$02                DATA

  Address         Publics by Value              Rva+Base               Lib:Object

 0000:00000000       __AbsoluteZero             0000000000000000     <absolute>
 0000:00000000       ___safe_se_handler_count   0000000000000000     <absolute>
 0000:00000000       ___safe_se_handler_table   0000000000000000     <absolute>
 0000:00000000       __arm64x_extra_rfe_table   0000000000000000     <absolute>
 0000:00000000       __arm64x_extra_rfe_table_size 0000000000000000     <absolute>
 0000:00000000       __arm64x_native_entrypoint 0000000000000000     <absolute>
 0000:00000000       __arm64x_redirection_metadata 0000000000000000     <absolute>
 0000:00000000       __arm64x_redirection_metadata_count 0000000000000000     <absolute>
 0000:00000000       __dynamic_value_reloc_table 0000000000000000     <absolute>
 0000:00000000       __enclave_config           0000000000000000     <absolute>
 0000:00000000       __guard_check_icall_a64n_fptr 0000000000000000     <absolute>
 0000:00000000       __guard_eh_cont_count      0000000000000000     <absolute>
 0000:00000000       __guard_eh_cont_table      0000000000000000     <absolute>
 0000:00000000       __guard_fids_count         0000000000000000     <absolute>
 0000:00000000       __guard_fids_table         0000000000000000     <absolute>
 0000:00000000       __guard_iat_count          0000000000000000     <absolute>
 0000:00000000       __guard_iat_table          0000000000000000     <absolute>
 0000:00000000       __guard_longjmp_count      0000000000000000     <absolute>
 0000:00000000       __guard_longjmp_table      0000000000000000     <absolute>
 0000:00000000       __hybrid_auxiliary_delayload_iat 0000000000000000     <absolute>
 0000:00000000       __hybrid_auxiliary_delayload_iat_copy 0000000000000000     <absolute>
 0000:00000000       __hybrid_auxiliary_iat     0000000000000000     <absolute>
 0000:00000000       __hybrid_auxiliary_iat_copy 0000000000000000     <absolute>
 0000:00000000       __hybrid_code_map          0000000000000000     <absolute>
 0000:00000000       __hybrid_code_map_count    0000000000000000     <absolute>
 0000:00000000       __hybrid_image_info_bitfield 0000000000000000     <absolute>
 0000:00000000       __x64_code_ranges_to_entry_points 0000000000000000     <absolute>
 0000:00000000       __x64_code_ranges_to_entry_points_count 0000000000000000     <absolute>
 0000:00000100       __guard_flags              0000000000000100     <absolute>
 0000:00000000       __ImageBase                0000000180000000     <linker-defined>
 0001:00000120       PxGetStandaloneInsertionCallback 0000000180001120 f   Cooking.obj
 0001:00000140       PxCookBVH                  0000000180001140 f   Cooking.obj
 0001:00000170       PxCreateBVH                0000000180001170 f   Cooking.obj
 0001:000001a0       PxCookHeightField          00000001800011a0 f   Cooking.obj
 0001:000001d0       PxCreateHeightField        00000001800011d0 f   Cooking.obj
 0001:00000200       PxCookConvexMesh           0000000180001200 f   Cooking.obj
 0001:00000240       PxCreateConvexMesh         0000000180001240 f   Cooking.obj
 0001:00000280       PxValidateConvexMesh       0000000180001280 f   Cooking.obj
 0001:000002b0       PxComputeHullPolygons      00000001800012b0 f   Cooking.obj
 0001:00000330       PxValidateTriangleMesh     0000000180001330 f   Cooking.obj
 0001:00000360       PxCookTriangleMesh         0000000180001360 f   Cooking.obj
 0001:000003a0       PxCreateTriangleMesh       00000001800013a0 f   Cooking.obj
 0001:000003e0       PxCookTetrahedronMesh      00000001800013e0 f   Cooking.obj
 0001:00000420       PxCreateTetrahedronMesh    0000000180001420 f   Cooking.obj
 0001:00000460       PxCookDeformableVolumeMesh 0000000180001460 f   Cooking.obj
 0001:000004b0       PxCreateDeformableVolumeMesh 00000001800014b0 f   Cooking.obj
 0001:00000500       PxComputeModelsMapping     0000000180001500 f   Cooking.obj
 0001:00000550       PxComputeCollisionData     0000000180001550 f   Cooking.obj
 0001:00000580       PxComputeSimulationData    0000000180001580 f   Cooking.obj
 0001:000005b0       PxAssembleDeformableVolumeMesh 00000001800015b0 f   Cooking.obj
 0001:00000600       ??$?4V?$PxReflectionAllocator@USlab@NodeAllocator@Gu@physx@@@physx@@@?$PxArray@USlab@NodeAllocator@Gu@physx@@V?$PxReflectionAllocator@USlab@NodeAllocator@Gu@physx@@@4@@physx@@QEAAAEAV01@AEBV01@@Z 0000000180001600 f i Cooking.obj
 0001:00000690       ??$PX_UNUSED@PEAI@@YAXAEBQEAI@Z 0000000180001690 f i Cooking.obj
 0001:000006a0       ??$copy@V?$PxReflectionAllocator@USlab@NodeAllocator@Gu@physx@@@physx@@@?$PxArray@USlab@NodeAllocator@Gu@physx@@V?$PxReflectionAllocator@USlab@NodeAllocator@Gu@physx@@@4@@physx@@IEAAXAEBV01@@Z 00000001800016a0 f i Cooking.obj
 0001:00000770       ??0?$PxArray@USlab@NodeAllocator@Gu@physx@@V?$PxReflectionAllocator@USlab@NodeAllocator@Gu@physx@@@4@@physx@@QEAA@AEBV01@AEBV?$PxReflectionAllocator@USlab@NodeAllocator@Gu@physx@@@1@@Z 0000000180001770 f i Cooking.obj
 0001:000007b0       ??0?$PxReflectionAllocator@USlab@NodeAllocator@Gu@physx@@@physx@@QEAA@AEBV01@@Z 00000001800017b0 f i Cooking.obj
 0001:000007c0       ??0?$PxReflectionAllocator@USlab@NodeAllocator@Gu@physx@@@physx@@QEAA@PEBD@Z 00000001800017c0 f i Cooking.obj
 0001:000007d0       ??0?$PxVec3T@M@physx@@QEAA@XZ 00000001800017d0 f i Cooking.obj
 0001:000007e0       ??0AABBTreeBounds@Gu@physx@@QEAA@XZ 00000001800017e0 f i Cooking.obj
 0001:00000810       ??0AABBTreeBuildNode@Gu@physx@@QEAA@AEBV012@@Z 0000000180001810 f i Cooking.obj
 0001:00000870       ??0AABBTreeBuildNode@Gu@physx@@QEAA@XZ 0000000180001870 f i Cooking.obj
 0001:000008a0       ??0AABBTreeBuildParams@Gu@physx@@QEAA@IIPEBVAABBTreeBounds@12@W4BVHBuildStrategy@12@@Z 00000001800018a0 f i Cooking.obj
 0001:00000900       ??0NodeAllocator@Gu@physx@@QEAA@AEBV012@@Z 0000000180001900 f i Cooking.obj
 0001:00000980       ??0PxAllocator@physx@@QEAA@PEBD@Z 0000000180001980 f i Cooking.obj
 0001:00000990       ??0PxBounds3@physx@@QEAA@AEBV01@@Z 0000000180001990 f i Cooking.obj
 0001:00000a00       ??0PxBounds3@physx@@QEAA@XZ 0000000180001a00 f i Cooking.obj
 0001:00000a40       ??0PxFoundation@physx@@QEAA@AEBV01@@Z 0000000180001a40 f i Cooking.obj
 0001:00000a60       ??0PxFoundation@physx@@QEAA@XZ 0000000180001a60 f i Cooking.obj
 0001:00000a80       ??1AABBTreeBounds@Gu@physx@@QEAA@XZ 0000000180001a80 f i Cooking.obj
 0001:00000aa0       ??1AABBTreeBuildNode@Gu@physx@@QEAA@XZ 0000000180001aa0 f i Cooking.obj
 0001:00000ab0       ??1AABBTreeBuildParams@Gu@physx@@QEAA@XZ 0000000180001ab0 f i Cooking.obj
 0001:00000ad0       ??1PxFoundation@physx@@MEAA@XZ 0000000180001ad0 f i Cooking.obj
 0001:00000af0       ??2@YAPEAX_KPEAX@Z         0000000180001af0 f i Cooking.obj
 0001:00000b00       ??4?$PxArray@USlab@NodeAllocator@Gu@physx@@V?$PxReflectionAllocator@USlab@NodeAllocator@Gu@physx@@@4@@physx@@QEAAAEAV01@AEBV01@@Z 0000000180001b00 f i Cooking.obj
 0001:00000b30       ??4?$PxVec3T@M@physx@@QEAAAEAV01@AEBV01@@Z 0000000180001b30 f i Cooking.obj
 0001:00000b80       ??4AABBTreeBounds@Gu@physx@@QEAAAEAV012@AEBV012@@Z 0000000180001b80 f i Cooking.obj
 0001:00000bb0       ??4AABBTreeBuildNode@Gu@physx@@QEAAAEAV012@AEBV012@@Z 0000000180001bb0 f i Cooking.obj
 0001:00000c10       ??4AABBTreeBuildParams@Gu@physx@@QEAAAEAV012@AEBV012@@Z 0000000180001c10 f i Cooking.obj
 0001:00000c40       ??4NodeAllocator@Gu@physx@@QEAAAEAV012@AEBV012@@Z 0000000180001c40 f i Cooking.obj
 0001:00000cb0       ??4PxBounds3@physx@@QEAAXAEBV01@@Z 0000000180001cb0 f i Cooking.obj
 0001:00000cf0       ??4PxFoundation@physx@@QEAAAEAV01@AEBV01@@Z 0000000180001cf0 f i Cooking.obj
 0001:00000d00       ??_EPxFoundation@physx@@MEAAPEAXI@Z 0000000180001d00 f i Cooking.obj
 0001:00000da0       ??_FAABBTreeBuildParams@Gu@physx@@QEAAXXZ 0000000180001da0 f i Cooking.obj
 0001:00000dd0       ??_GPxFoundation@physx@@MEAAPEAXI@Z 0000000180001dd0 f i Cooking.obj
 0001:00000e10       ??_I@YAXPEAX_K1P6AX0@Z@Z   0000000180001e10 f i Cooking.obj
 0001:00000eb0       ?FLoad@aos@physx@@YA?AT__m128@@M@Z 0000000180001eb0 f i Cooking.obj
 0001:00000ee0       ?PxMarkSerializedMemory@physx@@YAXPEAX_K@Z 0000000180001ee0 f i Cooking.obj
 0001:00000f10       ?PxMemSet@physx@@YAPEAXPEAXH_K@Z 0000000180001f10 f i Cooking.obj
 0001:00000f60       ?V3Load@aos@physx@@YA?AT__m128@@M@Z 0000000180001f60 f i Cooking.obj
 0001:00000fa0       ?V4Load@aos@physx@@YA?AT__m128@@M@Z 0000000180001fa0 f i Cooking.obj
 0001:00000fd0       ?__empty_global_delete@@YAXPEAX@Z 0000000180001fd0 f i Cooking.obj
 0001:00000fe0       ?__empty_global_delete@@YAXPEAX_K@Z 0000000180001fe0 f i Cooking.obj
 0001:00000ff0       ?__global_array_delete@@YAXPEAX@Z 0000000180001ff0 f i Cooking.obj
 0001:00001010       ?__global_array_delete@@YAXPEAX_K@Z 0000000180002010 f i Cooking.obj
 0001:00001040       ?__global_delete@@YAXPEAX@Z 0000000180002040 f i Cooking.obj
 0001:00001060       ?__global_delete@@YAXPEAX_K@Z 0000000180002060 f i Cooking.obj
 0001:00001090       ?allocate@?$PxArray@USlab@NodeAllocator@Gu@physx@@V?$PxReflectionAllocator@USlab@NodeAllocator@Gu@physx@@@4@@physx@@IEAAPEAUSlab@NodeAllocator@Gu@2@IPEAI@Z 0000000180002090 f i Cooking.obj
 0001:00001140       ?allocate@?$PxReflectionAllocator@USlab@NodeAllocator@Gu@physx@@@physx@@SAPEAX_KPEBDHPEAI@Z 0000000180002140 f i Cooking.obj
 0001:000011c0       ?begin@?$PxArray@USlab@NodeAllocator@Gu@physx@@V?$PxReflectionAllocator@USlab@NodeAllocator@Gu@physx@@@4@@physx@@QEBAPEBUSlab@NodeAllocator@Gu@2@XZ 00000001800021c0 f i Cooking.obj
 0001:000011d0       ?capacity@?$PxArray@USlab@NodeAllocator@Gu@physx@@V?$PxReflectionAllocator@USlab@NodeAllocator@Gu@physx@@@4@@physx@@QEBAIXZ 00000001800021d0 f i Cooking.obj
 0001:000011f0       ?clear@?$PxArray@USlab@NodeAllocator@Gu@physx@@V?$PxReflectionAllocator@USlab@NodeAllocator@Gu@physx@@@4@@physx@@QEAAXXZ 00000001800021f0 f i Cooking.obj
 0001:00001230       ?copy@?$PxArray@USlab@NodeAllocator@Gu@physx@@V?$PxReflectionAllocator@USlab@NodeAllocator@Gu@physx@@@4@@physx@@KAXPEAUSlab@NodeAllocator@Gu@2@0PEBU3452@@Z 0000000180002230 f i Cooking.obj
 0001:000012b0       ?deallocate@?$PxArray@USlab@NodeAllocator@Gu@physx@@V?$PxReflectionAllocator@USlab@NodeAllocator@Gu@physx@@@4@@physx@@IEAAXPEAXPEAI@Z 00000001800022b0 f i Cooking.obj
 0001:000012e0       ?deallocate@?$PxReflectionAllocator@USlab@NodeAllocator@Gu@physx@@@physx@@SAXPEAXPEAI@Z 00000001800022e0 f i Cooking.obj
 0001:00001330       ?deallocate@PxAllocator@physx@@SAXPEAXPEAI@Z 0000000180002330 f i Cooking.obj
 0001:00001380       ?destroy@?$PxArray@USlab@NodeAllocator@Gu@physx@@V?$PxReflectionAllocator@USlab@NodeAllocator@Gu@physx@@@4@@physx@@KAXPEAUSlab@NodeAllocator@Gu@2@0@Z 0000000180002380 f i Cooking.obj
 0001:000013b0       ?empty@?$PxArray@USlab@NodeAllocator@Gu@physx@@V?$PxReflectionAllocator@USlab@NodeAllocator@Gu@physx@@@4@@physx@@QEBA_NXZ 00000001800023b0 f i Cooking.obj
 0001:000013e0       ?getAABB@AABBTreeBuildNode@Gu@physx@@QEBAAEBVPxBounds3@3@XZ 00000001800023e0 f i Cooking.obj
 0001:000013f0       ?getBounds@AABBTreeBounds@Gu@physx@@QEAAPEAVPxBounds3@3@XZ 00000001800023f0 f i Cooking.obj
 0001:00001400       ?getBounds@AABBTreeBounds@Gu@physx@@QEBAPEBVPxBounds3@3@XZ 0000000180002400 f i Cooking.obj
 0001:00001410       ?getName@?$PxReflectionAllocator@USlab@NodeAllocator@Gu@physx@@@physx@@CAPEBD_N@Z 0000000180002410 f i Cooking.obj
 0001:00001440       ?getNbPrimitives@AABBTreeBuildNode@Gu@physx@@QEBAIXZ 0000000180002440 f i Cooking.obj
 0001:00001450       ?getNbRuntimePrimitives@AABBTreeBuildNode@Gu@physx@@QEBAIXZ 0000000180002450 f i Cooking.obj
 0001:00001460       ?getNeg@AABBTreeBuildNode@Gu@physx@@QEBAPEBV123@XZ 0000000180002460 f i Cooking.obj
 0001:000014a0       ?getPos@AABBTreeBuildNode@Gu@physx@@QEBAPEBV123@XZ 00000001800024a0 f i Cooking.obj
 0001:000014b0       ?getPrimitives@AABBTreeBuildNode@Gu@physx@@QEAAPEAIPEAI@Z 00000001800024b0 f i Cooking.obj
 0001:000014d0       ?getPrimitives@AABBTreeBuildNode@Gu@physx@@QEBAPEBIPEBI@Z 00000001800024d0 f i Cooking.obj
 0001:000014f0       ?grow@?$PxArray@USlab@NodeAllocator@Gu@physx@@V?$PxReflectionAllocator@USlab@NodeAllocator@Gu@physx@@@4@@physx@@IEAA_NI@Z 00000001800024f0 f i Cooking.obj
 0001:00001550       ?isInUserMemory@?$PxArray@USlab@NodeAllocator@Gu@physx@@V?$PxReflectionAllocator@USlab@NodeAllocator@Gu@physx@@@4@@physx@@QEBAIXZ 0000000180002550 f i Cooking.obj
 0001:00001570       ?isLeaf@AABBTreeBuildNode@Gu@physx@@QEBA_NXZ 0000000180002570 f i Cooking.obj
 0001:000015b0       ?memSet@intrinsics@physx@@YAPEAXPEAXH_K@Z 00000001800025b0 f i Cooking.obj
 0001:000015e0       ?moveFrom@AABBTreeBounds@Gu@physx@@QEAAXAEAV123@@Z 00000001800025e0 f i Cooking.obj
 0001:00001610       ?name@type_info@@QEBAPEBDXZ 0000000180002610 f i Cooking.obj
 0001:00001640       ?ownsMemory@AABBTreeBounds@Gu@physx@@QEBA_NXZ 0000000180002640 f i Cooking.obj
 0001:00001670       ?recreate@?$PxArray@USlab@NodeAllocator@Gu@physx@@V?$PxReflectionAllocator@USlab@NodeAllocator@Gu@physx@@@4@@physx@@IEAA_NI@Z 0000000180002670 f i Cooking.obj
 0001:000017a0       ?reserve@?$PxArray@USlab@NodeAllocator@Gu@physx@@V?$PxReflectionAllocator@USlab@NodeAllocator@Gu@physx@@@4@@physx@@QEAA_NI@Z 00000001800027a0 f i Cooking.obj
 0001:000017e0       ?reset@AABBTreeBuildParams@Gu@physx@@QEAAXXZ 00000001800027e0 f i Cooking.obj
 0001:00001850       ?setBounds@AABBTreeBounds@Gu@physx@@QEAAXPEAVPxBounds3@3@@Z 0000000180002850 f i Cooking.obj
 0001:00001880       ?setNbRunTimePrimitives@AABBTreeBuildNode@Gu@physx@@QEAAXI@Z 0000000180002880 f i Cooking.obj
 0001:000018a0       ?size@?$PxArray@USlab@NodeAllocator@Gu@physx@@V?$PxReflectionAllocator@USlab@NodeAllocator@Gu@physx@@@4@@physx@@QEBAIXZ 00000001800028a0 f i Cooking.obj
 0001:000018b0       ?takeOwnership@AABBTreeBounds@Gu@physx@@QEAAXXZ 00000001800028b0 f i Cooking.obj
 0001:000018d0       PxSetPhysXCookingDelayLoadHook 00000001800028d0 f   WindowsCookingDelayLoadHook.obj
 0001:000018f0       ?cookingDelayHook@@YAP6A_JXZIPEAUDelayLoadInfo@@@Z 00000001800028f0 f   WindowsCookingDelayLoadHook.obj
 0001:00001970       ?loadLibrary@Cm@physx@@YAPEAUHINSTANCE__@@PEBD@Z 0000000180002970 f i WindowsCookingDelayLoadHook.obj
 0001:00001990       ?physXCommonDliNotePreLoadLibrary@Cm@physx@@YAP6A_JXZPEBDPEBVPxDelayLoadHook@2@@Z 0000000180002990 f i WindowsCookingDelayLoadHook.obj
 0001:00001a1b       getInsertionCallback       0000000180002a1b f   PhysXCommon_32:PhysXCommon_32.dll
 0001:00001a21       __tailMerge_physxcommon_32_dll 0000000180002a21     PhysXCommon_32:PhysXCommon_32.dll
 0001:00001a9a       __imp_load_getInsertionCallback 0000000180002a9a f   PhysXCommon_32:PhysXCommon_32.dll
 0001:00001aa6       cookBVH                    0000000180002aa6 f   PhysXCommon_32:PhysXCommon_32.dll
 0001:00001aac       __imp_load_cookBVH         0000000180002aac f   PhysXCommon_32:PhysXCommon_32.dll
 0001:00001ab8       createBVH                  0000000180002ab8 f   PhysXCommon_32:PhysXCommon_32.dll
 0001:00001abe       __imp_load_createBVH       0000000180002abe f   PhysXCommon_32:PhysXCommon_32.dll
 0001:00001aca       cookHeightField            0000000180002aca f   PhysXCommon_32:PhysXCommon_32.dll
 0001:00001ad0       __imp_load_cookHeightField 0000000180002ad0 f   PhysXCommon_32:PhysXCommon_32.dll
 0001:00001adc       createHeightField          0000000180002adc f   PhysXCommon_32:PhysXCommon_32.dll
 0001:00001ae2       __imp_load_createHeightField 0000000180002ae2 f   PhysXCommon_32:PhysXCommon_32.dll
 0001:00001aee       cookConvexMesh             0000000180002aee f   PhysXCommon_32:PhysXCommon_32.dll
 0001:00001af4       __imp_load_cookConvexMesh  0000000180002af4 f   PhysXCommon_32:PhysXCommon_32.dll
 0001:00001b00       createConvexMesh           0000000180002b00 f   PhysXCommon_32:PhysXCommon_32.dll
 0001:00001b06       __imp_load_createConvexMesh 0000000180002b06 f   PhysXCommon_32:PhysXCommon_32.dll
 0001:00001b12       validateConvexMesh         0000000180002b12 f   PhysXCommon_32:PhysXCommon_32.dll
 0001:00001b18       __imp_load_validateConvexMesh 0000000180002b18 f   PhysXCommon_32:PhysXCommon_32.dll
 0001:00001b24       computeHullPolygons        0000000180002b24 f   PhysXCommon_32:PhysXCommon_32.dll
 0001:00001b2a       __imp_load_computeHullPolygons 0000000180002b2a f   PhysXCommon_32:PhysXCommon_32.dll
 0001:00001b36       validateTriangleMesh       0000000180002b36 f   PhysXCommon_32:PhysXCommon_32.dll
 0001:00001b3c       __imp_load_validateTriangleMesh 0000000180002b3c f   PhysXCommon_32:PhysXCommon_32.dll
 0001:00001b48       createTriangleMesh         0000000180002b48 f   PhysXCommon_32:PhysXCommon_32.dll
 0001:00001b4e       __imp_load_createTriangleMesh 0000000180002b4e f   PhysXCommon_32:PhysXCommon_32.dll
 0001:00001b5a       cookTriangleMesh           0000000180002b5a f   PhysXCommon_32:PhysXCommon_32.dll
 0001:00001b60       __imp_load_cookTriangleMesh 0000000180002b60 f   PhysXCommon_32:PhysXCommon_32.dll
 0001:00001b6c       cookTetrahedronMesh        0000000180002b6c f   PhysXCommon_32:PhysXCommon_32.dll
 0001:00001b72       __imp_load_cookTetrahedronMesh 0000000180002b72 f   PhysXCommon_32:PhysXCommon_32.dll
 0001:00001b7e       createTetrahedronMesh      0000000180002b7e f   PhysXCommon_32:PhysXCommon_32.dll
 0001:00001b84       __imp_load_createTetrahedronMesh 0000000180002b84 f   PhysXCommon_32:PhysXCommon_32.dll
 0001:00001b90       cookDeformableVolumeMesh   0000000180002b90 f   PhysXCommon_32:PhysXCommon_32.dll
 0001:00001b96       __imp_load_cookDeformableVolumeMesh 0000000180002b96 f   PhysXCommon_32:PhysXCommon_32.dll
 0001:00001ba2       createDeformableVolumeMesh 0000000180002ba2 f   PhysXCommon_32:PhysXCommon_32.dll
 0001:00001ba8       __imp_load_createDeformableVolumeMesh 0000000180002ba8 f   PhysXCommon_32:PhysXCommon_32.dll
 0001:00001bb4       computeModelsMapping       0000000180002bb4 f   PhysXCommon_32:PhysXCommon_32.dll
 0001:00001bba       __imp_load_computeModelsMapping 0000000180002bba f   PhysXCommon_32:PhysXCommon_32.dll
 0001:00001bc6       computeCollisionData       0000000180002bc6 f   PhysXCommon_32:PhysXCommon_32.dll
 0001:00001bcc       __imp_load_computeCollisionData 0000000180002bcc f   PhysXCommon_32:PhysXCommon_32.dll
 0001:00001bd8       computeSimulationData      0000000180002bd8 f   PhysXCommon_32:PhysXCommon_32.dll
 0001:00001bde       __imp_load_computeSimulationData 0000000180002bde f   PhysXCommon_32:PhysXCommon_32.dll
 0001:00001bea       assembleDeformableVolumeMesh 0000000180002bea f   PhysXCommon_32:PhysXCommon_32.dll
 0001:00001bf0       __imp_load_assembleDeformableVolumeMesh 0000000180002bf0 f   PhysXCommon_32:PhysXCommon_32.dll
 0001:00001bfc       ?release@AABBTreeBounds@Gu@physx@@QEAAXXZ 0000000180002bfc f   PhysXCommon_32:PhysXCommon_32.dll
 0001:00001c02       __imp_load_?release@AABBTreeBounds@Gu@physx@@QEAAXXZ 0000000180002c02 f   PhysXCommon_32:PhysXCommon_32.dll
 0001:00001c0e       ?PxAssert@physx@@YAXPEBD0HAEA_N@Z 0000000180002c0e f   PhysXFoundation_32:PhysXFoundation_32.dll
 0001:00001c14       __tailMerge_physxfoundation_32_dll 0000000180002c14     PhysXFoundation_32:PhysXFoundation_32.dll
 0001:00001c8d       __imp_load_?PxAssert@physx@@YAXPEBD0HAEA_N@Z 0000000180002c8d f   PhysXFoundation_32:PhysXFoundation_32.dll
 0001:00001c99       PxGetFoundation            0000000180002c99 f   PhysXFoundation_32:PhysXFoundation_32.dll
 0001:00001c9f       __imp_load_PxGetFoundation 0000000180002c9f f   PhysXFoundation_32:PhysXFoundation_32.dll
 0001:00001cab       PxGetBroadcastAllocator    0000000180002cab f   PhysXFoundation_32:PhysXFoundation_32.dll
 0001:00001cb1       __imp_load_PxGetBroadcastAllocator 0000000180002cb1 f   PhysXFoundation_32:PhysXFoundation_32.dll
 0001:00001cbd       LoadLibraryA               0000000180002cbd f   kernel32:KERNEL32.dll
 0001:00001ecc       ??$PFromRva@PEAP6A_JXZ@@YAPEAP6A_JXZK@Z 0000000180002ecc f i Delayimp:delayhlp.obj
 0001:00001edc       ??$PFromRva@PEAPEAUHINSTANCE__@@@@YAPEAPEAUHINSTANCE__@@K@Z 0000000180002edc f i Delayimp:delayhlp.obj
 0001:00001eec       ??$PFromRva@PEAU_IMAGE_IMPORT_BY_NAME@@@@YAPEAU_IMAGE_IMPORT_BY_NAME@@K@Z 0000000180002eec f i Delayimp:delayhlp.obj
 0001:00001efc       ??$PFromRva@PEAU_IMAGE_THUNK_DATA64@@@@YAPEAU_IMAGE_THUNK_DATA64@@K@Z 0000000180002efc f i Delayimp:delayhlp.obj
 0001:00001f0c       ??$PFromRva@PEBD@@YAPEBDK@Z 0000000180002f0c f i Delayimp:delayhlp.obj
 0001:00001f1c       ??$PFromRva@PEBUImgDelayDescr@@@@YAPEBUImgDelayDescr@@K@Z 0000000180002f1c f i Delayimp:delayhlp.obj
 0001:00001f2c       ??$PFromRva@PEBU_IMAGE_THUNK_DATA64@@@@YAPEBU_IMAGE_THUNK_DATA64@@K@Z 0000000180002f2c f i Delayimp:delayhlp.obj
 0001:00001fa8       ?CountOfImports@@YAIPEBU_IMAGE_THUNK_DATA64@@@Z 0000000180002fa8 f i Delayimp:delayhlp.obj
 0001:00001fbc       ?DloadAcquireSectionWriteAccess@@YAXXZ 0000000180002fbc f i Delayimp:delayhlp.obj
 0001:00002078       ?DloadGetSRWLockFunctionPointers@@YAEXZ 0000000180003078 f i Delayimp:delayhlp.obj
 0001:00002118       ?DloadLock@@YAXXZ          0000000180003118 f i Delayimp:delayhlp.obj
 0001:00002160       ?DloadMakePermanentImageCommit@@YAXPEAX_K@Z 0000000180003160 f i Delayimp:delayhlp.obj
 0001:000021f8       ?DloadObtainSection@@YAPEAXPEAK0@Z 00000001800031f8 f i Delayimp:delayhlp.obj
 0001:00002294       ?DloadProtectSection@@YAXPEAX_KKPEAK@Z 0000000180003294 f i Delayimp:delayhlp.obj
 0001:0000238c       ?DloadReleaseSectionWriteAccess@@YAXXZ 000000018000338c f i Delayimp:delayhlp.obj
 0001:00002438       ?DloadUnlock@@YAXXZ        0000000180003438 f i Delayimp:delayhlp.obj
 0001:00002478       ?IndexFromPImgThunkData@@YAIPEBU_IMAGE_THUNK_DATA64@@0@Z 0000000180003478 f i Delayimp:delayhlp.obj
 0001:00002484       ?IsBufferInBounds@@YAEPEAX_K01@Z 0000000180003484 f i Delayimp:delayhlp.obj
 0001:000025ac       HRESULT_FROM_WIN32         00000001800035ac f i Delayimp:delayhlp.obj
 0001:000025bc       ReadAcquire64              00000001800035bc f i Delayimp:delayhlp.obj
 0001:000025c0       ReadPointerAcquire         00000001800035c0 f i Delayimp:delayhlp.obj
 0001:000025c4       WritePointerRelease        00000001800035c4 f i Delayimp:delayhlp.obj
 0001:000025c8       WriteRelease64             00000001800035c8 f i Delayimp:delayhlp.obj
 0001:000025cc       __FUnloadDelayLoadedDLL2   00000001800035cc f   Delayimp:delayhlp.obj
 0001:00002684       __HrLoadAllImportsForDll   0000000180003684 f   Delayimp:delayhlp.obj
 0001:000026f8       __delayLoadHelper2         00000001800036f8 f   Delayimp:delayhlp.obj
 0001:00002a00       ??3@YAXPEAX@Z              0000000180003a00 f   MSVCRTD:delete_scalar.obj
 0001:00002a20       ??3@YAXPEAX_K@Z            0000000180003a20 f   MSVCRTD:delete_scalar_size.obj
 0001:00002a40       ??_V@YAXPEAX@Z             0000000180003a40 f   MSVCRTD:delete_array.obj
 0001:00002a60       ??_V@YAXPEAX_K@Z           0000000180003a60 f   MSVCRTD:delete_array_size.obj
 0001:00002a80       _CRT_RTC_INIT              0000000180003a80 f   MSVCRTD:init.obj
 0001:00002a90       _CRT_RTC_INITW             0000000180003a90 f   MSVCRTD:init.obj
 0001:00002aa0       _RTC_InitBase              0000000180003aa0 f   MSVCRTD:init.obj
 0001:00002ae0       _RTC_Shutdown              0000000180003ae0 f   MSVCRTD:init.obj
 0001:00002b10       ??1type_info@@UEAA@XZ      0000000180003b10 f   MSVCRTD:std_type_info_static.obj
 0001:00002b30       ??_Etype_info@@UEAAPEAXI@Z 0000000180003b30 f i MSVCRTD:std_type_info_static.obj
 0001:00002b30       ??_Gtype_info@@UEAAPEAXI@Z 0000000180003b30 f i MSVCRTD:std_type_info_static.obj
 0001:00002b70       ?__scrt_initialize_type_info@@YAXXZ 0000000180003b70 f   MSVCRTD:tncleanup.obj
 0001:00002b90       ?__scrt_uninitialize_type_info@@YAXXZ 0000000180003b90 f   MSVCRTD:tncleanup.obj
 0001:00002fc0       _CRT_INIT                  0000000180003fc0 f   MSVCRTD:dll_dllmain.obj
 0001:00002ff0       _DllMainCRTStartup         0000000180003ff0 f   MSVCRTD:dll_dllmain.obj
 0001:00003030       _guard_check_icall_nop     0000000180004030 f i MSVCRTD:guard_support.obj
 0001:00003040       ReadNoFence64              0000000180004040 f i MSVCRTD:guard_support.obj
 0001:00003060       ReadPointerNoFence         0000000180004060 f i MSVCRTD:guard_support.obj
 0001:00003080       __castguard_check_failure_debugbreak 0000000180004080 f i MSVCRTD:guard_support.obj
 0001:000030a0       __castguard_check_failure_fastfail 00000001800040a0 f i MSVCRTD:guard_support.obj
 0001:000030d0       __castguard_check_failure_nop 00000001800040d0 f i MSVCRTD:guard_support.obj
 0001:000030e0       __castguard_check_failure_os_handled 00000001800040e0 f i MSVCRTD:guard_support.obj
 0001:00003150       __castguard_check_failure_user_handled 0000000180004150 f i MSVCRTD:guard_support.obj
 0001:00003240       __castguard_set_user_handler 0000000180004240 f i MSVCRTD:guard_support.obj
 0001:00003270       __castguard_slow_path_check_debugbreak 0000000180004270 f i MSVCRTD:guard_support.obj
 0001:000032b0       __castguard_slow_path_check_fastfail 00000001800042b0 f i MSVCRTD:guard_support.obj
 0001:00003300       __castguard_slow_path_check_nop 0000000180004300 f i MSVCRTD:guard_support.obj
 0001:00003310       __castguard_slow_path_check_os_handled 0000000180004310 f i MSVCRTD:guard_support.obj
 0001:00003360       __castguard_slow_path_check_user_handled 0000000180004360 f i MSVCRTD:guard_support.obj
 0001:00003420       _guard_icall_checks_enforced 0000000180004420 f i MSVCRTD:guard_support.obj
 0001:00003460       _guard_rf_checks_enforced  0000000180004460 f i MSVCRTD:guard_support.obj
 0001:00003470       ?_RTC_GetErrorFunc@@YAP6AHHPEBDH00ZZPEBX@Z 0000000180004470 f   MSVCRTD:userapi.obj
 0001:00003480       ?_RTC_GetErrorFuncW@@YAP6AHHPEB_WH00ZZPEBX@Z 0000000180004480 f   MSVCRTD:userapi.obj
 0001:00003490       _RTC_GetErrDesc            0000000180004490 f   MSVCRTD:userapi.obj
 0001:000034b0       _RTC_NumErrors             00000001800044b0 f   MSVCRTD:userapi.obj
 0001:000034c0       _RTC_SetErrorFunc          00000001800044c0 f   MSVCRTD:userapi.obj
 0001:000034e0       _RTC_SetErrorFuncW         00000001800044e0 f   MSVCRTD:userapi.obj
 0001:00003500       _RTC_SetErrorType          0000000180004500 f   MSVCRTD:userapi.obj
 0001:000035e0       __security_init_cookie     00000001800045e0 f   MSVCRTD:gs_support.obj
 0001:00003660       DllMain                    0000000180004660 f   MSVCRTD:dll_dllmain_stub.obj
 0001:000036a0       __local_stdio_printf_options 00000001800046a0 f i MSVCRTD:default_local_stdio_options.obj
 0001:000036b0       __local_stdio_scanf_options 00000001800046b0 f i MSVCRTD:default_local_stdio_options.obj
 0001:000036c0       __scrt_initialize_default_local_stdio_options 00000001800046c0 f   MSVCRTD:default_local_stdio_options.obj
 0001:00003710       ?configure_argv@__scrt_narrow_argv_policy@@SAHXZ 0000000180004710 f i MSVCRTD:utility.obj
 0001:00003800       ?initialize_environment@__scrt_narrow_environment_policy@@SAHXZ 0000000180004800 f i MSVCRTD:utility.obj
 0001:000038a0       NtCurrentTeb               00000001800048a0 f i MSVCRTD:utility.obj
 0001:000038b0       __scrt_acquire_startup_lock 00000001800048b0 f   MSVCRTD:utility.obj
 0001:00003920       __scrt_dllmain_after_initialize_c 0000000180004920 f   MSVCRTD:utility.obj
 0001:00003950       __scrt_dllmain_before_initialize_c 0000000180004950 f   MSVCRTD:utility.obj
 0001:00003970       __scrt_dllmain_crt_thread_attach 0000000180004970 f   MSVCRTD:utility.obj
 0001:000039a0       __scrt_dllmain_crt_thread_detach 00000001800049a0 f   MSVCRTD:utility.obj
 0001:000039c0       __scrt_dllmain_exception_filter 00000001800049c0 f   MSVCRTD:utility.obj
 0001:00003a30       __scrt_dllmain_uninitialize_c 0000000180004a30 f   MSVCRTD:utility.obj
 0001:00003a60       __scrt_dllmain_uninitialize_critical 0000000180004a60 f   MSVCRTD:utility.obj
 0001:00003a80       __scrt_initialize_crt      0000000180004a80 f   MSVCRTD:utility.obj
 0001:00003ad0       __scrt_initialize_onexit_tables 0000000180004ad0 f   MSVCRTD:utility.obj
 0001:00003be0       __scrt_is_nonwritable_in_current_image 0000000180004be0 f   MSVCRTD:utility.obj
 0001:00003c70       __scrt_release_startup_lock 0000000180004c70 f   MSVCRTD:utility.obj
 0001:00003ca0       __scrt_uninitialize_crt    0000000180004ca0 f   MSVCRTD:utility.obj
 0001:00003ce0       _onexit                    0000000180004ce0 f   MSVCRTD:utility.obj
 0001:00003d60       at_quick_exit              0000000180004d60 f   MSVCRTD:utility.obj
 0001:00003db0       atexit                     0000000180004db0 f   MSVCRTD:utility.obj
 0001:00003df0       __scrt_get_dyn_tls_init_callback 0000000180004df0 f   MSVCRTD:dyn_tls_init.obj
 0001:00003e00       __crt_debugger_hook        0000000180004e00 f   MSVCRTD:utility_desktop.obj
 0001:00003e10       __scrt_fastfail            0000000180004e10 f   MSVCRTD:utility_desktop.obj
 0001:00003e20       __scrt_get_show_window_mode 0000000180004e20 f   MSVCRTD:utility_desktop.obj
 0001:00003e80       __scrt_initialize_mta      0000000180004e80 f   MSVCRTD:utility_desktop.obj
 0001:00003e90       __scrt_initialize_winrt    0000000180004e90 f   MSVCRTD:utility_desktop.obj
 0001:00003ea0       __scrt_is_managed_app      0000000180004ea0 f   MSVCRTD:utility_desktop.obj
 0001:00003f50       __scrt_set_unhandled_exception_filter 0000000180004f50 f   MSVCRTD:utility_desktop.obj
 0001:00003f70       __scrt_exe_initialize_mta  0000000180004f70 f   MSVCRTD:utility_desktop.obj
 0001:00003f70       __scrt_stub_for_initialize_mta 0000000180004f70 f   MSVCRTD:utility_desktop.obj
 0001:00003f80       __scrt_unhandled_exception_filter 0000000180004f80 f   MSVCRTD:utility_desktop.obj
 0001:00004020       _RTC_Initialize            0000000180005020 f   MSVCRTD:initsect.obj
 0001:00004070       _RTC_Terminate             0000000180005070 f   MSVCRTD:initsect.obj
 0001:00004150       ?_RTC_AllocaFailure@@YAXPEAXPEAU_RTC_ALLOCA_NODE@@H@Z 0000000180005150 f   MSVCRTD:error.obj
 0001:000042b0       ?_RTC_Failure@@YAXPEAXH@Z  00000001800052b0 f   MSVCRTD:error.obj
 0001:00004300       ?_RTC_StackFailure@@YAXPEAXPEBD@Z 0000000180005300 f   MSVCRTD:error.obj
 0001:00004740       _RTC_UninitUse             0000000180005740 f   MSVCRTD:error.obj
 0001:00004810       _vsprintf_s_l              0000000180005810 f i MSVCRTD:error.obj
 0001:00004880       sprintf_s                  0000000180005880 f i MSVCRTD:error.obj
 0001:000048b0       __isa_available_init       00000001800058b0 f   MSVCRTD:cpu_disp.obj
 0001:00004da0       _get_startup_argv_mode     0000000180005da0 f   MSVCRTD:argv_mode.obj
 0001:00004db0       __scrt_is_ucrt_dll_in_use  0000000180005db0 f   MSVCRTD:ucrt_detection.obj
 0001:00005310       ?_RTC_GetSrcLine@@YAHPEAEPEA_WKPEAH1K@Z 0000000180006310 f   MSVCRTD:pdblkup.obj
 0001:000056e0       __GSHandlerCheck           00000001800066e0 f   MSVCRTD:gshandler.obj
 0001:00005720       __GSHandlerCheckCommon     0000000180006720 f   MSVCRTD:gshandler.obj
 0001:00005830       __security_check_cookie    0000000180006830 f   MSVCRTD:amdsecgs.obj
 0001:00005850       __report_gsfailure         0000000180006850 f   MSVCRTD:gs_report.obj
 0001:00005860       __report_rangecheckfailure 0000000180006860 f   MSVCRTD:gs_report.obj
 0001:00005870       __report_securityfailure   0000000180006870 f   MSVCRTD:gs_report.obj
 0001:00005880       __report_securityfailureEx 0000000180006880 f   MSVCRTD:gs_report.obj
 0001:00005896       _purecall                  0000000180006896 f   vcruntimed:VCRUNTIME140D.dll
 0001:0000589c       memset                     000000018000689c f   vcruntimed:VCRUNTIME140D.dll
 0001:000058a2       __std_type_info_name       00000001800068a2 f   vcruntimed:VCRUNTIME140D.dll
 0001:000058a8       strstr                     00000001800068a8 f   vcruntimed:VCRUNTIME140D.dll
 0001:000058ae       __std_type_info_destroy_list 00000001800068ae f   vcruntimed:VCRUNTIME140D.dll
 0001:000058b4       __C_specific_handler       00000001800068b4 f   vcruntimed:VCRUNTIME140D.dll
 0001:000058ba       __current_exception        00000001800068ba f   vcruntimed:VCRUNTIME140D.dll
 0001:000058c0       __current_exception_context 00000001800068c0 f   vcruntimed:VCRUNTIME140D.dll
 0001:000058c6       __C_specific_handler_noexcept 00000001800068c6 f   vcruntimed:VCRUNTIME140D.dll
 0001:000058cc       __vcrt_GetModuleFileNameW  00000001800068cc f   vcruntimed:VCRUNTIME140D.dll
 0001:000058d2       __vcrt_GetModuleHandleW    00000001800068d2 f   vcruntimed:VCRUNTIME140D.dll
 0001:000058d8       __vcrt_LoadLibraryExW      00000001800068d8 f   vcruntimed:VCRUNTIME140D.dll
 0001:000058de       memcpy                     00000001800068de f   vcruntimed:VCRUNTIME140D.dll
 0001:000058e4       _free_dbg                  00000001800068e4 f   ucrtd:ucrtbased.dll
 0001:000058ea       _CrtDbgReport              00000001800068ea f   ucrtd:ucrtbased.dll
 0001:000058f0       _CrtDbgReportW             00000001800068f0 f   ucrtd:ucrtbased.dll
 0001:000058f6       _initterm                  00000001800068f6 f   ucrtd:ucrtbased.dll
 0001:000058fc       _initterm_e                00000001800068fc f   ucrtd:ucrtbased.dll
 0001:00005902       _seh_filter_dll            0000000180006902 f   ucrtd:ucrtbased.dll
 0001:00005908       _configure_narrow_argv     0000000180006908 f   ucrtd:ucrtbased.dll
 0001:0000590e       _initialize_narrow_environment 000000018000690e f   ucrtd:ucrtbased.dll
 0001:00005914       _initialize_onexit_table   0000000180006914 f   ucrtd:ucrtbased.dll
 0001:0000591a       _register_onexit_function  000000018000691a f   ucrtd:ucrtbased.dll
 0001:00005920       _execute_onexit_table      0000000180006920 f   ucrtd:ucrtbased.dll
 0001:00005926       _crt_atexit                0000000180006926 f   ucrtd:ucrtbased.dll
 0001:0000592c       _crt_at_quick_exit         000000018000692c f   ucrtd:ucrtbased.dll
 0001:00005932       _cexit                     0000000180006932 f   ucrtd:ucrtbased.dll
 0001:00005938       terminate                  0000000180006938 f   ucrtd:ucrtbased.dll
 0001:0000593e       strcpy_s                   000000018000693e f   ucrtd:ucrtbased.dll
 0001:00005944       strcat_s                   0000000180006944 f   ucrtd:ucrtbased.dll
 0001:0000594a       __stdio_common_vsprintf_s  000000018000694a f   ucrtd:ucrtbased.dll
 0001:00005950       _wmakepath_s               0000000180006950 f   ucrtd:ucrtbased.dll
 0001:00005956       _wsplitpath_s              0000000180006956 f   ucrtd:ucrtbased.dll
 0001:0000595c       wcscpy_s                   000000018000695c f   ucrtd:ucrtbased.dll
 0001:00005962       RaiseException             0000000180006962 f   kernel32:KERNEL32.dll
 0001:00005968       GetLastError               0000000180006968 f   kernel32:KERNEL32.dll
 0001:0000596e       GetSystemInfo              000000018000696e f   kernel32:KERNEL32.dll
 0001:00005974       VirtualProtect             0000000180006974 f   kernel32:KERNEL32.dll
 0001:0000597a       VirtualQuery               000000018000697a f   kernel32:KERNEL32.dll
 0001:00005980       FreeLibrary                0000000180006980 f   kernel32:KERNEL32.dll
 0001:00005986       GetModuleHandleW           0000000180006986 f   kernel32:KERNEL32.dll
 0001:0000598c       GetProcAddress             000000018000698c f   kernel32:KERNEL32.dll
 0001:00005992       LoadLibraryExA             0000000180006992 f   kernel32:KERNEL32.dll
 0001:00005998       InitializeSListHead        0000000180006998 f   kernel32:KERNEL32.dll
 0001:0000599e       QueryPerformanceCounter    000000018000699e f   kernel32:KERNEL32.dll
 0001:000059a4       GetCurrentProcessId        00000001800069a4 f   kernel32:KERNEL32.dll
 0001:000059aa       GetCurrentThreadId         00000001800069aa f   kernel32:KERNEL32.dll
 0001:000059b0       GetSystemTimeAsFileTime    00000001800069b0 f   kernel32:KERNEL32.dll
 0001:000059b6       DisableThreadLibraryCalls  00000001800069b6 f   kernel32:KERNEL32.dll
 0001:000059bc       SetUnhandledExceptionFilter 00000001800069bc f   kernel32:KERNEL32.dll
 0001:000059c2       GetStartupInfoW            00000001800069c2 f   kernel32:KERNEL32.dll
 0001:000059c8       IsDebuggerPresent          00000001800069c8 f   kernel32:KERNEL32.dll
 0001:000059ce       MultiByteToWideChar        00000001800069ce f   kernel32:KERNEL32.dll
 0001:000059d4       WideCharToMultiByte        00000001800069d4 f   kernel32:KERNEL32.dll
 0001:000059da       HeapAlloc                  00000001800069da f   kernel32:KERNEL32.dll
 0001:000059e0       HeapFree                   00000001800069e0 f   kernel32:KERNEL32.dll
 0001:000059e6       GetProcessHeap             00000001800069e6 f   kernel32:KERNEL32.dll
 0001:000059f0       __acrt_initialize          00000001800069f0 f   MSVCRTD:ucrt_stubs.obj
 0001:000059f0       __scrt_stub_for_acrt_initialize 00000001800069f0 f   MSVCRTD:ucrt_stubs.obj
 0001:000059f0       __vcrt_initialize          00000001800069f0 f   MSVCRTD:ucrt_stubs.obj
 0001:00005a00       __acrt_thread_attach       0000000180006a00 f   MSVCRTD:ucrt_stubs.obj
 0001:00005a00       __scrt_stub_for_acrt_thread_attach 0000000180006a00 f   MSVCRTD:ucrt_stubs.obj
 0001:00005a00       __vcrt_thread_attach       0000000180006a00 f   MSVCRTD:ucrt_stubs.obj
 0001:00005a10       __acrt_thread_detach       0000000180006a10 f   MSVCRTD:ucrt_stubs.obj
 0001:00005a10       __scrt_stub_for_acrt_thread_detach 0000000180006a10 f   MSVCRTD:ucrt_stubs.obj
 0001:00005a10       __vcrt_thread_detach       0000000180006a10 f   MSVCRTD:ucrt_stubs.obj
 0001:00005a20       __acrt_uninitialize        0000000180006a20 f   MSVCRTD:ucrt_stubs.obj
 0001:00005a20       __scrt_stub_for_acrt_uninitialize 0000000180006a20 f   MSVCRTD:ucrt_stubs.obj
 0001:00005a20       __vcrt_uninitialize        0000000180006a20 f   MSVCRTD:ucrt_stubs.obj
 0001:00005a30       __acrt_uninitialize_critical 0000000180006a30 f   MSVCRTD:ucrt_stubs.obj
 0001:00005a30       __scrt_stub_for_acrt_uninitialize_critical 0000000180006a30 f   MSVCRTD:ucrt_stubs.obj
 0001:00005a30       __vcrt_uninitialize_critical 0000000180006a30 f   MSVCRTD:ucrt_stubs.obj
 0001:00005a40       __scrt_stub_for_is_c_termination_complete 0000000180006a40 f   MSVCRTD:ucrt_stubs.obj
 0001:00005a40       _is_c_termination_complete 0000000180006a40 f   MSVCRTD:ucrt_stubs.obj
 0001:00005a60       _guard_dispatch_icall_nop  0000000180006a60 f   MSVCRTD:guard_dispatch.obj
 0001:00005a80       _guard_xfg_dispatch_icall_nop 0000000180006a80 f   MSVCRTD:guard_xfg_dispatch.obj
 0002:00000000       __imp_LoadLibraryA         0000000180007000     kernel32:KERNEL32.dll
 0002:00000008       __imp_HeapFree             0000000180007008     kernel32:KERNEL32.dll
 0002:00000010       __imp_HeapAlloc            0000000180007010     kernel32:KERNEL32.dll
 0002:00000018       __imp_WideCharToMultiByte  0000000180007018     kernel32:KERNEL32.dll
 0002:00000020       __imp_MultiByteToWideChar  0000000180007020     kernel32:KERNEL32.dll
 0002:00000028       __imp_IsDebuggerPresent    0000000180007028     kernel32:KERNEL32.dll
 0002:00000030       __imp_GetStartupInfoW      0000000180007030     kernel32:KERNEL32.dll
 0002:00000038       __imp_SetUnhandledExceptionFilter 0000000180007038     kernel32:KERNEL32.dll
 0002:00000040       __imp_DisableThreadLibraryCalls 0000000180007040     kernel32:KERNEL32.dll
 0002:00000048       __imp_GetSystemTimeAsFileTime 0000000180007048     kernel32:KERNEL32.dll
 0002:00000050       __imp_GetCurrentThreadId   0000000180007050     kernel32:KERNEL32.dll
 0002:00000058       __imp_GetCurrentProcessId  0000000180007058     kernel32:KERNEL32.dll
 0002:00000060       __imp_QueryPerformanceCounter 0000000180007060     kernel32:KERNEL32.dll
 0002:00000068       __imp_InitializeSListHead  0000000180007068     kernel32:KERNEL32.dll
 0002:00000070       __imp_LoadLibraryExA       0000000180007070     kernel32:KERNEL32.dll
 0002:00000078       __imp_GetProcAddress       0000000180007078     kernel32:KERNEL32.dll
 0002:00000080       __imp_GetModuleHandleW     0000000180007080     kernel32:KERNEL32.dll
 0002:00000088       __imp_FreeLibrary          0000000180007088     kernel32:KERNEL32.dll
 0002:00000090       __imp_VirtualQuery         0000000180007090     kernel32:KERNEL32.dll
 0002:00000098       __imp_VirtualProtect       0000000180007098     kernel32:KERNEL32.dll
 0002:000000a0       __imp_GetSystemInfo        00000001800070a0     kernel32:KERNEL32.dll
 0002:000000a8       __imp_GetLastError         00000001800070a8     kernel32:KERNEL32.dll
 0002:000000b0       __imp_RaiseException       00000001800070b0     kernel32:KERNEL32.dll
 0002:000000b8       __imp_GetProcessHeap       00000001800070b8     kernel32:KERNEL32.dll
 0002:000000c0       \177KERNEL32_NULL_THUNK_DATA 00000001800070c0     kernel32:KERNEL32.dll
 0002:000000c8       __imp___std_type_info_name 00000001800070c8     vcruntimed:VCRUNTIME140D.dll
 0002:000000d0       __imp_strstr               00000001800070d0     vcruntimed:VCRUNTIME140D.dll
 0002:000000d8       __imp___std_type_info_destroy_list 00000001800070d8     vcruntimed:VCRUNTIME140D.dll
 0002:000000e0       __imp___C_specific_handler 00000001800070e0     vcruntimed:VCRUNTIME140D.dll
 0002:000000e8       __imp___current_exception  00000001800070e8     vcruntimed:VCRUNTIME140D.dll
 0002:000000f0       __imp___current_exception_context 00000001800070f0     vcruntimed:VCRUNTIME140D.dll
 0002:000000f8       __imp___C_specific_handler_noexcept 00000001800070f8     vcruntimed:VCRUNTIME140D.dll
 0002:00000100       __imp___vcrt_GetModuleFileNameW 0000000180007100     vcruntimed:VCRUNTIME140D.dll
 0002:00000108       __imp___vcrt_GetModuleHandleW 0000000180007108     vcruntimed:VCRUNTIME140D.dll
 0002:00000110       __imp___vcrt_LoadLibraryExW 0000000180007110     vcruntimed:VCRUNTIME140D.dll
 0002:00000118       __imp_memcpy               0000000180007118     vcruntimed:VCRUNTIME140D.dll
 0002:00000120       __imp_memset               0000000180007120     vcruntimed:VCRUNTIME140D.dll
 0002:00000128       __imp__purecall            0000000180007128     vcruntimed:VCRUNTIME140D.dll
 0002:00000130       \177VCRUNTIME140D_NULL_THUNK_DATA 0000000180007130     vcruntimed:VCRUNTIME140D.dll
 0002:00000138       __imp__initterm_e          0000000180007138     ucrtd:ucrtbased.dll
 0002:00000140       __imp_wcscpy_s             0000000180007140     ucrtd:ucrtbased.dll
 0002:00000148       __imp__CrtDbgReportW       0000000180007148     ucrtd:ucrtbased.dll
 0002:00000150       __imp__CrtDbgReport        0000000180007150     ucrtd:ucrtbased.dll
 0002:00000158       __imp__free_dbg            0000000180007158     ucrtd:ucrtbased.dll
 0002:00000160       __imp__seh_filter_dll      0000000180007160     ucrtd:ucrtbased.dll
 0002:00000168       __imp__configure_narrow_argv 0000000180007168     ucrtd:ucrtbased.dll
 0002:00000170       __imp__wsplitpath_s        0000000180007170     ucrtd:ucrtbased.dll
 0002:00000178       __imp__wmakepath_s         0000000180007178     ucrtd:ucrtbased.dll
 0002:00000180       __imp___stdio_common_vsprintf_s 0000000180007180     ucrtd:ucrtbased.dll
 0002:00000188       __imp_strcat_s             0000000180007188     ucrtd:ucrtbased.dll
 0002:00000190       __imp_strcpy_s             0000000180007190     ucrtd:ucrtbased.dll
 0002:00000198       __imp__initialize_narrow_environment 0000000180007198     ucrtd:ucrtbased.dll
 0002:000001a0       __imp__cexit               00000001800071a0     ucrtd:ucrtbased.dll
 0002:000001a8       __imp__crt_at_quick_exit   00000001800071a8     ucrtd:ucrtbased.dll
 0002:000001b0       __imp__crt_atexit          00000001800071b0     ucrtd:ucrtbased.dll
 0002:000001b8       __imp__execute_onexit_table 00000001800071b8     ucrtd:ucrtbased.dll
 0002:000001c0       __imp__register_onexit_function 00000001800071c0     ucrtd:ucrtbased.dll
 0002:000001c8       __imp__initterm            00000001800071c8     ucrtd:ucrtbased.dll
 0002:000001d0       __imp__initialize_onexit_table 00000001800071d0     ucrtd:ucrtbased.dll
 0002:000001d8       __imp_terminate            00000001800071d8     ucrtd:ucrtbased.dll
 0002:000001e0       \177ucrtbased_NULL_THUNK_DATA 00000001800071e0     ucrtd:ucrtbased.dll
 0002:000001e8       __guard_check_icall_fptr   00000001800071e8     MSVCRTD:guard_support.obj
 0002:000001f0       __guard_xfg_check_icall_fptr 00000001800071f0     MSVCRTD:guard_support.obj
 0002:000001f8       __guard_dispatch_icall_fptr 00000001800071f8     MSVCRTD:guard_support.obj
 0002:00000200       __guard_xfg_dispatch_icall_fptr 0000000180007200     MSVCRTD:guard_support.obj
 0002:00000208       __guard_xfg_table_dispatch_icall_fptr 0000000180007208     MSVCRTD:guard_support.obj
 0002:00000210       __castguard_check_failure_os_handled_fptr 0000000180007210     MSVCRTD:guard_support.obj
 0002:00000218       __guard_memcpy_fptr        0000000180007218     vcruntimed:softmemtag.obj
 0002:00000220       __xc_a                     0000000180007220     MSVCRTD:initializers.obj
 0002:00000258       __xc_z                     0000000180007258     MSVCRTD:initializers.obj
 0002:00000260       __xi_a                     0000000180007260     MSVCRTD:initializers.obj
 0002:00000268       __xi_z                     0000000180007268     MSVCRTD:initializers.obj
 0002:00000270       __xp_a                     0000000180007270     MSVCRTD:initializers.obj
 0002:00000278       __xp_z                     0000000180007278     MSVCRTD:initializers.obj
 0002:00000280       __xt_a                     0000000180007280     MSVCRTD:initializers.obj
 0002:00000288       __xt_z                     0000000180007288     MSVCRTD:initializers.obj
 0002:000002b0       ?g_PXSinCoefficients0@aos@physx@@3UPX_VECTORF32@12@B 00000001800072b0     Cooking.obj
 0002:000002c0       ?g_PXSinCoefficients1@aos@physx@@3UPX_VECTORF32@12@B 00000001800072c0     Cooking.obj
 0002:000002d0       ?g_PXSinCoefficients2@aos@physx@@3UPX_VECTORF32@12@B 00000001800072d0     Cooking.obj
 0002:000002e0       ?g_PXCosCoefficients0@aos@physx@@3UPX_VECTORF32@12@B 00000001800072e0     Cooking.obj
 0002:000002f0       ?g_PXCosCoefficients1@aos@physx@@3UPX_VECTORF32@12@B 00000001800072f0     Cooking.obj
 0002:00000300       ?g_PXCosCoefficients2@aos@physx@@3UPX_VECTORF32@12@B 0000000180007300     Cooking.obj
 0002:00000310       ?g_PXReciprocalTwoPi@aos@physx@@3UPX_VECTORF32@12@B 0000000180007310     Cooking.obj
 0002:00000320       ?g_PXTwoPi@aos@physx@@3UPX_VECTORF32@12@B 0000000180007320     Cooking.obj
 0002:00000330       ??_7PxFoundation@physx@@6B@ 0000000180007330     Cooking.obj
 0002:000003a0       ??_C@_0DI@MOFPACNA@D?3?2Repos?2Physx?2PhysX?2physx?2incl@ 00000001800073a0     Cooking.obj
 0002:000003d8       ??_C@_0DE@FMENOIPN@PxArray?3?3allocate?3?5allocator?5re@ 00000001800073d8     Cooking.obj
 0002:00000410       ??_C@_0BM@BMFMDKFG@this?9?$DOcapacity?$CI?$CJ?5?$DM?5capacity@ 0000000180007410     Cooking.obj
 0002:00000430       ??_C@_0CP@CPGGIPKL@?$CI?$CBcapacity?$CJ?5?$HM?$HM?5?$CInewData?5?$CG?$CG?5?$CInew@ 0000000180007430     Cooking.obj
 0002:00000460       ??_C@_0BM@OIFKLHDN@?$DMallocation?5names?5disabled?$DO@ 0000000180007460     Cooking.obj
 0002:0000047c       __real@3a83126f            000000018000747c     Cooking.obj
 0002:00000480       __real@ba83126f            0000000180007480     Cooking.obj
 0002:00000488       ??_C@_0BA@EGLNOO@PhysXFoundation@ 0000000180007488     WindowsCookingDelayLoadHook.obj
 0002:00000498       ??_C@_0M@ILKNCJKN@PhysXCommon@ 0000000180007498     WindowsCookingDelayLoadHook.obj
 0002:000004b0       __sz_PhysXCommon_32_dll    00000001800074b0     PhysXCommon_32:PhysXCommon_32.dll
 0002:000004d0       __sz_PhysXFoundation_32_dll 00000001800074d0     PhysXFoundation_32:PhysXFoundation_32.dll
 0002:000004e8       ??_C@_1BK@DBDEIDLH@?$AAK?$AAE?$AAR?$AAN?$AAE?$AAL?$AA3?$AA2?$AA?4?$AAD?$AAL?$AAL@ 00000001800074e8     Delayimp:delayhlp.obj
 0002:00000508       ??_C@_0BI@OMNLIJDB@AcquireSRWLockExclusive@ 0000000180007508     Delayimp:delayhlp.obj
 0002:00000520       ??_C@_0BI@HMIEPCNJ@ReleaseSRWLockExclusive@ 0000000180007520     Delayimp:delayhlp.obj
 0002:00000538       __pfnDliFailureHook2       0000000180007538     Delayimp:delayhk1.obj
 0002:00000540       __bChangeProtectionOfWholeDloadSection 0000000180007540     Delayimp:delaygv1.obj
 0002:00000550       ??_7type_info@@6B@         0000000180007550     MSVCRTD:std_type_info_static.obj
 0002:00000558       _pDefaultRawDllMain        0000000180007558     MSVCRTD:dll_dllmain.obj
 0002:00000558       _pRawDllMain               0000000180007558     MSVCRTD:dll_dllmain.obj
 0002:00000560       _load_config_used          0000000180007560     MSVCRTD:loadcfg.obj
 0002:000006c8       ??_C@_0BJ@HEGAHDFO@Stack?5pointer?5corruption@ 00000001800076c8     MSVCRTD:userapi.obj
 0002:000006e8       ??_C@_0CK@FEGOIOPB@Cast?5to?5smaller?5type?5causing?5lo@ 00000001800076e8     MSVCRTD:userapi.obj
 0002:00000718       ??_C@_0BI@CIGMDCBH@Stack?5memory?5corruption@ 0000000180007718     MSVCRTD:userapi.obj
 0002:00000730       ??_C@_0CK@CNLNOEPB@Local?5variable?5used?5before?5init@ 0000000180007730     MSVCRTD:userapi.obj
 0002:00000760       ??_C@_0BP@OGBCLIBO@Stack?5around?5_alloca?5corrupted@ 0000000180007760     MSVCRTD:userapi.obj
 0002:00000840       ??_C@_0NN@JMPELKLB@The?5value?5of?5ESP?5was?5not?5proper@ 0000000180007840     MSVCRTD:error.obj
 0002:00000920       ??_C@_0BBN@ELNNILBE@A?5cast?5to?5a?5smaller?5data?5type?5h@ 0000000180007920     MSVCRTD:error.obj
 0002:00000a40       ??_C@_0BN@BPOGFMJL@Stack?5memory?5was?5corrupted?$AN?6@ 0000000180007a40     MSVCRTD:error.obj
 0002:00000a60       ??_C@_0DG@DAJCDLPN@A?5local?5variable?5was?5used?5befor@ 0000000180007a60     MSVCRTD:error.obj
 0002:00000a98       ??_C@_0CM@JMIDGKLA@Stack?5memory?5around?5_alloca?5was@ 0000000180007a98     MSVCRTD:error.obj
 0002:00000ac8       ??_C@_0BO@CHIONIOI@Unknown?5Runtime?5Check?5Error?$AN?6@ 0000000180007ac8     MSVCRTD:error.obj
 0002:00000af0       ??_C@_1GM@CNOOJIHC@?$AAR?$AAu?$AAn?$AAt?$AAi?$AAm?$AAe?$AA?5?$AAC?$AAh?$AAe?$AAc?$AAk?$AA?5?$AAE@ 0000000180007af0     MSVCRTD:error.obj
 0002:00000b60       ??_C@_1EA@NFKNIFJP@?$AAR?$AAu?$AAn?$AA?9?$AAT?$AAi?$AAm?$AAe?$AA?5?$AAC?$AAh?$AAe?$AAc?$AAk?$AA?5@ 0000000180007b60     MSVCRTD:error.obj
 0002:00000ba0       ??_C@_0BB@PFFGGCJP@Unknown?5Filename@ 0000000180007ba0     MSVCRTD:error.obj
 0002:00000bb8       ??_C@_0BE@GNBOBNCK@Unknown?5Module?5Name@ 0000000180007bb8     MSVCRTD:error.obj
 0002:00000bd0       ??_C@_0CA@IODNCDPG@Run?9Time?5Check?5Failure?5?$CD?$CFd?5?9?5?$CFs@ 0000000180007bd0     MSVCRTD:error.obj
 0002:00000bf0       ??_C@_0CG@IAFNJNEE@Stack?5corrupted?5near?5unknown?5va@ 0000000180007bf0     MSVCRTD:error.obj
 0002:00000c18       ??_C@_05MKKEDADM@?$CF?42X?5@ 0000000180007c18     MSVCRTD:error.obj
 0002:00000c20       ??_C@_0EJ@LJKNEOLN@Stack?5area?5around?5_alloca?5memor@ 0000000180007c20     MSVCRTD:error.obj
 0002:00000c6c       ??_C@_01EEMJAFIK@?6@       0000000180007c6c     MSVCRTD:error.obj
 0002:00000c70       ??_C@_02LLMPMKNF@?$DO?5@   0000000180007c70     MSVCRTD:error.obj
 0002:00000c78       ??_C@_08OMAHNMHJ@?6Data?3?5?$DM@ 0000000180007c78     MSVCRTD:error.obj
 0002:00000c88       ??_C@_0CK@DKGBICFE@?6Allocation?5number?5within?5this?5@ 0000000180007c88     MSVCRTD:error.obj
 0002:00000cb8       ??_C@_07DFDJCKFN@?6Size?3?5@ 0000000180007cb8     MSVCRTD:error.obj
 0002:00000cc0       ??_C@_0N@MHFFIMFG@?6Address?3?50x@ 0000000180007cc0     MSVCRTD:error.obj
 0002:00000cd0       ??_C@_0EI@CLEPFNGI@Stack?5area?5around?5_alloca?5memor@ 0000000180007cd0     MSVCRTD:error.obj
 0002:00000d18       ??_C@_0BK@ODNDAGKB@?$CFs?$CFs?$CFp?$CFs?$CFzd?$CFs?$CFd?$CFs?$CFs?$CFs?$CFs?$CFs@ 0000000180007d18     MSVCRTD:error.obj
 0002:00000d38       ??_C@_0DE@OHJBPMBP@A?5variable?5is?5being?5used?5withou@ 0000000180007d38     MSVCRTD:error.obj
 0002:00000dd0       ??_C@_1EI@MLPKHBGE@?$AAa?$AAp?$AAi?$AA?9?$AAm?$AAs?$AA?9?$AAw?$AAi?$AAn?$AA?9?$AAc?$AAo?$AAr?$AAe@ 0000000180007dd0     MSVCRTD:pdblkup.obj
 0002:00000e18       ??_C@_1BK@JHLNAEJL@?$AAa?$AAd?$AAv?$AAa?$AAp?$AAi?$AA3?$AA2?$AA?4?$AAd?$AAl?$AAl@ 0000000180007e18     MSVCRTD:pdblkup.obj
 0002:00000e38       ??_C@_0O@COHOBMLB@RegOpenKeyExW@ 0000000180007e38     MSVCRTD:pdblkup.obj
 0002:00000e48       ??_C@_0BB@GLNAEDBD@RegQueryValueExW@ 0000000180007e48     MSVCRTD:pdblkup.obj
 0002:00000e60       ??_C@_0M@HLOHPNFA@RegCloseKey@ 0000000180007e60     MSVCRTD:pdblkup.obj
 0002:00000e70       ??_C@_1HE@EBEAGLFB@?$AAS?$AAO?$AAF?$AAT?$AAW?$AAA?$AAR?$AAE?$AA?2?$AAW?$AAo?$AAw?$AA6?$AA4?$AA3@ 0000000180007e70     MSVCRTD:pdblkup.obj
 0002:00000ee8       ??_C@_1BG@EABPBLLF@?$AAP?$AAr?$AAo?$AAd?$AAu?$AAc?$AAt?$AAD?$AAi?$AAr@ 0000000180007ee8     MSVCRTD:pdblkup.obj
 0002:00000f20       ??_C@_1BC@JINFINNJ@?$AAM?$AAS?$AAP?$AAD?$AAB?$AA1?$AA4?$AA0@ 0000000180007f20     MSVCRTD:pdblkup.obj
 0002:00000f38       ??_C@_0BB@KCIACLNC@PDBOpenValidate5@ 0000000180007f38     MSVCRTD:pdblkup.obj
 0002:00000f4c       ??_C@_01KDCPPGHE@r@        0000000180007f4c     MSVCRTD:pdblkup.obj
 0002:00001000       __CastGuardVftablesStart   0000000180008000     MSVCRTD:guard_support.obj
 0002:00001080       __CastGuardVftablesEnd     0000000180008080     MSVCRTD:guard_support.obj
 0002:00001100       ??_R4type_info@@6B@        0000000180008100     MSVCRTD:std_type_info_static.obj
 0002:00001128       ??_R3type_info@@8          0000000180008128     MSVCRTD:std_type_info_static.obj
 0002:00001140       ??_R2type_info@@8          0000000180008140     MSVCRTD:std_type_info_static.obj
 0002:00001150       ??_R1A@?0A@EA@type_info@@8 0000000180008150     MSVCRTD:std_type_info_static.obj
 0002:00001174       __volatile_metadata        0000000180008174     <linker-defined>
 0002:00001660       __rtc_iaa                  0000000180008660     MSVCRTD:initsect.obj
 0002:00001678       __rtc_izz                  0000000180008678     MSVCRTD:initsect.obj
 0002:00001680       __rtc_taa                  0000000180008680     MSVCRTD:initsect.obj
 0002:00001698       __rtc_tzz                  0000000180008698     MSVCRTD:initsect.obj
 0002:00001e44       __DELAY_IMPORT_DESCRIPTOR_physxcommon_32_dll 0000000180008e44     PhysXCommon_32:PhysXCommon_32.dll
 0002:00001e64       __DELAY_IMPORT_DESCRIPTOR_physxfoundation_32_dll 0000000180008e64     PhysXFoundation_32:PhysXFoundation_32.dll
 0002:00001e84       __NULL_DELAY_IMPORT_DESCRIPTOR 0000000180008e84     PhysXCommon_32:PhysXCommon_32.dll
 0002:00001f50       \177PhysXCommon_32_NULL_THUNK_DATA_DLN 0000000180008f50     PhysXCommon_32:PhysXCommon_32.dll
 0002:00001f70       \177PhysXFoundation_32_NULL_THUNK_DATA_DLN 0000000180008f70     PhysXFoundation_32:PhysXFoundation_32.dll
 0002:000021b8       \177PhysXCommon_32_NULL_THUNK_DATA_DLB 00000001800091b8     PhysXCommon_32:PhysXCommon_32.dll
 0002:00002268       \177PhysXFoundation_32_NULL_THUNK_DATA_DLB 0000000180009268     PhysXFoundation_32:PhysXFoundation_32.dll
 0002:00002e54       __IMPORT_DESCRIPTOR_KERNEL32 0000000180009e54     kernel32:KERNEL32.dll
 0002:00002e68       __IMPORT_DESCRIPTOR_VCRUNTIME140D 0000000180009e68     vcruntimed:VCRUNTIME140D.dll
 0002:00002e7c       __IMPORT_DESCRIPTOR_ucrtbased 0000000180009e7c     ucrtd:ucrtbased.dll
 0002:00002e90       __NULL_IMPORT_DESCRIPTOR   0000000180009e90     kernel32:KERNEL32.dll
 0003:00000000       __pfnDliNotifyHook2        000000018000b000     WindowsCookingDelayLoadHook.obj
 0003:00000008       _fltused                   000000018000b008     MSVCRTD:fltused.obj
 0003:0000000c       __scrt_native_dllmain_reason 000000018000b00c     MSVCRTD:utility.obj
 0003:00000040       __security_cookie          000000018000b040     MSVCRTD:gs_cookie.obj
 0003:00000080       __security_cookie_complement 000000018000b080     MSVCRTD:gs_cookie.obj
 0003:00000090       ?_RTC_ErrorLevels@@3PAHA   000000018000b090     MSVCRTD:error.obj
 0003:000000a8       __isa_available            000000018000b0a8     MSVCRTD:cpu_disp.obj
 0003:000000ac       __isa_enabled              000000018000b0ac     MSVCRTD:cpu_disp.obj
 0003:000000b0       __memset_fast_string_threshold 000000018000b0b0     MSVCRTD:cpu_disp.obj
 0003:000000b8       __memset_nt_threshold      000000018000b0b8     MSVCRTD:cpu_disp.obj
 0003:000000c0       __isa_inverted             000000018000b0c0     MSVCRTD:cpu_disp.obj
 0003:000000d0       __scrt_ucrt_dll_is_in_use  000000018000b0d0     MSVCRTD:ucrt_stubs.obj
 0003:000000d8       ??_R0?AUSlab@NodeAllocator@Gu@physx@@@8 000000018000b0d8     Cooking.obj
 0003:00000110       ??_R0?AVtype_info@@@8      000000018000b110     MSVCRTD:std_type_info_static.obj
 0003:00000130       __imp_getInsertionCallback 000000018000b130     PhysXCommon_32:PhysXCommon_32.dll
 0003:00000138       __imp_?release@AABBTreeBounds@Gu@physx@@QEAAXXZ 000000018000b138     PhysXCommon_32:PhysXCommon_32.dll
 0003:00000140       __imp_cookBVH              000000018000b140     PhysXCommon_32:PhysXCommon_32.dll
 0003:00000148       __imp_createBVH            000000018000b148     PhysXCommon_32:PhysXCommon_32.dll
 0003:00000150       __imp_cookHeightField      000000018000b150     PhysXCommon_32:PhysXCommon_32.dll
 0003:00000158       __imp_createHeightField    000000018000b158     PhysXCommon_32:PhysXCommon_32.dll
 0003:00000160       __imp_cookConvexMesh       000000018000b160     PhysXCommon_32:PhysXCommon_32.dll
 0003:00000168       __imp_createConvexMesh     000000018000b168     PhysXCommon_32:PhysXCommon_32.dll
 0003:00000170       __imp_validateConvexMesh   000000018000b170     PhysXCommon_32:PhysXCommon_32.dll
 0003:00000178       __imp_computeHullPolygons  000000018000b178     PhysXCommon_32:PhysXCommon_32.dll
 0003:00000180       __imp_validateTriangleMesh 000000018000b180     PhysXCommon_32:PhysXCommon_32.dll
 0003:00000188       __imp_createTriangleMesh   000000018000b188     PhysXCommon_32:PhysXCommon_32.dll
 0003:00000190       __imp_cookTriangleMesh     000000018000b190     PhysXCommon_32:PhysXCommon_32.dll
 0003:00000198       __imp_cookTetrahedronMesh  000000018000b198     PhysXCommon_32:PhysXCommon_32.dll
 0003:000001a0       __imp_createTetrahedronMesh 000000018000b1a0     PhysXCommon_32:PhysXCommon_32.dll
 0003:000001a8       __imp_cookDeformableVolumeMesh 000000018000b1a8     PhysXCommon_32:PhysXCommon_32.dll
 0003:000001b0       __imp_createDeformableVolumeMesh 000000018000b1b0     PhysXCommon_32:PhysXCommon_32.dll
 0003:000001b8       __imp_computeModelsMapping 000000018000b1b8     PhysXCommon_32:PhysXCommon_32.dll
 0003:000001c0       __imp_computeCollisionData 000000018000b1c0     PhysXCommon_32:PhysXCommon_32.dll
 0003:000001c8       __imp_computeSimulationData 000000018000b1c8     PhysXCommon_32:PhysXCommon_32.dll
 0003:000001d0       __imp_assembleDeformableVolumeMesh 000000018000b1d0     PhysXCommon_32:PhysXCommon_32.dll
 0003:000001d8       \177PhysXCommon_32_NULL_THUNK_DATA_DLA 000000018000b1d8     PhysXCommon_32:PhysXCommon_32.dll
 0003:000001e0       __imp_PxGetBroadcastAllocator 000000018000b1e0     PhysXFoundation_32:PhysXFoundation_32.dll
 0003:000001e8       __imp_PxGetFoundation      000000018000b1e8     PhysXFoundation_32:PhysXFoundation_32.dll
 0003:000001f0       __imp_?PxAssert@physx@@YAXPEBD0HAEA_N@Z 000000018000b1f0     PhysXFoundation_32:PhysXFoundation_32.dll
 0003:000001f8       \177PhysXFoundation_32_NULL_THUNK_DATA_DLA 000000018000b1f8     PhysXFoundation_32:PhysXFoundation_32.dll
 0003:00000260       ?_ignore@?2??grow@?$PxArray@USlab@NodeAllocator@Gu@physx@@V?$PxReflectionAllocator@USlab@NodeAllocator@Gu@physx@@@4@@physx@@IEAA_NI@Z@4_NA 000000018000b260     Cooking.obj
 0003:00000261       ?_ignore@?4??recreate@?$PxArray@USlab@NodeAllocator@Gu@physx@@V?$PxReflectionAllocator@USlab@NodeAllocator@Gu@physx@@@4@@physx@@IEAA_NI@Z@4_NA 000000018000b261     Cooking.obj
 0003:00000270       __hmod__PhysXCommon_32_dll 000000018000b270     PhysXCommon_32:PhysXCommon_32.dll
 0003:00000278       __hmod__PhysXFoundation_32_dll 000000018000b278     PhysXFoundation_32:PhysXFoundation_32.dll
 0003:00000280       ?DloadKernel32@@3PEAUHINSTANCE__@@EA 000000018000b280     Delayimp:delayhlp.obj
 0003:00000288       ?DloadAcquireSRWLockExclusive@@3P6AXPEA_K@ZEA 000000018000b288     Delayimp:delayhlp.obj
 0003:00000290       ?DloadReleaseSRWLockExclusive@@3P6AXPEA_K@ZEA 000000018000b290     Delayimp:delayhlp.obj
 0003:00000298       ?DloadSrwLock@@3_KA        000000018000b298     Delayimp:delayhlp.obj
 0003:000002a0       ?DloadSectionLockCount@@3KA 000000018000b2a0     Delayimp:delayhlp.obj
 0003:000002a4       ?DloadSectionOldProtection@@3KA 000000018000b2a4     Delayimp:delayhlp.obj
 0003:000002a8       ?DloadSectionCommitPermanent@@3KA 000000018000b2a8     Delayimp:delayhlp.obj
 0003:000002b0       ?__type_info_root_node@@3U__type_info_node@@A 000000018000b2b0     MSVCRTD:tncleanup.obj
 0003:000002c8       __castguard_check_failure_user_handled_fptr 000000018000b2c8     MSVCRTD:guard_support.obj
 0003:000002e0       ?_OptionsStorage@?1??__local_stdio_printf_options@@9@4_KA 000000018000b2e0     MSVCRTD:default_local_stdio_options.obj
 0003:000002e8       ?_OptionsStorage@?1??__local_stdio_scanf_options@@9@4_KA 000000018000b2e8     MSVCRTD:default_local_stdio_options.obj
 0003:000002f0       __scrt_current_native_startup_state 000000018000b2f0     MSVCRTD:utility.obj
 0003:000002f8       __scrt_native_startup_lock 000000018000b2f8     MSVCRTD:utility.obj
 0003:00000338       __scrt_debugger_hook_flag  000000018000b338     MSVCRTD:utility_desktop.obj
 0003:0000033c       __favor                    000000018000b33c     MSVCRTD:cpu_disp.obj
 0003:00000340       __avx10_version            000000018000b340     MSVCRTD:cpu_disp.obj
 0003:00000358       __dyn_tls_init_callback    000000018000b358     <common>

 entry point at        0001:00002ff0

 Static symbols

 0000:ffff1000       .debug$S                   0000000180000000     PhysXCooking_32.exp
 0000:ffff1000       .debug$S                   0000000180000000     ucrtd:ucrtbased.dll
 0000:ffff1000       .debug$S                   0000000180000000     ucrtd:ucrtbased.dll
 0000:ffff1000       .debug$S                   0000000180000000     ucrtd:ucrtbased.dll
 0000:ffff1000       .debug$S                   0000000180000000     ucrtd:ucrtbased.dll
 0000:ffff1000       .debug$S                   0000000180000000     ucrtd:ucrtbased.dll
 0000:ffff1000       .debug$S                   0000000180000000     ucrtd:ucrtbased.dll
 0000:ffff1000       .debug$S                   0000000180000000     ucrtd:ucrtbased.dll
 0000:ffff1000       .debug$S                   0000000180000000     ucrtd:ucrtbased.dll
 0000:ffff1000       .debug$S                   0000000180000000     ucrtd:ucrtbased.dll
 0000:ffff1000       .debug$S                   0000000180000000     ucrtd:ucrtbased.dll
 0000:ffff1000       .debug$S                   0000000180000000     ucrtd:ucrtbased.dll
 0000:ffff1000       .debug$S                   0000000180000000     ucrtd:ucrtbased.dll
 0000:ffff1000       .debug$S                   0000000180000000     ucrtd:ucrtbased.dll
 0000:ffff1000       .debug$S                   0000000180000000     ucrtd:ucrtbased.dll
 0000:ffff1000       .debug$S                   0000000180000000     ucrtd:ucrtbased.dll
 0000:ffff1000       .debug$S                   0000000180000000     ucrtd:ucrtbased.dll
 0000:ffff1000       .debug$S                   0000000180000000     ucrtd:ucrtbased.dll
 0000:ffff1000       .debug$S                   0000000180000000     ucrtd:ucrtbased.dll
 0000:ffff1000       .debug$S                   0000000180000000     ucrtd:ucrtbased.dll
 0000:ffff1000       .debug$S                   0000000180000000     ucrtd:ucrtbased.dll
 0000:ffff1000       .debug$S                   0000000180000000     ucrtd:ucrtbased.dll
 0000:ffff1000       .debug$S                   0000000180000000     kernel32:KERNEL32.dll
 0000:ffff1000       .debug$S                   0000000180000000     kernel32:KERNEL32.dll
 0000:ffff1000       .debug$S                   0000000180000000     kernel32:KERNEL32.dll
 0000:ffff1000       .debug$S                   0000000180000000     kernel32:KERNEL32.dll
 0000:ffff1000       .debug$S                   0000000180000000     kernel32:KERNEL32.dll
 0000:ffff1000       .debug$S                   0000000180000000     kernel32:KERNEL32.dll
 0000:ffff1000       .debug$S                   0000000180000000     kernel32:KERNEL32.dll
 0000:ffff1000       .debug$S                   0000000180000000     kernel32:KERNEL32.dll
 0000:ffff1000       .debug$S                   0000000180000000     kernel32:KERNEL32.dll
 0000:ffff1000       .debug$S                   0000000180000000     kernel32:KERNEL32.dll
 0000:ffff1000       .debug$S                   0000000180000000     kernel32:KERNEL32.dll
 0000:ffff1000       .debug$S                   0000000180000000     kernel32:KERNEL32.dll
 0000:ffff1000       .debug$S                   0000000180000000     kernel32:KERNEL32.dll
 0000:ffff1000       .debug$S                   0000000180000000     kernel32:KERNEL32.dll
 0000:ffff1000       .debug$S                   0000000180000000     kernel32:KERNEL32.dll
 0000:ffff1000       .debug$S                   0000000180000000     kernel32:KERNEL32.dll
 0000:ffff1000       .debug$S                   0000000180000000     kernel32:KERNEL32.dll
 0000:ffff1000       .debug$S                   0000000180000000     kernel32:KERNEL32.dll
 0000:ffff1000       .debug$S                   0000000180000000     kernel32:KERNEL32.dll
 0000:ffff1000       .debug$S                   0000000180000000     kernel32:KERNEL32.dll
 0000:ffff1000       .debug$S                   0000000180000000     kernel32:KERNEL32.dll
 0000:ffff1000       .debug$S                   0000000180000000     kernel32:KERNEL32.dll
 0000:ffff1000       .debug$S                   0000000180000000     kernel32:KERNEL32.dll
 0000:ffff1000       .debug$S                   0000000180000000     kernel32:KERNEL32.dll
 0000:00000000       _volmd                     0000000180000000     Delayimp:delayhlp.obj
 0000:00000000       _volmd                     0000000180000000     Delayimp:delayhlp.obj
 0000:00000000       _volmd                     0000000180000000     Delayimp:delayhlp.obj
 0000:00000000       _volmd                     0000000180000000     Delayimp:delayhlp.obj
 0000:00000000       _volmd                     0000000180000000     Delayimp:delayhlp.obj
 0000:00000000       _volmd                     0000000180000000     Delayimp:delayhlp.obj
 0000:00000000       _volmd                     0000000180000000     Delayimp:delayhlp.obj
 0000:00000000       _volmd                     0000000180000000     Delayimp:delayhlp.obj
 0000:00000000       _volmd                     0000000180000000     Delayimp:delayhlp.obj
 0000:00000000       _volmd                     0000000180000000     Delayimp:delayhlp.obj
 0000:00000000       _volmd                     0000000180000000     Delayimp:delayhlp.obj
 0000:00000000       _volmd                     0000000180000000     Delayimp:delayhlp.obj
 0000:00000000       _volmd                     0000000180000000     Delayimp:delayhlp.obj
 0000:00000000       _volmd                     0000000180000000     MSVCRTD:cpu_disp.obj
 0002:ffff9000       __guard_ehcont_?dllmain_dispatch@@YAHQEAUHINSTANCE__@@KQEAX@Z 0000000180000000     MSVCRTD:dll_dllmain.obj
 0002:ffff9000       __guard_fids_?dllmain_dispatch@@YAHQEAUHINSTANCE__@@KQEAX@Z 0000000180000000     MSVCRTD:dll_dllmain.obj
 0002:ffff9000       __guard_ehcont_?notify_debugger@@YAXAEBUtagEXCEPTION_VISUALCPP_DEBUG_INFO@@@Z 0000000180000000     MSVCRTD:error.obj
 0002:ffff9000       __guard_fids__             0000000180000000     MSVCRTD:guard_support.obj
 0002:ffff9000       __guard_fids__             0000000180000000     MSVCRTD:guard_support.obj
 0002:ffff9000       __guard_fids__guard_icall_checks_enforced 0000000180000000     MSVCRTD:guard_support.obj
 0000:00000000       _volmd                     0000000180000000     MSVCRTD:guard_support.obj
 0000:00000000       _volmd                     0000000180000000     MSVCRTD:guard_support.obj
 0002:ffff9000       __guard_fids__CRT_RTC_INIT 0000000180000000     MSVCRTD:init.obj
 0002:ffff9000       __guard_fids__CRT_RTC_INITW 0000000180000000     MSVCRTD:init.obj
 0002:ffff9000       __guard_fids__             0000000180000000     MSVCRTD:std_type_info_static.obj
 0002:ffff9000       __guard_ehcont___scrt_is_nonwritable_in_current_image 0000000180000000     MSVCRTD:utility.obj
 0000:00000000       _volmd                     0000000180000000     MSVCRTD:utility.obj
 0000:00000000       _volmd                     0000000180000000     MSVCRTD:utility.obj
 0000:00000000       _volmd                     0000000180000000     MSVCRTD:utility.obj
 0002:ffff9000       __guard_fids___scrt_set_unhandled_exception_filter 0000000180000000     MSVCRTD:utility_desktop.obj
 0002:ffff9000       __guard_fids__             0000000180000000     vcruntimed:softmemtag.obj
 0000:ffff1000       .debug$S                   0000000180000000     vcruntimed:VCRUNTIME140D.dll
 0000:ffff1000       .debug$S                   0000000180000000     vcruntimed:VCRUNTIME140D.dll
 0000:ffff1000       .debug$S                   0000000180000000     vcruntimed:VCRUNTIME140D.dll
 0000:ffff1000       .debug$S                   0000000180000000     vcruntimed:VCRUNTIME140D.dll
 0000:ffff1000       .debug$S                   0000000180000000     vcruntimed:VCRUNTIME140D.dll
 0000:ffff1000       .debug$S                   0000000180000000     vcruntimed:VCRUNTIME140D.dll
 0000:ffff1000       .debug$S                   0000000180000000     vcruntimed:VCRUNTIME140D.dll
 0000:ffff1000       .debug$S                   0000000180000000     vcruntimed:VCRUNTIME140D.dll
 0000:ffff1000       .debug$S                   0000000180000000     vcruntimed:VCRUNTIME140D.dll
 0000:ffff1000       .debug$S                   0000000180000000     vcruntimed:VCRUNTIME140D.dll
 0000:ffff1000       .debug$S                   0000000180000000     vcruntimed:VCRUNTIME140D.dll
 0000:ffff1000       .debug$S                   0000000180000000     vcruntimed:VCRUNTIME140D.dll
 0000:ffff1000       .debug$S                   0000000180000000     vcruntimed:VCRUNTIME140D.dll
 0000:ffff1000       .debug$S                   0000000180000000     PhysXCommon_32:PhysXCommon_32.dll
 0000:ffff1000       .debug$S                   0000000180000000     PhysXCommon_32:PhysXCommon_32.dll
 0000:ffff1000       .debug$S                   0000000180000000     PhysXCommon_32:PhysXCommon_32.dll
 0000:ffff1000       .debug$S                   0000000180000000     PhysXCommon_32:PhysXCommon_32.dll
 0000:ffff1000       .debug$S                   0000000180000000     PhysXCommon_32:PhysXCommon_32.dll
 0000:ffff1000       .debug$S                   0000000180000000     PhysXCommon_32:PhysXCommon_32.dll
 0000:ffff1000       .debug$S                   0000000180000000     PhysXCommon_32:PhysXCommon_32.dll
 0000:ffff1000       .debug$S                   0000000180000000     PhysXCommon_32:PhysXCommon_32.dll
 0000:ffff1000       .debug$S                   0000000180000000     PhysXCommon_32:PhysXCommon_32.dll
 0000:ffff1000       .debug$S                   0000000180000000     PhysXCommon_32:PhysXCommon_32.dll
 0000:ffff1000       .debug$S                   0000000180000000     PhysXCommon_32:PhysXCommon_32.dll
 0000:ffff1000       .debug$S                   0000000180000000     PhysXCommon_32:PhysXCommon_32.dll
 0000:ffff1000       .debug$S                   0000000180000000     PhysXCommon_32:PhysXCommon_32.dll
 0000:ffff1000       .debug$S                   0000000180000000     PhysXCommon_32:PhysXCommon_32.dll
 0000:ffff1000       .debug$S                   0000000180000000     PhysXCommon_32:PhysXCommon_32.dll
 0000:ffff1000       .debug$S                   0000000180000000     PhysXCommon_32:PhysXCommon_32.dll
 0000:ffff1000       .debug$S                   0000000180000000     PhysXCommon_32:PhysXCommon_32.dll
 0000:ffff1000       .debug$S                   0000000180000000     PhysXCommon_32:PhysXCommon_32.dll
 0000:ffff1000       .debug$S                   0000000180000000     PhysXCommon_32:PhysXCommon_32.dll
 0000:ffff1000       .debug$S                   0000000180000000     PhysXCommon_32:PhysXCommon_32.dll
 0000:ffff1000       .debug$S                   0000000180000000     PhysXCommon_32:PhysXCommon_32.dll
 0000:ffff1000       .debug$S                   0000000180000000     PhysXFoundation_32:PhysXFoundation_32.dll
 0000:ffff1000       .debug$S                   0000000180000000     PhysXFoundation_32:PhysXFoundation_32.dll
 0000:ffff1000       .debug$S                   0000000180000000     PhysXFoundation_32:PhysXFoundation_32.dll
 0001:00000000       ??__EmaxFError@vecMathTests@aos@physx@@YAXXZ 0000000180001000 f   Cooking.obj
 0001:00000030       ??__EmaxV3Error@vecMathTests@aos@physx@@YAXXZ 0000000180001030 f   Cooking.obj
 0001:00000060       ??__EmaxV4Error@vecMathTests@aos@physx@@YAXXZ 0000000180001060 f   Cooking.obj
 0001:00000090       ??__EminFError@vecMathTests@aos@physx@@YAXXZ 0000000180001090 f   Cooking.obj
 0001:000000c0       ??__EminV3Error@vecMathTests@aos@physx@@YAXXZ 00000001800010c0 f   Cooking.obj
 0001:000000f0       ??__EminV4Error@vecMathTests@aos@physx@@YAXXZ 00000001800010f0 f   Cooking.obj
 0001:00001954       $LN12                      0000000180002954     WindowsCookingDelayLoadHook.obj
 0001:00001cc4       ??$GuardedWrite@V<lambda_1>@?1??__delayLoadHelper2@@YAP6A_JXZPEBUImgDelayDescr@@PEAP6A_JXZ@Z@@@YAXPEAX_KV<lambda_1>@?1??__delayLoadHelper2@@YAP6A_JXZPEBUImgDelayDescr@@PEAP6A_JXZ@Z@@Z 0000000180002cc4 f   Delayimp:delayhlp.obj
 0001:00001db0       ??$GuardedWrite@V<lambda_1>@?7??__FUnloadDelayLoadedDLL2@@YAHPEBD@Z@@@YAXPEAX_KV<lambda_1>@?7??__FUnloadDelayLoadedDLL2@@YAHPEBD@Z@@Z 0000000180002db0 f   Delayimp:delayhlp.obj
 0001:00001f3c       ??0<lambda_1>@?1??__delayLoadHelper2@@YAP6A_JXZPEBUImgDelayDescr@@PEAP6A_JXZ@Z@QEAA@AEBQEAP6A_JXZAEBQ6A_JXZ@Z 0000000180002f3c f   Delayimp:delayhlp.obj
 0001:00001f50       ??0<lambda_1>@?7??__FUnloadDelayLoadedDLL2@@YAHPEBD@Z@QEAA@AEBQEBUImgDelayDescr@@AEBI@Z 0000000180002f50 f   Delayimp:delayhlp.obj
 0001:00001f60       ??R<lambda_1>@?1??__delayLoadHelper2@@YAP6A_JXZPEBUImgDelayDescr@@PEAP6A_JXZ@Z@QEBA@XZ 0000000180002f60 f   Delayimp:delayhlp.obj
 0001:00001f6c       ??R<lambda_1>@?7??__FUnloadDelayLoadedDLL2@@YAHPEBD@Z@QEBA@XZ 0000000180002f6c f   Delayimp:delayhlp.obj
 0001:00002470       ?FLoadedAtPreferredAddress@@YA_NPEAU_IMAGE_NT_HEADERS64@@PEAUHINSTANCE__@@@Z 0000000180003470 f   Delayimp:delayhlp.obj
 0001:000024a8       ?OverlayIAT@@YAXPEAU_IMAGE_THUNK_DATA64@@PEBU1@I@Z 00000001800034a8 f   Delayimp:delayhlp.obj
 0001:000024c8       ?PiddFromDllName@@YAPEBUImgDelayDescr@@PEBD@Z 00000001800034c8 f   Delayimp:delayhlp.obj
 0001:00002568       ?PinhFromImageBase@@YAPEAU_IMAGE_NT_HEADERS64@@PEAUHINSTANCE__@@@Z 0000000180003568 f   Delayimp:delayhlp.obj
 0001:00002570       ?TimeStampOfImage@@YAKPEAU_IMAGE_NT_HEADERS64@@@Z 0000000180003570 f   Delayimp:delayhlp.obj
 0001:00002574       ?__memcmp@@YAHPEBX0_K@Z    0000000180003574 f   Delayimp:delayhlp.obj
 0001:00002598       ?__strlen@@YA_KPEBD@Z      0000000180003598 f   Delayimp:delayhlp.obj
 0001:00002bb0       ?dllmain_crt_dispatch@@YAHQEAUHINSTANCE__@@KQEAX@Z 0000000180003bb0 f   MSVCRTD:dll_dllmain.obj
 0001:00002c40       ?dllmain_crt_process_attach@@YAHQEAUHINSTANCE__@@QEAX@Z 0000000180003c40 f   MSVCRTD:dll_dllmain.obj
 0001:00002d80       ?dllmain_crt_process_detach@@YAH_N@Z 0000000180003d80 f   MSVCRTD:dll_dllmain.obj
 0001:00002e20       ?dllmain_dispatch@@YAHQEAUHINSTANCE__@@KQEAX@Z 0000000180003e20 f   MSVCRTD:dll_dllmain.obj
 0001:00002f60       ?dllmain_raw@@YAHQEAUHINSTANCE__@@KQEAX@Z 0000000180003f60 f   MSVCRTD:dll_dllmain.obj
 0001:00003110       __castguard_check_failure_os_handled_wrapper 0000000180004110 f   MSVCRTD:guard_support.obj
 0001:00003180       __castguard_check_failure_user_handled_wrapper 0000000180004180 f   MSVCRTD:guard_support.obj
 0001:000031d0       __castguard_compat_check   00000001800041d0 f   MSVCRTD:guard_support.obj
 0001:000033b0       __castguard_slow_path_compat_check 00000001800043b0 f   MSVCRTD:guard_support.obj
 0001:00003520       __get_entropy              0000000180004520 f   MSVCRTD:gs_support.obj
 0001:00003730       ?find_pe_section@@YAPEAU_IMAGE_SECTION_HEADER@@QEAE_K@Z 0000000180004730 f   MSVCRTD:utility.obj
 0001:00003810       ?is_potentially_valid_image_base@@YA_NQEAX@Z 0000000180004810 f   MSVCRTD:utility.obj
 0001:000040c0       ?DebuggerProbe@@YA_NK@Z    00000001800050c0 f   MSVCRTD:error.obj
 0001:00004100       ?DebuggerRuntime@@YA_NKHPEAXPEB_W@Z 0000000180005100 f   MSVCRTD:error.obj
 0001:000043d0       ?_getMemBlockDataString@@YAXPEAD0PEBD_K@Z 00000001800053d0 f   MSVCRTD:error.obj
 0001:00004470       ?_strlen_priv@@YA_KPEBD@Z  0000000180005470 f   MSVCRTD:error.obj
 0001:00004490       ?failwithmessage@@YAXPEAXHHPEBD@Z 0000000180005490 f   MSVCRTD:error.obj
 0001:00004710       ?notify_debugger@@YAXAEBUtagEXCEPTION_VISUALCPP_DEBUG_INFO@@@Z 0000000180005710 f   MSVCRTD:error.obj
[...]
 0002:000018f4       $unwind$?physXCommonDliNotePreLoadLibrary@Cm@physx@@YAP6A_JXZPEBDPEBVPxDelayLoadHook@2@@Z 00000001800088f4     WindowsCookingDelayLoadHook.obj
 0002:000018fc       $unwind$?cookingDelayHook@@YAP6A_JXZIPEAUDelayLoadInfo@@@Z 00000001800088fc     WindowsCookingDelayLoadHook.obj
 0002:00001904       xdata                      0000000180008904     PhysXCommon_32:PhysXCommon_32.dll
 0002:0000190c       xdata                      000000018000890c     PhysXFoundation_32:PhysXFoundation_32.dll
 0002:00001914       $unwind$__FUnloadDelayLoadedDLL2 0000000180008914     Delayimp:delayhlp.obj
 0002:0000192c       $unwind$__HrLoadAllImportsForDll 000000018000892c     Delayimp:delayhlp.obj
 0002:0000193c       $unwind$?DloadGetSRWLockFunctionPointers@@YAEXZ 000000018000893c     Delayimp:delayhlp.obj
 0002:00001948       $unwind$?DloadLock@@YAXXZ  0000000180008948     Delayimp:delayhlp.obj
 0002:00001950       $unwind$?DloadUnlock@@YAXXZ 0000000180008950     Delayimp:delayhlp.obj
 0002:00001958       $unwind$?DloadObtainSection@@YAPEAXPEAK0@Z 0000000180008958     Delayimp:delayhlp.obj
 0002:00001968       $unwind$?DloadMakePermanentImageCommit@@YAXPEAX_K@Z 0000000180008968     Delayimp:delayhlp.obj
 0002:00001974       $unwind$?DloadProtectSection@@YAXPEAX_KKPEAK@Z 0000000180008974     Delayimp:delayhlp.obj
 0002:0000198c       $unwind$?DloadAcquireSectionWriteAccess@@YAXXZ 000000018000898c     Delayimp:delayhlp.obj
 0002:00001994       $unwind$?DloadReleaseSectionWriteAccess@@YAXXZ 0000000180008994     Delayimp:delayhlp.obj
 0002:0000199c       $unwind$?PiddFromDllName@@YAPEBUImgDelayDescr@@PEBD@Z 000000018000899c     Delayimp:delayhlp.obj
 0002:000019a4       $unwind$__delayLoadHelper2 00000001800089a4     Delayimp:delayhlp.obj
 0002:000019c0       $unwind$??$GuardedWrite@V<lambda_1>@?1??__delayLoadHelper2@@YAP6A_JXZPEBUImgDelayDescr@@PEAP6A_JXZ@Z@@@YAXPEAX_KV<lambda_1>@?1??__delayLoadHelper2@@YAP6A_JXZPEBUImgDelayDescr@@PEAP6A_JXZ@Z@@Z 00000001800089c0     Delayimp:delayhlp.obj
 0002:000019d4       $unwind$??$GuardedWrite@V<lambda_1>@?7??__FUnloadDelayLoadedDLL2@@YAHPEBD@Z@@@YAXPEAX_KV<lambda_1>@?7??__FUnloadDelayLoadedDLL2@@YAHPEBD@Z@@Z 00000001800089d4     Delayimp:delayhlp.obj
 0002:000019e8       $unwind$??3@YAXPEAX@Z      00000001800089e8     MSVCRTD:delete_scalar.obj
 0002:000019f0       $unwind$??3@YAXPEAX_K@Z    00000001800089f0     MSVCRTD:delete_scalar_size.obj
 0002:000019f8       $unwind$??_V@YAXPEAX@Z     00000001800089f8     MSVCRTD:delete_array.obj
 0002:00001a00       $unwind$??_V@YAXPEAX_K@Z   0000000180008a00     MSVCRTD:delete_array_size.obj
 0002:00001a08       $unwind$_RTC_Shutdown      0000000180008a08     MSVCRTD:init.obj
 0002:00001a10       $unwind$_RTC_InitBase      0000000180008a10     MSVCRTD:init.obj
 0002:00001a18       $unwind$??_Gtype_info@@UEAAPEAXI@Z 0000000180008a18     MSVCRTD:std_type_info_static.obj
 0002:00001a20       $unwind$?__scrt_initialize_type_info@@YAXXZ 0000000180008a20     MSVCRTD:tncleanup.obj
 0002:00001a28       $unwind$?__scrt_uninitialize_type_info@@YAXXZ 0000000180008a28     MSVCRTD:tncleanup.obj
 0002:00001a30       $unwind$?dllmain_crt_process_attach@@YAHQEAUHINSTANCE__@@QEAX@Z 0000000180008a30     MSVCRTD:dll_dllmain.obj
 0002:00001a50       $unwind$?fin$0@?0??dllmain_crt_process_attach@@YAHQEAUHINSTANCE__@@QEAX@Z@4HA 0000000180008a50     MSVCRTD:dll_dllmain.obj
 0002:00001a58       $unwind$?dllmain_crt_process_detach@@YAH_N@Z 0000000180008a58     MSVCRTD:dll_dllmain.obj
 0002:00001a88       $unwind$?fin$0@?0??dllmain_crt_process_detach@@YAH_N@Z@4HA 0000000180008a88     MSVCRTD:dll_dllmain.obj
 0002:00001a90       $unwind$?fin$1@?0??dllmain_crt_process_detach@@YAH_N@Z@4HA 0000000180008a90     MSVCRTD:dll_dllmain.obj
 0002:00001a98       $unwind$?dllmain_crt_dispatch@@YAHQEAUHINSTANCE__@@KQEAX@Z 0000000180008a98     MSVCRTD:dll_dllmain.obj
 0002:00001aa0       $unwind$_CRT_INIT          0000000180008aa0     MSVCRTD:dll_dllmain.obj
 0002:00001aa8       $unwind$?dllmain_raw@@YAHQEAUHINSTANCE__@@KQEAX@Z 0000000180008aa8     MSVCRTD:dll_dllmain.obj
 0002:00001ab0       $unwind$?dllmain_dispatch@@YAHQEAUHINSTANCE__@@KQEAX@Z 0000000180008ab0     MSVCRTD:dll_dllmain.obj
 0002:00001ad0       $unwind$?filt$0@?0??dllmain_dispatch@@YAHQEAUHINSTANCE__@@KQEAX@Z@4HA 0000000180008ad0     MSVCRTD:dll_dllmain.obj
 0002:00001ad8       $unwind$_DllMainCRTStartup 0000000180008ad8     MSVCRTD:dll_dllmain.obj
 0002:00001ae0       $unwind$ReadNoFence64      0000000180008ae0     MSVCRTD:guard_support.obj
 0002:00001ae8       $unwind$ReadPointerNoFence 0000000180008ae8     MSVCRTD:guard_support.obj
 0002:00001af0       $unwind$__castguard_set_user_handler 0000000180008af0     MSVCRTD:guard_support.obj
 0002:00001af8       $unwind$_guard_icall_checks_enforced 0000000180008af8     MSVCRTD:guard_support.obj
 0002:00001b00       $unwind$__castguard_compat_check 0000000180008b00     MSVCRTD:guard_support.obj
 0002:00001b08       $unwind$__castguard_check_failure_os_handled_wrapper 0000000180008b08     MSVCRTD:guard_support.obj
 0002:00001b10       $unwind$__castguard_check_failure_user_handled_wrapper 0000000180008b10     MSVCRTD:guard_support.obj
 0002:00001b18       $unwind$__castguard_check_failure_debugbreak 0000000180008b18     MSVCRTD:guard_support.obj
 0002:00001b20       $unwind$__castguard_check_failure_fastfail 0000000180008b20     MSVCRTD:guard_support.obj
 0002:00001b28       $unwind$__castguard_check_failure_os_handled 0000000180008b28     MSVCRTD:guard_support.obj
 0002:00001b30       $unwind$__castguard_check_failure_user_handled 0000000180008b30     MSVCRTD:guard_support.obj
 0002:00001b38       $unwind$__castguard_slow_path_compat_check 0000000180008b38     MSVCRTD:guard_support.obj
 0002:00001b40       $unwind$__castguard_slow_path_check_debugbreak 0000000180008b40     MSVCRTD:guard_support.obj
 0002:00001b48       $unwind$__castguard_slow_path_check_fastfail 0000000180008b48     MSVCRTD:guard_support.obj
 0002:00001b50       $unwind$__castguard_slow_path_check_os_handled 0000000180008b50     MSVCRTD:guard_support.obj
 0002:00001b58       $unwind$__castguard_slow_path_check_user_handled 0000000180008b58     MSVCRTD:guard_support.obj
 0002:00001b60       $unwind$__security_init_cookie 0000000180008b60     MSVCRTD:gs_support.obj
 0002:00001b68       $unwind$__get_entropy      0000000180008b68     MSVCRTD:gs_support.obj
 0002:00001b70       $unwind$DllMain            0000000180008b70     MSVCRTD:dll_dllmain_stub.obj
 0002:00001b78       $unwind$__scrt_initialize_default_local_stdio_options 0000000180008b78     MSVCRTD:default_local_stdio_options.obj
 0002:00001b80       $unwind$atexit             0000000180008b80     MSVCRTD:utility.obj
 0002:00001b88       $unwind$_onexit            0000000180008b88     MSVCRTD:utility.obj
 0002:00001b90       $unwind$at_quick_exit      0000000180008b90     MSVCRTD:utility.obj
 0002:00001b98       $unwind$__scrt_is_nonwritable_in_current_image 0000000180008b98     MSVCRTD:utility.obj
 0002:00001bb8       $unwind$__scrt_is_nonwritable_in_current_image$filt$0 0000000180008bb8     MSVCRTD:utility.obj
 0002:00001bc0       $unwind$__scrt_acquire_startup_lock 0000000180008bc0     MSVCRTD:utility.obj
 0002:00001bc8       $unwind$__scrt_release_startup_lock 0000000180008bc8     MSVCRTD:utility.obj
 0002:00001bd0       $unwind$__scrt_initialize_crt 0000000180008bd0     MSVCRTD:utility.obj
 0002:00001bd8       $unwind$__scrt_uninitialize_crt 0000000180008bd8     MSVCRTD:utility.obj
 0002:00001be0       $unwind$__scrt_initialize_onexit_tables 0000000180008be0     MSVCRTD:utility.obj
 0002:00001bec       $unwind$__scrt_dllmain_exception_filter 0000000180008bec     MSVCRTD:utility.obj
 0002:00001bf4       $unwind$__scrt_dllmain_before_initialize_c 0000000180008bf4     MSVCRTD:utility.obj
 0002:00001bfc       $unwind$__scrt_dllmain_after_initialize_c 0000000180008bfc     MSVCRTD:utility.obj
 0002:00001c04       $unwind$__scrt_dllmain_uninitialize_c 0000000180008c04     MSVCRTD:utility.obj
 0002:00001c0c       $unwind$__scrt_dllmain_uninitialize_critical 0000000180008c0c     MSVCRTD:utility.obj
 0002:00001c14       $unwind$__scrt_dllmain_crt_thread_attach 0000000180008c14     MSVCRTD:utility.obj
 0002:00001c1c       $unwind$__scrt_dllmain_crt_thread_detach 0000000180008c1c     MSVCRTD:utility.obj
 0002:00001c24       $unwind$?configure_argv@__scrt_narrow_argv_policy@@SAHXZ 0000000180008c24     MSVCRTD:utility.obj
 0002:00001c2c       $unwind$?initialize_environment@__scrt_narrow_environment_policy@@SAHXZ 0000000180008c2c     MSVCRTD:utility.obj
 0002:00001c34       $unwind$?is_potentially_valid_image_base@@YA_NQEAX@Z 0000000180008c34     MSVCRTD:utility.obj
 0002:00001c3c       $unwind$?find_pe_section@@YAPEAU_IMAGE_SECTION_HEADER@@QEAE_K@Z 0000000180008c3c     MSVCRTD:utility.obj
 0002:00001c44       $unwind$__scrt_get_show_window_mode 0000000180008c44     MSVCRTD:utility_desktop.obj
 0002:00001c50       $unwind$__scrt_is_managed_app 0000000180008c50     MSVCRTD:utility_desktop.obj
 0002:00001c58       $unwind$__scrt_initialize_mta 0000000180008c58     MSVCRTD:utility_desktop.obj
 0002:00001c60       $unwind$__scrt_set_unhandled_exception_filter 0000000180008c60     MSVCRTD:utility_desktop.obj
 0002:00001c68       $unwind$__scrt_unhandled_exception_filter 0000000180008c68     MSVCRTD:utility_desktop.obj
 0002:00001c70       $unwind$_RTC_Initialize    0000000180008c70     MSVCRTD:initsect.obj
 0002:00001c7c       $unwind$_RTC_Terminate     0000000180008c7c     MSVCRTD:initsect.obj
 0002:00001c88       $xdatasym                  0000000180008c88     MSVCRTD:guard_dispatch.obj
 0002:00001c90       $xdatasym                  0000000180008c90     MSVCRTD:guard_xfg_dispatch.obj
 0002:00001c94       $unwind$_RTC_UninitUse     0000000180008c94     MSVCRTD:error.obj
 0002:00001cac       $unwind$?_RTC_StackFailure@@YAXPEAXPEBD@Z 0000000180008cac     MSVCRTD:error.obj
 0002:00001cc8       $unwind$?_RTC_AllocaFailure@@YAXPEAXPEAU_RTC_ALLOCA_NODE@@H@Z 0000000180008cc8     MSVCRTD:error.obj
 0002:00001ce0       $chain$0$?_RTC_AllocaFailure@@YAXPEAXPEAU_RTC_ALLOCA_NODE@@H@Z 0000000180008ce0     MSVCRTD:error.obj
 0002:00001cf4       $chain$1$?_RTC_AllocaFailure@@YAXPEAXPEAU_RTC_ALLOCA_NODE@@H@Z 0000000180008cf4     MSVCRTD:error.obj
 0002:00001d04       $unwind$_vsprintf_s_l      0000000180008d04     MSVCRTD:error.obj
 0002:00001d18       $unwind$sprintf_s          0000000180008d18     MSVCRTD:error.obj
 0002:00001d20       $unwind$?notify_debugger@@YAXAEBUtagEXCEPTION_VISUALCPP_DEBUG_INFO@@@Z 0000000180008d20     MSVCRTD:error.obj
 0002:00001d40       $unwind$?filt$0@?0??notify_debugger@@YAXAEBUtagEXCEPTION_VISUALCPP_DEBUG_INFO@@@Z@4HA 0000000180008d40     MSVCRTD:error.obj
 0002:00001d48       $unwind$?DebuggerProbe@@YA_NK@Z 0000000180008d48     MSVCRTD:error.obj
 0002:00001d50       $unwind$?DebuggerRuntime@@YA_NKHPEAXPEB_W@Z 0000000180008d50     MSVCRTD:error.obj
 0002:00001d58       $unwind$?failwithmessage@@YAXPEAXHHPEBD@Z 0000000180008d58     MSVCRTD:error.obj
 0002:00001d7c       $unwind$?_getMemBlockDataString@@YAXPEAD0PEBD_K@Z 0000000180008d7c     MSVCRTD:error.obj
 0002:00001d90       $chain$0$?_getMemBlockDataString@@YAXPEAD0PEBD_K@Z 0000000180008d90     MSVCRTD:error.obj
 0002:00001da4       $chain$1$?_getMemBlockDataString@@YAXPEAD0PEBD_K@Z 0000000180008da4     MSVCRTD:error.obj
 0002:00001db4       $unwind$__isa_available_init 0000000180008db4     MSVCRTD:cpu_disp.obj
 0002:00001dc4       $unwind$__scrt_is_ucrt_dll_in_use 0000000180008dc4     MSVCRTD:ucrt_detection.obj
 0002:00001dcc       $unwind$?_RTC_GetSrcLine@@YAHPEAEPEA_WKPEAH1K@Z 0000000180008dcc     MSVCRTD:pdblkup.obj
 0002:00001de4       $unwind$?GetPdbDllFromInstallPath@@YAPEAUHINSTANCE__@@XZ 0000000180008de4     MSVCRTD:pdblkup.obj
 0002:00001e08       $unwind$?GetPdbDllPathFromFilePath@@YAHPEB_WPEA_W_K@Z 0000000180008e08     MSVCRTD:pdblkup.obj
 0002:00001e20       $unwind$?GetPdbDll@@YAPEAUHINSTANCE__@@XZ 0000000180008e20     MSVCRTD:pdblkup.obj
 0002:00001e30       $unwind$__GSHandlerCheckCommon 0000000180008e30     MSVCRTD:gshandler.obj
 0002:00001e38       $unwind$__GSHandlerCheck   0000000180008e38     MSVCRTD:gshandler.obj
 0002:00001e40       $xdatasym                  0000000180008e40     MSVCRTD:amdsecgs.obj
 0002:000023a0       .edata                     00000001800093a0     PhysXCooking_32.exp
 0002:000023c8       rgpv                       00000001800093c8     PhysXCooking_32.exp
 0002:000024a4       rgszName                   00000001800094a4     PhysXCooking_32.exp
 0002:00002580       rgwOrd                     0000000180009580     PhysXCooking_32.exp
 0002:000025ee       szName                     00000001800095ee     PhysXCooking_32.exp
 0002:00002602       $N00001                    0000000180009602     PhysXCooking_32.exp
 0002:00002626       $N00002                    0000000180009626     PhysXCooking_32.exp
 0002:00002655       $N00003                    0000000180009655     PhysXCooking_32.exp
 0002:0000267c       $N00004                    000000018000967c     PhysXCooking_32.exp
 0002:000026d3       $N00005                    00000001800096d3     PhysXCooking_32.exp
 0002:000026fe       $N00006                    00000001800096fe     PhysXCooking_32.exp
 0002:00002724       $N00007                    0000000180009724     PhysXCooking_32.exp
 0002:00002743       $N00008                    0000000180009743     PhysXCooking_32.exp
 0002:00002767       $N00009                    0000000180009767     PhysXCooking_32.exp
 0002:0000278e       $N00010                    000000018000978e     PhysXCooking_32.exp
 0002:000027b7       $N00011                    00000001800097b7     PhysXCooking_32.exp
 0002:000027d6       $N00012                    00000001800097d6     PhysXCooking_32.exp
 0002:00002809       $N00013                    0000000180009809     PhysXCooking_32.exp
 0002:0000283f       $N00014                    000000018000983f     PhysXCooking_32.exp
 0002:00002877       $N00015                    0000000180009877     PhysXCooking_32.exp
 0002:000028a9       $N00016                    00000001800098a9     PhysXCooking_32.exp
 0002:000028d5       $N00017                    00000001800098d5     PhysXCooking_32.exp
 0002:000028f1       $N00018                    00000001800098f1     PhysXCooking_32.exp
 0002:0000291b       $N00019                    000000018000991b     PhysXCooking_32.exp
 0002:00002957       $N00020                    0000000180009957     PhysXCooking_32.exp
 0002:00002992       $N00021                    0000000180009992     PhysXCooking_32.exp
 0002:000029cd       $N00022                    00000001800099cd     PhysXCooking_32.exp
 0002:00002a02       $N00023                    0000000180009a02     PhysXCooking_32.exp
 0002:00002a3e       $N00024                    0000000180009a3e     PhysXCooking_32.exp
 0002:00002a71       $N00025                    0000000180009a71     PhysXCooking_32.exp
 0002:00002aa4       $N00026                    0000000180009aa4     PhysXCooking_32.exp
 0002:00002ade       $N00027                    0000000180009ade     PhysXCooking_32.exp
 0002:00002b18       $N00028                    0000000180009b18     PhysXCooking_32.exp
 0002:00002b45       $N00029                    0000000180009b45     PhysXCooking_32.exp
 0002:00002b78       $N00030                    0000000180009b78     PhysXCooking_32.exp
 0002:00002ba6       $N00031                    0000000180009ba6     PhysXCooking_32.exp
 0002:00002bd3       $N00032                    0000000180009bd3     PhysXCooking_32.exp
 0002:00002c0f       $N00033                    0000000180009c0f     PhysXCooking_32.exp
 0002:00002c4c       $N00034                    0000000180009c4c     PhysXCooking_32.exp
 0002:00002c7c       $N00035                    0000000180009c7c     PhysXCooking_32.exp
 0002:00002c9b       $N00036                    0000000180009c9b     PhysXCooking_32.exp
 0002:00002cb2       $N00037                    0000000180009cb2     PhysXCooking_32.exp
 0002:00002cc8       $N00038                    0000000180009cc8     PhysXCooking_32.exp
 0002:00002cdf       $N00039                    0000000180009cdf     PhysXCooking_32.exp
 0002:00002cf7       $N00040                    0000000180009cf7     PhysXCooking_32.exp
 0002:00002d01       $N00041                    0000000180009d01     PhysXCooking_32.exp
 0002:00002d12       $N00042                    0000000180009d12     PhysXCooking_32.exp
 0002:00002d2d       $N00043                    0000000180009d2d     PhysXCooking_32.exp
 0002:00002d3f       $N00044                    0000000180009d3f     PhysXCooking_32.exp
 0002:00002d55       $N00045                    0000000180009d55     PhysXCooking_32.exp
 0002:00002d68       $N00046                    0000000180009d68     PhysXCooking_32.exp
 0002:00002d74       $N00047                    0000000180009d74     PhysXCooking_32.exp
 0002:00002d87       $N00048                    0000000180009d87     PhysXCooking_32.exp
 0002:00002da4       $N00049                    0000000180009da4     PhysXCooking_32.exp
 0002:00002db8       $N00050                    0000000180009db8     PhysXCooking_32.exp
 0002:00002dd0       $N00051                    0000000180009dd0     PhysXCooking_32.exp
 0002:00002de5       $N00052                    0000000180009de5     PhysXCooking_32.exp
 0002:00002e06       $N00053                    0000000180009e06     PhysXCooking_32.exp
 0002:00002e25       $N00054                    0000000180009e25     PhysXCooking_32.exp
 0002:00002e3a       $N00055                    0000000180009e3a     PhysXCooking_32.exp
 0002:000030a0       .idata$6                   000000018000a0a0     kernel32:KERNEL32.dll
 0002:000031c0       .idata$6                   000000018000a1c0     vcruntimed:VCRUNTIME140D.dll
 0002:0000335c       .idata$6                   000000018000a35c     ucrtd:ucrtbased.dll
 0003:00000200       ?maxV3Error@vecMathTests@aos@physx@@3T__m128@@B 000000018000b200     Cooking.obj
 0003:00000210       ?minFError@vecMathTests@aos@physx@@3T__m128@@B 000000018000b210     Cooking.obj
 0003:00000220       ?maxV4Error@vecMathTests@aos@physx@@3T__m128@@B 000000018000b220     Cooking.obj
 0003:00000230       ?minV4Error@vecMathTests@aos@physx@@3T__m128@@B 000000018000b230     Cooking.obj
 0003:00000240       ?minV3Error@vecMathTests@aos@physx@@3T__m128@@B 000000018000b240     Cooking.obj
 0003:00000250       ?maxFError@vecMathTests@aos@physx@@3T__m128@@B 000000018000b250     Cooking.obj
 0003:00000268       ?gCookingDelayLoadHook@@3PEBVPxDelayLoadHook@physx@@EB 000000018000b268     WindowsCookingDelayLoadHook.obj
 0003:000002ac       ?init@?1??_RTC_InitBase@@9@4_NA 000000018000b2ac     MSVCRTD:init.obj
 0003:000002c0       ?__proc_attached@@3HA      000000018000b2c0     MSVCRTD:dll_dllmain.obj
 0003:000002d0       ?_RTC_ErrorReportFunc@@3P6AHHPEBDH00ZZEA 000000018000b2d0     MSVCRTD:userapi.obj
 0003:000002d8       ?_RTC_ErrorReportFuncW@@3P6AHHPEB_WH00ZZEA 000000018000b2d8     MSVCRTD:userapi.obj
 0003:00000300       ?is_initialized_as_dll@@3_NA 000000018000b300     MSVCRTD:utility.obj
 0003:00000301       ?module_local_atexit_table_initialized@@3_NA 000000018000b301     MSVCRTD:utility.obj
 0003:00000308       ?module_local_atexit_table@@3U_onexit_table_t@@A 000000018000b308     MSVCRTD:utility.obj
 0003:00000320       ?module_local_at_quick_exit_table@@3U_onexit_table_t@@A 000000018000b320     MSVCRTD:utility.obj
 0003:00000348       ?mspdb@@3PEAUHINSTANCE__@@EA 000000018000b348     MSVCRTD:pdblkup.obj
 0003:00000350       ?alreadyTried@?1??GetPdbDll@@YAPEAUHINSTANCE__@@XZ@4_NA 000000018000b350     MSVCRTD:pdblkup.obj
 0003:00000351       ?PDBOK@?1??_RTC_GetSrcLine@@YAHPEAEPEA_WKPEAH1K@Z@4_NA 000000018000b351     MSVCRTD:pdblkup.obj
 0005:000000a0       $R000000                   000000018000d0a0     PhysXCooking.res
 0005:000003d8       $R000338                   000000018000d3d8     PhysXCooking.res
