 PhysXCooking_32

 Timestamp is 6a8ad80b (Sun Aug 23 19:22:51 2026)

 Preferred load address is 0000000180000000

 Start         Length     Name                   Class
 0001:00000000 00000060H .text$di                CODE
 0001:00000060 00001de0H .text$mn                CODE
 0001:00001e40 00000036H .text$mn$00             CODE
 0001:00001e76 00000092H .text$x                 CODE
 0002:00000000 00000118H .idata$5                DATA
 0002:00000118 00000038H .00cfg                  DATA
 0002:00000150 00000008H .CRT$XCA                DATA
 0002:00000158 00000030H .CRT$XCU                DATA
 0002:00000188 00000008H .CRT$XCZ                DATA
 0002:00000190 00000008H .CRT$XIA                DATA
 0002:00000198 00000008H .CRT$XIZ                DATA
 0002:000001a0 00000008H .CRT$XPA                DATA
 0002:000001a8 00000008H .CRT$XPZ                DATA
 0002:000001b0 00000008H .CRT$XTA                DATA
 0002:000001b8 00000008H .CRT$XTZ                DATA
 0002:000001c0 00000000H .gehcont$y              DATA
 0002:000001c0 00000000H .gfids$y                DATA
 0002:000001c0 00000440H .rdata                  DATA
 0002:00000600 00000000H .rdata$CastGuardVftablesA DATA
 0002:00000600 00000000H .rdata$CastGuardVftablesC DATA
 0002:00000600 00000074H .rdata$r                DATA
 0002:00000674 0000008cH .rdata$voltmd           DATA
 0002:00000700 000003b0H .rdata$zzzdbg           DATA
 0002:00000ab0 00000008H .rtc$IAA                DATA
 0002:00000ab8 00000008H .rtc$IZZ                DATA
 0002:00000ac0 00000008H .rtc$TAA                DATA
 0002:00000ac8 00000008H .rtc$TZZ                DATA
 0002:00000ad0 000002c8H .xdata                  DATA
 0002:00000d98 00000040H .didat$2                DATA
 0002:00000dd8 00000020H .didat$3                DATA
 0002:00000df8 000000c8H .didat$4                DATA
 0002:00000ec0 00000210H .didat$6                DATA
 0002:000010d0 000001e0H .didat$7                DATA
 0002:000012b0 00000ab4H .edata                  DATA
 0002:00001d64 00000050H .idata$2                DATA
 0002:00001db4 00000014H .idata$3                DATA
 0002:00001dc8 00000118H .idata$4                DATA
 0002:00001ee0 000002bcH .idata$6                DATA
 0003:00000000 000000b8H .data                   DATA
 0003:000000b8 00000038H .data$r                 DATA
 0003:000000f0 00000020H .data$rs                DATA
 0003:00000110 000000d0H .didat$5                DATA
 0003:000001e0 00000138H .bss                    DATA
 0004:00000000 000002e8H .pdata                  DATA
 0005:00000000 000000a0H .rsrc$01                DATA
 0005:000000a0 000004b8H .rsrc$02                DATA

  Address         Publics by Value              Rva+Base               Lib:Object

 0000:00000000       __AbsoluteZero             0000000000000000     <absolute>
 0000:00000000       ___safe_se_handler_count   0000000000000000     <absolute>
 0000:00000000       ___safe_se_handler_table   0000000000000000     <absolute>
 0000:00000000       __arm64x_extra_rfe_table   0000000000000000     <absolute>
 0000:00000000       __arm64x_extra_rfe_table_size 0000000000000000     <absolute>
 0000:00000000       __arm64x_native_entrypoint 0000000000000000     <absolute>
 0000:00000000       __arm64x_redirection_metadata 0000000000000000     <absolute>
 0000:00000000       __arm64x_redirection_metadata_count 0000000000000000     <absolute>
 0000:00000000       __dynamic_value_reloc_table 0000000000000000     <absolute>
 0000:00000000       __enclave_config           0000000000000000     <absolute>
 0000:00000000       __guard_check_icall_a64n_fptr 0000000000000000     <absolute>
 0000:00000000       __guard_eh_cont_count      0000000000000000     <absolute>
 0000:00000000       __guard_eh_cont_table      0000000000000000     <absolute>
 0000:00000000       __guard_fids_count         0000000000000000     <absolute>
 0000:00000000       __guard_fids_table         0000000000000000     <absolute>
 0000:00000000       __guard_iat_count          0000000000000000     <absolute>
 0000:00000000       __guard_iat_table          0000000000000000     <absolute>
 0000:00000000       __guard_longjmp_count      0000000000000000     <absolute>
 0000:00000000       __guard_longjmp_table      0000000000000000     <absolute>
 0000:00000000       __hybrid_auxiliary_delayload_iat 0000000000000000     <absolute>
 0000:00000000       __hybrid_auxiliary_delayload_iat_copy 0000000000000000     <absolute>
 0000:00000000       __hybrid_auxiliary_iat     0000000000000000     <absolute>
 0000:00000000       __hybrid_auxiliary_iat_copy 0000000000000000     <absolute>
 0000:00000000       __hybrid_code_map          0000000000000000     <absolute>
 0000:00000000       __hybrid_code_map_count    0000000000000000     <absolute>
 0000:00000000       __hybrid_image_info_bitfield 0000000000000000     <absolute>
 0000:00000000       __x64_code_ranges_to_entry_points 0000000000000000     <absolute>
 0000:00000000       __x64_code_ranges_to_entry_points_count 0000000000000000     <absolute>
 0000:00000100       __guard_flags              0000000000000100     <absolute>
 0000:00000000       __ImageBase                0000000180000000     <linker-defined>
 0001:00000060       ??$copy@V?$PxReflectionAllocator@USlab@NodeAllocator@Gu@physx@@@physx@@@?$PxArray@USlab@NodeAllocator@Gu@physx@@V?$PxReflectionAllocator@USlab@NodeAllocator@Gu@physx@@@4@@physx@@IEAAXAEBV01@@Z 0000000180001060 f i Cooking.obj
 0001:000000e0       ??0AABBTreeBounds@Gu@physx@@QEAA@XZ 00000001800010e0 f i Cooking.obj
 0001:000000f0       ??0AABBTreeBuildNode@Gu@physx@@QEAA@AEBV012@@Z 00000001800010f0 f i Cooking.obj
 0001:000000f0       ??4AABBTreeBuildNode@Gu@physx@@QEAAAEAV012@AEBV012@@Z 00000001800010f0 f i Cooking.obj
 0001:00000130       ??0AABBTreeBuildNode@Gu@physx@@QEAA@XZ 0000000180001130 f i Cooking.obj
 0001:00000130       ??4PxFoundation@physx@@QEAAAEAV01@AEBV01@@Z 0000000180001130 f i Cooking.obj
 0001:00000130       ?getAABB@AABBTreeBuildNode@Gu@physx@@QEBAAEBVPxBounds3@3@XZ 0000000180001130 f i Cooking.obj
 0001:00000140       ??0AABBTreeBuildParams@Gu@physx@@QEAA@IIPEBVAABBTreeBounds@12@W4BVHBuildStrategy@12@@Z 0000000180001140 f i Cooking.obj
 0001:00000160       ??0NodeAllocator@Gu@physx@@QEAA@AEBV012@@Z 0000000180001160 f i Cooking.obj
 0001:000001a0       ??0PxFoundation@physx@@QEAA@AEBV01@@Z 00000001800011a0 f i Cooking.obj
 0001:000001a0       ??0PxFoundation@physx@@QEAA@XZ 00000001800011a0 f i Cooking.obj
 0001:000001b0       ??1AABBTreeBounds@Gu@physx@@QEAA@XZ 00000001800011b0 f i Cooking.obj
 0001:000001c0       ??1AABBTreeBuildNode@Gu@physx@@QEAA@XZ 00000001800011c0 f i Cooking.obj
 0001:000001c0       _guard_check_icall_nop     00000001800011c0 f i MSVCRT:guard_support.obj
 0001:000001d0       ??1AABBTreeBuildParams@Gu@physx@@QEAA@XZ 00000001800011d0 f i Cooking.obj
 0001:000001d0       ?reset@AABBTreeBuildParams@Gu@physx@@QEAAXXZ 00000001800011d0 f i Cooking.obj
 0001:00000220       ??1PxFoundation@physx@@MEAA@XZ 0000000180001220 f i Cooking.obj
 0001:00000230       ??4AABBTreeBounds@Gu@physx@@QEAAAEAV012@AEBV012@@Z 0000000180001230 f i Cooking.obj
 0001:00000240       ??4AABBTreeBuildParams@Gu@physx@@QEAAAEAV012@AEBV012@@Z 0000000180001240 f i Cooking.obj
 0001:00000260       ??4NodeAllocator@Gu@physx@@QEAAAEAV012@AEBV012@@Z 0000000180001260 f i Cooking.obj
 0001:00000300       ??_EPxFoundation@physx@@MEAAPEAXI@Z 0000000180001300 f i Cooking.obj
 0001:00000390       ??_FAABBTreeBuildParams@Gu@physx@@QEAAXXZ 0000000180001390 f i Cooking.obj
 0001:000003b0       ?allocate@?$PxArray@USlab@NodeAllocator@Gu@physx@@V?$PxReflectionAllocator@USlab@NodeAllocator@Gu@physx@@@4@@physx@@IEAAPEAUSlab@NodeAllocator@Gu@2@IPEAI@Z 00000001800013b0 f i Cooking.obj
 0001:00000470       ?getBounds@AABBTreeBounds@Gu@physx@@QEAAPEAVPxBounds3@3@XZ 0000000180001470 f i Cooking.obj
 0001:00000470       ?getBounds@AABBTreeBounds@Gu@physx@@QEBAPEBVPxBounds3@3@XZ 0000000180001470 f i Cooking.obj
 0001:00000480       ?getNbPrimitives@AABBTreeBuildNode@Gu@physx@@QEBAIXZ 0000000180001480 f i Cooking.obj
 0001:00000480       ?getNbRuntimePrimitives@AABBTreeBuildNode@Gu@physx@@QEBAIXZ 0000000180001480 f i Cooking.obj
 0001:00000490       ?getNeg@AABBTreeBuildNode@Gu@physx@@QEBAPEBV123@XZ 0000000180001490 f i Cooking.obj
 0001:000004b0       ?getPos@AABBTreeBuildNode@Gu@physx@@QEBAPEBV123@XZ 00000001800014b0 f i Cooking.obj
 0001:000004c0       ?getPrimitives@AABBTreeBuildNode@Gu@physx@@QEAAPEAIPEAI@Z 00000001800014c0 f i Cooking.obj
 0001:000004c0       ?getPrimitives@AABBTreeBuildNode@Gu@physx@@QEBAPEBIPEBI@Z 00000001800014c0 f i Cooking.obj
 0001:000004d0       ?isLeaf@AABBTreeBuildNode@Gu@physx@@QEBA_NXZ 00000001800014d0 f i Cooking.obj
 0001:000004e0       ?moveFrom@AABBTreeBounds@Gu@physx@@QEAAXAEAV123@@Z 00000001800014e0 f i Cooking.obj
 0001:000004f0       ?ownsMemory@AABBTreeBounds@Gu@physx@@QEBA_NXZ 00000001800014f0 f i Cooking.obj
 0001:00000500       ?recreate@?$PxArray@USlab@NodeAllocator@Gu@physx@@V?$PxReflectionAllocator@USlab@NodeAllocator@Gu@physx@@@4@@physx@@IEAA_NI@Z 0000000180001500 f i Cooking.obj
 0001:000005c0       ?setBounds@AABBTreeBounds@Gu@physx@@QEAAXPEAVPxBounds3@3@@Z 00000001800015c0 f i Cooking.obj
 0001:000005d0       ?setNbRunTimePrimitives@AABBTreeBuildNode@Gu@physx@@QEAAXI@Z 00000001800015d0 f i Cooking.obj
 0001:000005e0       ?takeOwnership@AABBTreeBounds@Gu@physx@@QEAAXXZ 00000001800015e0 f i Cooking.obj
 0001:000005f0       PxAssembleDeformableVolumeMesh 00000001800015f0 f   Cooking.obj
 0001:00000600       PxComputeCollisionData     0000000180001600 f   Cooking.obj
 0001:00000610       PxComputeHullPolygons      0000000180001610 f   Cooking.obj
 0001:00000620       PxComputeModelsMapping     0000000180001620 f   Cooking.obj
 0001:00000630       PxComputeSimulationData    0000000180001630 f   Cooking.obj
 0001:00000640       PxCookBVH                  0000000180001640 f   Cooking.obj
 0001:00000650       PxCookConvexMesh           0000000180001650 f   Cooking.obj
 0001:00000660       PxCookDeformableVolumeMesh 0000000180001660 f   Cooking.obj
 0001:00000670       PxCookHeightField          0000000180001670 f   Cooking.obj
 0001:00000680       PxCookTetrahedronMesh      0000000180001680 f   Cooking.obj
 0001:00000690       PxCookTriangleMesh         0000000180001690 f   Cooking.obj
 0001:000006a0       PxCreateBVH                00000001800016a0 f   Cooking.obj
 0001:000006b0       PxCreateConvexMesh         00000001800016b0 f   Cooking.obj
 0001:000006c0       PxCreateDeformableVolumeMesh 00000001800016c0 f   Cooking.obj
 0001:000006d0       PxCreateHeightField        00000001800016d0 f   Cooking.obj
 0001:000006e0       PxCreateTetrahedronMesh    00000001800016e0 f   Cooking.obj
 0001:000006f0       PxCreateTriangleMesh       00000001800016f0 f   Cooking.obj
 0001:00000700       PxGetStandaloneInsertionCallback 0000000180001700 f   Cooking.obj
 0001:00000710       PxValidateConvexMesh       0000000180001710 f   Cooking.obj
 0001:00000720       PxValidateTriangleMesh     0000000180001720 f   Cooking.obj
 0001:00000730       ?cookingDelayHook@@YAP6A_JXZIPEAUDelayLoadInfo@@@Z 0000000180001730 f   WindowsCookingDelayLoadHook.obj
 0001:00000810       PxSetPhysXCookingDelayLoadHook 0000000180001810 f   WindowsCookingDelayLoadHook.obj
 0001:00000818       getInsertionCallback       0000000180001818 f   PhysXCommon_32:PhysXCommon_32.dll
 0001:0000081e       __tailMerge_physxcommon_32_dll 000000018000181e     PhysXCommon_32:PhysXCommon_32.dll
 0001:00000897       __imp_load_getInsertionCallback 0000000180001897 f   PhysXCommon_32:PhysXCommon_32.dll
 0001:000008a3       cookBVH                    00000001800018a3 f   PhysXCommon_32:PhysXCommon_32.dll
 0001:000008a9       __imp_load_cookBVH         00000001800018a9 f   PhysXCommon_32:PhysXCommon_32.dll
 0001:000008b5       createBVH                  00000001800018b5 f   PhysXCommon_32:PhysXCommon_32.dll
 0001:000008bb       __imp_load_createBVH       00000001800018bb f   PhysXCommon_32:PhysXCommon_32.dll
 0001:000008c7       cookHeightField            00000001800018c7 f   PhysXCommon_32:PhysXCommon_32.dll
 0001:000008cd       __imp_load_cookHeightField 00000001800018cd f   PhysXCommon_32:PhysXCommon_32.dll
 0001:000008d9       createHeightField          00000001800018d9 f   PhysXCommon_32:PhysXCommon_32.dll
 0001:000008df       __imp_load_createHeightField 00000001800018df f   PhysXCommon_32:PhysXCommon_32.dll
 0001:000008eb       cookConvexMesh             00000001800018eb f   PhysXCommon_32:PhysXCommon_32.dll
 0001:000008f1       __imp_load_cookConvexMesh  00000001800018f1 f   PhysXCommon_32:PhysXCommon_32.dll
 0001:000008fd       createConvexMesh           00000001800018fd f   PhysXCommon_32:PhysXCommon_32.dll
 0001:00000903       __imp_load_createConvexMesh 0000000180001903 f   PhysXCommon_32:PhysXCommon_32.dll
 0001:0000090f       validateConvexMesh         000000018000190f f   PhysXCommon_32:PhysXCommon_32.dll
 0001:00000915       __imp_load_validateConvexMesh 0000000180001915 f   PhysXCommon_32:PhysXCommon_32.dll
 0001:00000921       computeHullPolygons        0000000180001921 f   PhysXCommon_32:PhysXCommon_32.dll
 0001:00000927       __imp_load_computeHullPolygons 0000000180001927 f   PhysXCommon_32:PhysXCommon_32.dll
 0001:00000933       validateTriangleMesh       0000000180001933 f   PhysXCommon_32:PhysXCommon_32.dll
 0001:00000939       __imp_load_validateTriangleMesh 0000000180001939 f   PhysXCommon_32:PhysXCommon_32.dll
 0001:00000945       createTriangleMesh         0000000180001945 f   PhysXCommon_32:PhysXCommon_32.dll
 0001:0000094b       __imp_load_createTriangleMesh 000000018000194b f   PhysXCommon_32:PhysXCommon_32.dll
 0001:00000957       cookTriangleMesh           0000000180001957 f   PhysXCommon_32:PhysXCommon_32.dll
 0001:0000095d       __imp_load_cookTriangleMesh 000000018000195d f   PhysXCommon_32:PhysXCommon_32.dll
 0001:00000969       cookTetrahedronMesh        0000000180001969 f   PhysXCommon_32:PhysXCommon_32.dll
 0001:0000096f       __imp_load_cookTetrahedronMesh 000000018000196f f   PhysXCommon_32:PhysXCommon_32.dll
 0001:0000097b       createTetrahedronMesh      000000018000197b f   PhysXCommon_32:PhysXCommon_32.dll
 0001:00000981       __imp_load_createTetrahedronMesh 0000000180001981 f   PhysXCommon_32:PhysXCommon_32.dll
 0001:0000098d       cookDeformableVolumeMesh   000000018000198d f   PhysXCommon_32:PhysXCommon_32.dll
 0001:00000993       __imp_load_cookDeformableVolumeMesh 0000000180001993 f   PhysXCommon_32:PhysXCommon_32.dll
 0001:0000099f       createDeformableVolumeMesh 000000018000199f f   PhysXCommon_32:PhysXCommon_32.dll
 0001:000009a5       __imp_load_createDeformableVolumeMesh 00000001800019a5 f   PhysXCommon_32:PhysXCommon_32.dll
 0001:000009b1       computeModelsMapping       00000001800019b1 f   PhysXCommon_32:PhysXCommon_32.dll
 0001:000009b7       __imp_load_computeModelsMapping 00000001800019b7 f   PhysXCommon_32:PhysXCommon_32.dll
 0001:000009c3       computeCollisionData       00000001800019c3 f   PhysXCommon_32:PhysXCommon_32.dll
 0001:000009c9       __imp_load_computeCollisionData 00000001800019c9 f   PhysXCommon_32:PhysXCommon_32.dll
 0001:000009d5       computeSimulationData      00000001800019d5 f   PhysXCommon_32:PhysXCommon_32.dll
 0001:000009db       __imp_load_computeSimulationData 00000001800019db f   PhysXCommon_32:PhysXCommon_32.dll
 0001:000009e7       assembleDeformableVolumeMesh 00000001800019e7 f   PhysXCommon_32:PhysXCommon_32.dll
 0001:000009ed       __imp_load_assembleDeformableVolumeMesh 00000001800019ed f   PhysXCommon_32:PhysXCommon_32.dll
 0001:000009f9       ?release@AABBTreeBounds@Gu@physx@@QEAAXXZ 00000001800019f9 f   PhysXCommon_32:PhysXCommon_32.dll
 0001:000009ff       __imp_load_?release@AABBTreeBounds@Gu@physx@@QEAAXXZ 00000001800019ff f   PhysXCommon_32:PhysXCommon_32.dll
 0001:00000a0b       PxGetFoundation            0000000180001a0b f   PhysXFoundation_32:PhysXFoundation_32.dll
 0001:00000a11       __tailMerge_physxfoundation_32_dll 0000000180001a11     PhysXFoundation_32:PhysXFoundation_32.dll
 0001:00000a8a       __imp_load_PxGetFoundation 0000000180001a8a f   PhysXFoundation_32:PhysXFoundation_32.dll
 0001:00000a96       PxGetBroadcastAllocator    0000000180001a96 f   PhysXFoundation_32:PhysXFoundation_32.dll
 0001:00000a9c       __imp_load_PxGetBroadcastAllocator 0000000180001a9c f   PhysXFoundation_32:PhysXFoundation_32.dll
 0001:00000b94       ?DloadAcquireSectionWriteAccess@@YAXXZ 0000000180001b94 f i Delayimp:delayhlp.obj
 0001:00000c50       ?DloadGetSRWLockFunctionPointers@@YAEXZ 0000000180001c50 f i Delayimp:delayhlp.obj
 0001:00000cf0       ?DloadMakePermanentImageCommit@@YAXPEAX_K@Z 0000000180001cf0 f i Delayimp:delayhlp.obj
 0001:00000d88       ?DloadObtainSection@@YAPEAXPEAK0@Z 0000000180001d88 f i Delayimp:delayhlp.obj
 0001:00000e24       ?DloadProtectSection@@YAXPEAX_KKPEAK@Z 0000000180001e24 f i Delayimp:delayhlp.obj
 0001:00000f1c       ?DloadReleaseSectionWriteAccess@@YAXXZ 0000000180001f1c f i Delayimp:delayhlp.obj
 0001:00000fc8       __delayLoadHelper2         0000000180001fc8 f   Delayimp:delayhlp.obj
 0001:000012c4       ??3@YAXPEAX@Z              00000001800022c4 f   MSVCRT:delete_scalar.obj
 0001:000012cc       ??3@YAXPEAX_K@Z            00000001800022cc f   MSVCRT:delete_scalar_size.obj
 0001:000012cc       ??_V@YAXPEAX@Z             00000001800022cc f   MSVCRT:delete_array.obj
 0001:000012d4       ??_V@YAXPEAX_K@Z           00000001800022d4 f   MSVCRT:delete_array_size.obj
 0001:000012dc       ??_Etype_info@@UEAAPEAXI@Z 00000001800022dc f i MSVCRT:std_type_info_static.obj
 0001:000012dc       ??_Gtype_info@@UEAAPEAXI@Z 00000001800022dc f i MSVCRT:std_type_info_static.obj
 0001:00001308       ?__scrt_initialize_type_info@@YAXXZ 0000000180002308 f   MSVCRT:tncleanup.obj
 0001:00001318       ?__scrt_uninitialize_type_info@@YAXXZ 0000000180002318 f   MSVCRT:tncleanup.obj
 0001:00001638       _DllMainCRTStartup         0000000180002638 f   MSVCRT:dll_dllmain.obj
 0001:00001678       __security_init_cookie     0000000180002678 f   MSVCRT:gs_support.obj
 0001:00001728       DllMain                    0000000180002728 f   MSVCRT:dll_dllmain_stub.obj
 0001:0000174c       __local_stdio_printf_options 000000018000274c f i MSVCRT:default_local_stdio_options.obj
 0001:00001754       __local_stdio_scanf_options 0000000180002754 f i MSVCRT:default_local_stdio_options.obj
 0001:0000175c       __scrt_initialize_default_local_stdio_options 000000018000275c f   MSVCRT:default_local_stdio_options.obj
 0001:00001778       __scrt_acquire_startup_lock 0000000180002778 f   MSVCRT:utility.obj
 0001:000017b4       __scrt_dllmain_after_initialize_c 00000001800027b4 f   MSVCRT:utility.obj
 0001:000017e8       __scrt_dllmain_before_initialize_c 00000001800027e8 f   MSVCRT:utility.obj
 0001:00001800       __scrt_dllmain_crt_thread_attach 0000000180002800 f   MSVCRT:utility.obj
 0001:00001828       __scrt_dllmain_crt_thread_detach 0000000180002828 f   MSVCRT:utility.obj
 0001:00001840       __scrt_dllmain_exception_filter 0000000180002840 f   MSVCRT:utility.obj
 0001:000018a0       __scrt_dllmain_uninitialize_c 00000001800028a0 f   MSVCRT:utility.obj
 0001:000018d0       __scrt_dllmain_uninitialize_critical 00000001800028d0 f   MSVCRT:utility.obj
 0001:000018e4       __scrt_initialize_crt      00000001800028e4 f   MSVCRT:utility.obj
 0001:00001920       __scrt_initialize_onexit_tables 0000000180002920 f   MSVCRT:utility.obj
 0001:000019ac       __scrt_is_nonwritable_in_current_image 00000001800029ac f   MSVCRT:utility.obj
 0001:00001a44       __scrt_release_startup_lock 0000000180002a44 f   MSVCRT:utility.obj
 0001:00001a68       __scrt_uninitialize_crt    0000000180002a68 f   MSVCRT:utility.obj
 0001:00001a94       __scrt_get_dyn_tls_init_callback 0000000180002a94 f   MSVCRT:dyn_tls_init.obj
 0001:00001a9c       __scrt_fastfail            0000000180002a9c f   MSVCRT:utility_desktop.obj
 0001:00001aa4       _RTC_Initialize            0000000180002aa4 f   MSVCRT:initsect.obj
 0001:00001ae0       _RTC_Terminate             0000000180002ae0 f   MSVCRT:initsect.obj
 0001:00001b20       __isa_available_init       0000000180002b20 f   MSVCRT:cpu_disp.obj
 0001:00001dbc       _get_startup_argv_mode     0000000180002dbc f   MSVCRT:argv_mode.obj
 0001:00001dc4       __scrt_is_ucrt_dll_in_use  0000000180002dc4 f   MSVCRT:ucrt_detection.obj
 0001:00001dd0       _purecall                  0000000180002dd0 f   vcruntime:VCRUNTIME140.dll
 0001:00001dd6       __std_type_info_name       0000000180002dd6 f   vcruntime:VCRUNTIME140.dll
 0001:00001ddc       strstr                     0000000180002ddc f   vcruntime:VCRUNTIME140.dll
 0001:00001de2       __std_type_info_destroy_list 0000000180002de2 f   vcruntime:VCRUNTIME140.dll
 0001:00001de8       __C_specific_handler       0000000180002de8 f   vcruntime:VCRUNTIME140.dll
 0001:00001dee       memcpy                     0000000180002dee f   vcruntime:VCRUNTIME140.dll
 0001:00001df4       free                       0000000180002df4 f   ucrt:api-ms-win-crt-heap-l1-1-0.dll
 0001:00001dfa       _initterm                  0000000180002dfa f   ucrt:api-ms-win-crt-runtime-l1-1-0.dll
 0001:00001e00       _initterm_e                0000000180002e00 f   ucrt:api-ms-win-crt-runtime-l1-1-0.dll
 0001:00001e06       _seh_filter_dll            0000000180002e06 f   ucrt:api-ms-win-crt-runtime-l1-1-0.dll
 0001:00001e0c       _configure_narrow_argv     0000000180002e0c f   ucrt:api-ms-win-crt-runtime-l1-1-0.dll
 0001:00001e12       _initialize_narrow_environment 0000000180002e12 f   ucrt:api-ms-win-crt-runtime-l1-1-0.dll
 0001:00001e18       _initialize_onexit_table   0000000180002e18 f   ucrt:api-ms-win-crt-runtime-l1-1-0.dll
 0001:00001e1e       _execute_onexit_table      0000000180002e1e f   ucrt:api-ms-win-crt-runtime-l1-1-0.dll
 0001:00001e24       _cexit                     0000000180002e24 f   ucrt:api-ms-win-crt-runtime-l1-1-0.dll
 0001:00001e2c       __acrt_initialize          0000000180002e2c f   MSVCRT:ucrt_stubs.obj
 0001:00001e2c       __acrt_thread_attach       0000000180002e2c f   MSVCRT:ucrt_stubs.obj
 0001:00001e2c       __acrt_thread_detach       0000000180002e2c f   MSVCRT:ucrt_stubs.obj
 0001:00001e2c       __acrt_uninitialize        0000000180002e2c f   MSVCRT:ucrt_stubs.obj
 0001:00001e2c       __acrt_uninitialize_critical 0000000180002e2c f   MSVCRT:ucrt_stubs.obj
 0001:00001e2c       __scrt_stub_for_acrt_initialize 0000000180002e2c f   MSVCRT:ucrt_stubs.obj
 0001:00001e2c       __scrt_stub_for_acrt_thread_attach 0000000180002e2c f   MSVCRT:ucrt_stubs.obj
 0001:00001e2c       __scrt_stub_for_acrt_thread_detach 0000000180002e2c f   MSVCRT:ucrt_stubs.obj
 0001:00001e2c       __scrt_stub_for_acrt_uninitialize 0000000180002e2c f   MSVCRT:ucrt_stubs.obj
 0001:00001e2c       __scrt_stub_for_acrt_uninitialize_critical 0000000180002e2c f   MSVCRT:ucrt_stubs.obj
 0001:00001e2c       __vcrt_initialize          0000000180002e2c f   MSVCRT:ucrt_stubs.obj
 0001:00001e2c       __vcrt_thread_attach       0000000180002e2c f   MSVCRT:ucrt_stubs.obj
 0001:00001e2c       __vcrt_thread_detach       0000000180002e2c f   MSVCRT:ucrt_stubs.obj
 0001:00001e2c       __vcrt_uninitialize        0000000180002e2c f   MSVCRT:ucrt_stubs.obj
 0001:00001e2c       __vcrt_uninitialize_critical 0000000180002e2c f   MSVCRT:ucrt_stubs.obj
 0001:00001e30       __scrt_stub_for_is_c_termination_complete 0000000180002e30 f   MSVCRT:ucrt_stubs.obj
 0001:00001e30       _is_c_termination_complete 0000000180002e30 f   MSVCRT:ucrt_stubs.obj
 0001:00001e50       _guard_dispatch_icall_nop  0000000180002e50 f   MSVCRT:guard_dispatch.obj
 0001:00001e70       _guard_xfg_dispatch_icall_nop 0000000180002e70 f   MSVCRT:guard_xfg_dispatch.obj
 0002:00000000       __imp_LoadLibraryA         0000000180003000     kernel32:KERNEL32.dll
 0002:00000008       __imp_DisableThreadLibraryCalls 0000000180003008     kernel32:KERNEL32.dll
 0002:00000010       __imp_GetSystemTimeAsFileTime 0000000180003010     kernel32:KERNEL32.dll
 0002:00000018       __imp_GetCurrentThreadId   0000000180003018     kernel32:KERNEL32.dll
 0002:00000020       __imp_GetCurrentProcessId  0000000180003020     kernel32:KERNEL32.dll
 0002:00000028       __imp_QueryPerformanceCounter 0000000180003028     kernel32:KERNEL32.dll
 0002:00000030       __imp_InitializeSListHead  0000000180003030     kernel32:KERNEL32.dll
 0002:00000038       __imp_LoadLibraryExA       0000000180003038     kernel32:KERNEL32.dll
 0002:00000040       __imp_GetProcAddress       0000000180003040     kernel32:KERNEL32.dll
 0002:00000048       __imp_GetModuleHandleW     0000000180003048     kernel32:KERNEL32.dll
 0002:00000050       __imp_FreeLibrary          0000000180003050     kernel32:KERNEL32.dll
 0002:00000058       __imp_VirtualQuery         0000000180003058     kernel32:KERNEL32.dll
 0002:00000060       __imp_VirtualProtect       0000000180003060     kernel32:KERNEL32.dll
 0002:00000068       __imp_GetSystemInfo        0000000180003068     kernel32:KERNEL32.dll
 0002:00000070       __imp_GetLastError         0000000180003070     kernel32:KERNEL32.dll
 0002:00000078       __imp_RaiseException       0000000180003078     kernel32:KERNEL32.dll
 0002:00000080       \177KERNEL32_NULL_THUNK_DATA 0000000180003080     kernel32:KERNEL32.dll
 0002:00000088       __imp___std_type_info_name 0000000180003088     vcruntime:VCRUNTIME140.dll
 0002:00000090       __imp_strstr               0000000180003090     vcruntime:VCRUNTIME140.dll
 0002:00000098       __imp___std_type_info_destroy_list 0000000180003098     vcruntime:VCRUNTIME140.dll
 0002:000000a0       __imp___C_specific_handler 00000001800030a0     vcruntime:VCRUNTIME140.dll
 0002:000000a8       __imp__purecall            00000001800030a8     vcruntime:VCRUNTIME140.dll
 0002:000000b0       __imp_memcpy               00000001800030b0     vcruntime:VCRUNTIME140.dll
 0002:000000b8       \177VCRUNTIME140_NULL_THUNK_DATA 00000001800030b8     vcruntime:VCRUNTIME140.dll
 0002:000000c0       __imp_free                 00000001800030c0     ucrt:api-ms-win-crt-heap-l1-1-0.dll
 0002:000000c8       \177api-ms-win-crt-heap-l1-1-0_NULL_THUNK_DATA 00000001800030c8     ucrt:api-ms-win-crt-heap-l1-1-0.dll
 0002:000000d0       __imp__seh_filter_dll      00000001800030d0     ucrt:api-ms-win-crt-runtime-l1-1-0.dll
 0002:000000d8       __imp__configure_narrow_argv 00000001800030d8     ucrt:api-ms-win-crt-runtime-l1-1-0.dll
 0002:000000e0       __imp__initialize_onexit_table 00000001800030e0     ucrt:api-ms-win-crt-runtime-l1-1-0.dll
 0002:000000e8       __imp__initterm_e          00000001800030e8     ucrt:api-ms-win-crt-runtime-l1-1-0.dll
 0002:000000f0       __imp__cexit               00000001800030f0     ucrt:api-ms-win-crt-runtime-l1-1-0.dll
 0002:000000f8       __imp__initialize_narrow_environment 00000001800030f8     ucrt:api-ms-win-crt-runtime-l1-1-0.dll
 0002:00000100       __imp__execute_onexit_table 0000000180003100     ucrt:api-ms-win-crt-runtime-l1-1-0.dll
 0002:00000108       __imp__initterm            0000000180003108     ucrt:api-ms-win-crt-runtime-l1-1-0.dll
 0002:00000110       \177api-ms-win-crt-runtime-l1-1-0_NULL_THUNK_DATA 0000000180003110     ucrt:api-ms-win-crt-runtime-l1-1-0.dll
 0002:00000118       __guard_check_icall_fptr   0000000180003118     MSVCRT:guard_support.obj
 0002:00000120       __guard_xfg_check_icall_fptr 0000000180003120     MSVCRT:guard_support.obj
 0002:00000128       __guard_dispatch_icall_fptr 0000000180003128     MSVCRT:guard_support.obj
 0002:00000130       __guard_xfg_dispatch_icall_fptr 0000000180003130     MSVCRT:guard_support.obj
 0002:00000138       __guard_xfg_table_dispatch_icall_fptr 0000000180003138     MSVCRT:guard_support.obj
 0002:00000140       __castguard_check_failure_os_handled_fptr 0000000180003140     MSVCRT:guard_support.obj
 0002:00000148       __guard_memcpy_fptr        0000000180003148     vcruntime:softmemtag.obj
 0002:00000150       __xc_a                     0000000180003150     MSVCRT:initializers.obj
 0002:00000188       __xc_z                     0000000180003188     MSVCRT:initializers.obj
 0002:00000190       __xi_a                     0000000180003190     MSVCRT:initializers.obj
 0002:00000198       __xi_z                     0000000180003198     MSVCRT:initializers.obj
 0002:000001a0       __xp_a                     00000001800031a0     MSVCRT:initializers.obj
 0002:000001a8       __xp_z                     00000001800031a8     MSVCRT:initializers.obj
 0002:000001b0       __xt_a                     00000001800031b0     MSVCRT:initializers.obj
 0002:000001b8       __xt_z                     00000001800031b8     MSVCRT:initializers.obj
 0002:000001e0       ??_7PxFoundation@physx@@6B@ 00000001800031e0     Cooking.obj
 0002:00000250       ??_C@_0DI@MOFPACNA@D?3?2Repos?2Physx?2PhysX?2physx?2incl@ 0000000180003250     Cooking.obj
 0002:00000288       ??_C@_0DE@FMENOIPN@PxArray?3?3allocate?3?5allocator?5re@ 0000000180003288     Cooking.obj
 0002:000002c0       ??_C@_0BM@OIFKLHDN@?$DMallocation?5names?5disabled?$DO@ 00000001800032c0     Cooking.obj
 0002:000002e0       __xmm@000000003a83126f3a83126f3a83126f 00000001800032e0     Cooking.obj
 0002:000002f0       __xmm@00000000ba83126fba83126fba83126f 00000001800032f0     Cooking.obj
 0002:00000300       __xmm@3a83126f3a83126f3a83126f3a83126f 0000000180003300     Cooking.obj
 0002:00000310       __xmm@ba83126fba83126fba83126fba83126f 0000000180003310     Cooking.obj
 0002:00000320       ??_C@_0BA@EGLNOO@PhysXFoundation@ 0000000180003320     WindowsCookingDelayLoadHook.obj
 0002:00000330       ??_C@_0M@ILKNCJKN@PhysXCommon@ 0000000180003330     WindowsCookingDelayLoadHook.obj
 0002:00000340       __sz_PhysXCommon_32_dll    0000000180003340     PhysXCommon_32:PhysXCommon_32.dll
 0002:00000360       __sz_PhysXFoundation_32_dll 0000000180003360     PhysXFoundation_32:PhysXFoundation_32.dll
 0002:00000378       ??_C@_1BK@DBDEIDLH@?$AAK?$AAE?$AAR?$AAN?$AAE?$AAL?$AA3?$AA2?$AA?4?$AAD?$AAL?$AAL@ 0000000180003378     Delayimp:delayhlp.obj
 0002:00000398       ??_C@_0BI@OMNLIJDB@AcquireSRWLockExclusive@ 0000000180003398     Delayimp:delayhlp.obj
 0002:000003b0       ??_C@_0BI@HMIEPCNJ@ReleaseSRWLockExclusive@ 00000001800033b0     Delayimp:delayhlp.obj
 0002:000003c8       __pfnDliFailureHook2       00000001800033c8     Delayimp:delayhk1.obj
 0002:000003d0       __bChangeProtectionOfWholeDloadSection 00000001800033d0     Delayimp:delaygv1.obj
 0002:000003e0       ??_7type_info@@6B@         00000001800033e0     MSVCRT:std_type_info_static.obj
 0002:000003e8       _pDefaultRawDllMain        00000001800033e8     MSVCRT:dll_dllmain.obj
 0002:000003e8       _pRawDllMain               00000001800033e8     MSVCRT:dll_dllmain.obj
 0002:000003f0       _load_config_used          00000001800033f0     MSVCRT:loadcfg.obj
 0002:00000530       __xmm@ffffffffffffffffffffffffffffffff 0000000180003530     MSVCRT:utility.obj
 0002:00000600       ??_R4type_info@@6B@        0000000180003600     MSVCRT:std_type_info_static.obj
 0002:00000628       ??_R3type_info@@8          0000000180003628     MSVCRT:std_type_info_static.obj
 0002:00000640       ??_R2type_info@@8          0000000180003640     MSVCRT:std_type_info_static.obj
 0002:00000650       ??_R1A@?0A@EA@type_info@@8 0000000180003650     MSVCRT:std_type_info_static.obj
 0002:00000674       __volatile_metadata        0000000180003674     <linker-defined>
 0002:00000ab0       __rtc_iaa                  0000000180003ab0     MSVCRT:initsect.obj
 0002:00000ab8       __rtc_izz                  0000000180003ab8     MSVCRT:initsect.obj
 0002:00000ac0       __rtc_taa                  0000000180003ac0     MSVCRT:initsect.obj
 0002:00000ac8       __rtc_tzz                  0000000180003ac8     MSVCRT:initsect.obj
 0002:00000d98       __DELAY_IMPORT_DESCRIPTOR_physxcommon_32_dll 0000000180003d98     PhysXCommon_32:PhysXCommon_32.dll
 0002:00000db8       __DELAY_IMPORT_DESCRIPTOR_physxfoundation_32_dll 0000000180003db8     PhysXFoundation_32:PhysXFoundation_32.dll
 0002:00000dd8       __NULL_DELAY_IMPORT_DESCRIPTOR 0000000180003dd8     PhysXCommon_32:PhysXCommon_32.dll
 0002:00000ea0       \177PhysXCommon_32_NULL_THUNK_DATA_DLN 0000000180003ea0     PhysXCommon_32:PhysXCommon_32.dll
 0002:00000eb8       \177PhysXFoundation_32_NULL_THUNK_DATA_DLN 0000000180003eb8     PhysXFoundation_32:PhysXFoundation_32.dll
 0002:000010d8       \177PhysXCommon_32_NULL_THUNK_DATA_DLB 00000001800040d8     PhysXCommon_32:PhysXCommon_32.dll
 0002:00001188       \177PhysXFoundation_32_NULL_THUNK_DATA_DLB 0000000180004188     PhysXFoundation_32:PhysXFoundation_32.dll
 0002:00001d64       __IMPORT_DESCRIPTOR_KERNEL32 0000000180004d64     kernel32:KERNEL32.dll
 0002:00001d78       __IMPORT_DESCRIPTOR_VCRUNTIME140 0000000180004d78     vcruntime:VCRUNTIME140.dll
 0002:00001d8c       __IMPORT_DESCRIPTOR_api-ms-win-crt-heap-l1-1-0 0000000180004d8c     ucrt:api-ms-win-crt-heap-l1-1-0.dll
 0002:00001da0       __IMPORT_DESCRIPTOR_api-ms-win-crt-runtime-l1-1-0 0000000180004da0     ucrt:api-ms-win-crt-runtime-l1-1-0.dll
 0002:00001db4       __NULL_IMPORT_DESCRIPTOR   0000000180004db4     kernel32:KERNEL32.dll
 0003:00000000       __pfnDliNotifyHook2        0000000180006000     WindowsCookingDelayLoadHook.obj
 0003:00000008       _fltused                   0000000180006008     MSVCRT:fltused.obj
 0003:0000000c       __scrt_native_dllmain_reason 000000018000600c     MSVCRT:utility.obj
 0003:00000040       __security_cookie          0000000180006040     MSVCRT:gs_cookie.obj
 0003:00000080       __security_cookie_complement 0000000180006080     MSVCRT:gs_cookie.obj
 0003:00000090       __isa_available            0000000180006090     MSVCRT:cpu_disp.obj
 0003:00000094       __isa_enabled              0000000180006094     MSVCRT:cpu_disp.obj
 0003:00000098       __memset_fast_string_threshold 0000000180006098     MSVCRT:cpu_disp.obj
 0003:000000a0       __memset_nt_threshold      00000001800060a0     MSVCRT:cpu_disp.obj
 0003:000000a8       __isa_inverted             00000001800060a8     MSVCRT:cpu_disp.obj
 0003:000000b0       __scrt_ucrt_dll_is_in_use  00000001800060b0     MSVCRT:ucrt_stubs.obj
 0003:000000b8       ??_R0?AUSlab@NodeAllocator@Gu@physx@@@8 00000001800060b8     Cooking.obj
 0003:000000f0       ??_R0?AVtype_info@@@8      00000001800060f0     MSVCRT:std_type_info_static.obj
 0003:00000110       __imp_getInsertionCallback 0000000180006110     PhysXCommon_32:PhysXCommon_32.dll
 0003:00000118       __imp_?release@AABBTreeBounds@Gu@physx@@QEAAXXZ 0000000180006118     PhysXCommon_32:PhysXCommon_32.dll
 0003:00000120       __imp_cookBVH              0000000180006120     PhysXCommon_32:PhysXCommon_32.dll
 0003:00000128       __imp_createBVH            0000000180006128     PhysXCommon_32:PhysXCommon_32.dll
 0003:00000130       __imp_cookHeightField      0000000180006130     PhysXCommon_32:PhysXCommon_32.dll
 0003:00000138       __imp_createHeightField    0000000180006138     PhysXCommon_32:PhysXCommon_32.dll
 0003:00000140       __imp_cookConvexMesh       0000000180006140     PhysXCommon_32:PhysXCommon_32.dll
 0003:00000148       __imp_createConvexMesh     0000000180006148     PhysXCommon_32:PhysXCommon_32.dll
 0003:00000150       __imp_validateConvexMesh   0000000180006150     PhysXCommon_32:PhysXCommon_32.dll
 0003:00000158       __imp_computeHullPolygons  0000000180006158     PhysXCommon_32:PhysXCommon_32.dll
 0003:00000160       __imp_validateTriangleMesh 0000000180006160     PhysXCommon_32:PhysXCommon_32.dll
 0003:00000168       __imp_createTriangleMesh   0000000180006168     PhysXCommon_32:PhysXCommon_32.dll
 0003:00000170       __imp_cookTriangleMesh     0000000180006170     PhysXCommon_32:PhysXCommon_32.dll
 0003:00000178       __imp_cookTetrahedronMesh  0000000180006178     PhysXCommon_32:PhysXCommon_32.dll
 0003:00000180       __imp_createTetrahedronMesh 0000000180006180     PhysXCommon_32:PhysXCommon_32.dll
 0003:00000188       __imp_cookDeformableVolumeMesh 0000000180006188     PhysXCommon_32:PhysXCommon_32.dll
 0003:00000190       __imp_createDeformableVolumeMesh 0000000180006190     PhysXCommon_32:PhysXCommon_32.dll
 0003:00000198       __imp_computeModelsMapping 0000000180006198     PhysXCommon_32:PhysXCommon_32.dll
 0003:000001a0       __imp_computeCollisionData 00000001800061a0     PhysXCommon_32:PhysXCommon_32.dll
 0003:000001a8       __imp_computeSimulationData 00000001800061a8     PhysXCommon_32:PhysXCommon_32.dll
 0003:000001b0       __imp_assembleDeformableVolumeMesh 00000001800061b0     PhysXCommon_32:PhysXCommon_32.dll
 0003:000001b8       \177PhysXCommon_32_NULL_THUNK_DATA_DLA 00000001800061b8     PhysXCommon_32:PhysXCommon_32.dll
 0003:000001c0       __imp_PxGetBroadcastAllocator 00000001800061c0     PhysXFoundation_32:PhysXFoundation_32.dll
 0003:000001c8       __imp_PxGetFoundation      00000001800061c8     PhysXFoundation_32:PhysXFoundation_32.dll
 0003:000001d0       \177PhysXFoundation_32_NULL_THUNK_DATA_DLA 00000001800061d0     PhysXFoundation_32:PhysXFoundation_32.dll
 0003:00000248       __hmod__PhysXCommon_32_dll 0000000180006248     PhysXCommon_32:PhysXCommon_32.dll
 0003:00000250       __hmod__PhysXFoundation_32_dll 0000000180006250     PhysXFoundation_32:PhysXFoundation_32.dll
 0003:00000258       ?DloadKernel32@@3PEAUHINSTANCE__@@EA 0000000180006258     Delayimp:delayhlp.obj
 0003:00000260       ?DloadAcquireSRWLockExclusive@@3P6AXPEA_K@ZEA 0000000180006260     Delayimp:delayhlp.obj
 0003:00000268       ?DloadReleaseSRWLockExclusive@@3P6AXPEA_K@ZEA 0000000180006268     Delayimp:delayhlp.obj
 0003:00000270       ?DloadSrwLock@@3_KA        0000000180006270     Delayimp:delayhlp.obj
 0003:00000278       ?DloadSectionLockCount@@3KA 0000000180006278     Delayimp:delayhlp.obj
 0003:0000027c       ?DloadSectionOldProtection@@3KA 000000018000627c     Delayimp:delayhlp.obj
 0003:00000280       ?DloadSectionCommitPermanent@@3KA 0000000180006280     Delayimp:delayhlp.obj
 0003:00000290       ?__type_info_root_node@@3U__type_info_node@@A 0000000180006290     MSVCRT:tncleanup.obj
 0003:000002a8       ?_OptionsStorage@?1??__local_stdio_printf_options@@9@4_KA 00000001800062a8     MSVCRT:default_local_stdio_options.obj
 0003:000002b0       ?_OptionsStorage@?1??__local_stdio_scanf_options@@9@4_KA 00000001800062b0     MSVCRT:default_local_stdio_options.obj
 0003:000002b8       __scrt_current_native_startup_state 00000001800062b8     MSVCRT:utility.obj
 0003:000002c0       __scrt_native_startup_lock 00000001800062c0     MSVCRT:utility.obj
 0003:00000300       __scrt_debugger_hook_flag  0000000180006300     MSVCRT:utility_desktop.obj
 0003:00000304       __favor                    0000000180006304     MSVCRT:cpu_disp.obj
 0003:00000308       __avx10_version            0000000180006308     MSVCRT:cpu_disp.obj
 0003:00000310       __dyn_tls_init_callback    0000000180006310     <common>

 entry point at        0001:00001638

 Static symbols

 0000:ffff6000       .debug$S                   0000000180000000     PhysXCooking_32.exp
 0000:ffff6000       .debug$S                   0000000180000000     ucrt:api-ms-win-crt-heap-l1-1-0.dll
 0000:ffff6000       .debug$S                   0000000180000000     ucrt:api-ms-win-crt-runtime-l1-1-0.dll
 0000:ffff6000       .debug$S                   0000000180000000     ucrt:api-ms-win-crt-runtime-l1-1-0.dll
 0000:ffff6000       .debug$S                   0000000180000000     ucrt:api-ms-win-crt-runtime-l1-1-0.dll
 0000:ffff6000       .debug$S                   0000000180000000     ucrt:api-ms-win-crt-runtime-l1-1-0.dll
 0000:ffff6000       .debug$S                   0000000180000000     ucrt:api-ms-win-crt-runtime-l1-1-0.dll
 0000:ffff6000       .debug$S                   0000000180000000     ucrt:api-ms-win-crt-runtime-l1-1-0.dll
 0000:ffff6000       .debug$S                   0000000180000000     ucrt:api-ms-win-crt-runtime-l1-1-0.dll
 0000:ffff6000       .debug$S                   0000000180000000     ucrt:api-ms-win-crt-runtime-l1-1-0.dll
 0000:ffff6000       .debug$S                   0000000180000000     ucrt:api-ms-win-crt-runtime-l1-1-0.dll
 0000:ffff6000       .debug$S                   0000000180000000     ucrt:api-ms-win-crt-runtime-l1-1-0.dll
 0000:ffff6000       .debug$S                   0000000180000000     ucrt:api-ms-win-crt-runtime-l1-1-0.dll
 0000:ffff6000       .debug$S                   0000000180000000     ucrt:api-ms-win-crt-runtime-l1-1-0.dll
 0000:ffff6000       .debug$S                   0000000180000000     kernel32:KERNEL32.dll
 0000:ffff6000       .debug$S                   0000000180000000     kernel32:KERNEL32.dll
 0000:ffff6000       .debug$S                   0000000180000000     kernel32:KERNEL32.dll
 0000:ffff6000       .debug$S                   0000000180000000     kernel32:KERNEL32.dll
 0000:ffff6000       .debug$S                   0000000180000000     kernel32:KERNEL32.dll
 0000:ffff6000       .debug$S                   0000000180000000     kernel32:KERNEL32.dll
 0000:ffff6000       .debug$S                   0000000180000000     kernel32:KERNEL32.dll
 0000:ffff6000       .debug$S                   0000000180000000     kernel32:KERNEL32.dll
 0000:ffff6000       .debug$S                   0000000180000000     kernel32:KERNEL32.dll
 0000:ffff6000       .debug$S                   0000000180000000     kernel32:KERNEL32.dll
 0000:ffff6000       .debug$S                   0000000180000000     kernel32:KERNEL32.dll
 0000:ffff6000       .debug$S                   0000000180000000     kernel32:KERNEL32.dll
 0000:ffff6000       .debug$S                   0000000180000000     kernel32:KERNEL32.dll
 0000:ffff6000       .debug$S                   0000000180000000     kernel32:KERNEL32.dll
 0000:ffff6000       .debug$S                   0000000180000000     kernel32:KERNEL32.dll
 0000:ffff6000       .debug$S                   0000000180000000     kernel32:KERNEL32.dll
 0000:ffff6000       .debug$S                   0000000180000000     kernel32:KERNEL32.dll
 0000:ffff6000       .debug$S                   0000000180000000     kernel32:KERNEL32.dll
 0000:ffff6000       .debug$S                   0000000180000000     vcruntime:VCRUNTIME140.dll
 0000:ffff6000       .debug$S                   0000000180000000     vcruntime:VCRUNTIME140.dll
 0000:ffff6000       .debug$S                   0000000180000000     vcruntime:VCRUNTIME140.dll
 0000:ffff6000       .debug$S                   0000000180000000     vcruntime:VCRUNTIME140.dll
 0000:ffff6000       .debug$S                   0000000180000000     vcruntime:VCRUNTIME140.dll
 0000:ffff6000       .debug$S                   0000000180000000     vcruntime:VCRUNTIME140.dll
 0000:ffff6000       .debug$S                   0000000180000000     vcruntime:VCRUNTIME140.dll
 0000:ffff6000       .debug$S                   0000000180000000     vcruntime:VCRUNTIME140.dll
 0000:ffff6000       .debug$S                   0000000180000000     vcruntime:VCRUNTIME140.dll
 0000:ffff6000       .debug$S                   0000000180000000     PhysXCommon_32:PhysXCommon_32.dll
 0000:ffff6000       .debug$S                   0000000180000000     PhysXCommon_32:PhysXCommon_32.dll
 0000:ffff6000       .debug$S                   0000000180000000     PhysXCommon_32:PhysXCommon_32.dll
 0000:ffff6000       .debug$S                   0000000180000000     PhysXCommon_32:PhysXCommon_32.dll
 0000:ffff6000       .debug$S                   0000000180000000     PhysXCommon_32:PhysXCommon_32.dll
 0000:ffff6000       .debug$S                   0000000180000000     PhysXCommon_32:PhysXCommon_32.dll
 0000:ffff6000       .debug$S                   0000000180000000     PhysXCommon_32:PhysXCommon_32.dll
 0000:ffff6000       .debug$S                   0000000180000000     PhysXCommon_32:PhysXCommon_32.dll
 0000:ffff6000       .debug$S                   0000000180000000     PhysXCommon_32:PhysXCommon_32.dll
 0000:ffff6000       .debug$S                   0000000180000000     PhysXCommon_32:PhysXCommon_32.dll
 0000:ffff6000       .debug$S                   0000000180000000     PhysXCommon_32:PhysXCommon_32.dll
 0000:ffff6000       .debug$S                   0000000180000000     PhysXCommon_32:PhysXCommon_32.dll
 0000:ffff6000       .debug$S                   0000000180000000     PhysXCommon_32:PhysXCommon_32.dll
 0000:ffff6000       .debug$S                   0000000180000000     PhysXCommon_32:PhysXCommon_32.dll
 0000:ffff6000       .debug$S                   0000000180000000     PhysXCommon_32:PhysXCommon_32.dll
 0000:ffff6000       .debug$S                   0000000180000000     PhysXCommon_32:PhysXCommon_32.dll
 0000:ffff6000       .debug$S                   0000000180000000     PhysXCommon_32:PhysXCommon_32.dll
 0000:ffff6000       .debug$S                   0000000180000000     PhysXCommon_32:PhysXCommon_32.dll
 0000:ffff6000       .debug$S                   0000000180000000     PhysXCommon_32:PhysXCommon_32.dll
 0000:ffff6000       .debug$S                   0000000180000000     PhysXCommon_32:PhysXCommon_32.dll
 0000:ffff6000       .debug$S                   0000000180000000     PhysXCommon_32:PhysXCommon_32.dll
 0000:ffff6000       .debug$S                   0000000180000000     PhysXFoundation_32:PhysXFoundation_32.dll
 0000:ffff6000       .debug$S                   0000000180000000     PhysXFoundation_32:PhysXFoundation_32.dll
 0001:00000000       ??__EmaxFError@vecMathTests@aos@physx@@YAXXZ 0000000180001000 f   Cooking.obj
 0001:00000010       ??__EmaxV3Error@vecMathTests@aos@physx@@YAXXZ 0000000180001010 f   Cooking.obj
 0001:00000020       ??__EmaxV4Error@vecMathTests@aos@physx@@YAXXZ 0000000180001020 f   Cooking.obj
 0001:00000030       ??__EminFError@vecMathTests@aos@physx@@YAXXZ 0000000180001030 f   Cooking.obj
 0001:00000040       ??__EminV3Error@vecMathTests@aos@physx@@YAXXZ 0000000180001040 f   Cooking.obj
 0001:00000050       ??__EminV4Error@vecMathTests@aos@physx@@YAXXZ 0000000180001050 f   Cooking.obj
 0001:000007f0       $LN24                      00000001800017f0     WindowsCookingDelayLoadHook.obj
 0001:00000aa8       ??$GuardedWrite@V<lambda_1>@?1??__delayLoadHelper2@@YAP6A_JXZPEBUImgDelayDescr@@PEAP6A_JXZ@Z@@@YAXPEAX_KV<lambda_1>@?1??__delayLoadHelper2@@YAP6A_JXZPEBUImgDelayDescr@@PEAP6A_JXZ@Z@@Z 0000000180001aa8 f   Delayimp:delayhlp.obj
 0001:00001324       ?dllmain_crt_dispatch@@YAHQEAUHINSTANCE__@@KQEAX@Z 0000000180002324 f   MSVCRT:dll_dllmain.obj
 0001:00001374       ?dllmain_crt_process_attach@@YAHQEAUHINSTANCE__@@QEAX@Z 0000000180002374 f   MSVCRT:dll_dllmain.obj
 0001:0000148c       ?dllmain_crt_process_detach@@YAH_N@Z 000000018000248c f   MSVCRT:dll_dllmain.obj
 0001:00001510       ?dllmain_dispatch@@YAHQEAUHINSTANCE__@@KQEAX@Z 0000000180002510 f   MSVCRT:dll_dllmain.obj
 0001:00001e40       $$000000                   0000000180002e40     MSVCRT:guard_dispatch.obj
 0001:00001e60       $$000000                   0000000180002e60     MSVCRT:guard_xfg_dispatch.obj
 0001:00001e76       ?fin$0@?0??dllmain_crt_process_attach@@YAHQEAUHINSTANCE__@@QEAX@Z@4HA 0000000180002e76 f   MSVCRT:dll_dllmain.obj
 0001:00001e8d       ?fin$0@?0??dllmain_crt_process_detach@@YAH_N@Z@4HA 0000000180002e8d f   MSVCRT:dll_dllmain.obj
 0001:00001ea6       ?fin$1@?0??dllmain_crt_process_detach@@YAH_N@Z@4HA 0000000180002ea6 f   MSVCRT:dll_dllmain.obj
 0001:00001eba       ?filt$0@?0??dllmain_dispatch@@YAHQEAUHINSTANCE__@@KQEAX@Z@4HA 0000000180002eba f   MSVCRT:dll_dllmain.obj
 0001:00001ef0       __scrt_is_nonwritable_in_current_image$filt$0 0000000180002ef0 f   MSVCRT:utility.obj
 0002:00000158       ?minFError$initializer$@vecMathTests@aos@physx@@3P6AXXZEA 0000000180003158     Cooking.obj
 0002:00000160       ?maxFError$initializer$@vecMathTests@aos@physx@@3P6AXXZEA 0000000180003160     Cooking.obj
 0002:00000168       ?minV3Error$initializer$@vecMathTests@aos@physx@@3P6AXXZEA 0000000180003168     Cooking.obj
 0002:00000170       ?maxV3Error$initializer$@vecMathTests@aos@physx@@3P6AXXZEA 0000000180003170     Cooking.obj
 0002:00000178       ?minV4Error$initializer$@vecMathTests@aos@physx@@3P6AXXZEA 0000000180003178     Cooking.obj
 0002:00000180       ?maxV4Error$initializer$@vecMathTests@aos@physx@@3P6AXXZEA 0000000180003180     Cooking.obj
 0002:000001c0       ?gMaskXYZ@internalSimd@aos@physx@@3QBIB 00000001800031c0     Cooking.obj
 0002:000001d0       ?minus1w@?A0xeda54fd2@aos@physx@@3QBMB 00000001800031d0     Cooking.obj
 0002:00000ad0       $unwind$??_EPxFoundation@physx@@MEAAPEAXI@Z 0000000180003ad0     Cooking.obj
 0002:00000ad0       $unwind$?DloadAcquireSectionWriteAccess@@YAXXZ 0000000180003ad0     Delayimp:delayhlp.obj
 0002:00000ad0       $unwind$??_Gtype_info@@UEAAPEAXI@Z 0000000180003ad0     MSVCRT:std_type_info_static.obj
 0002:00000ad0       $unwind$__scrt_initialize_onexit_tables 0000000180003ad0     MSVCRT:utility.obj
 0002:00000ad0       $unwind$__scrt_release_startup_lock 0000000180003ad0     MSVCRT:utility.obj
 0002:00000ad0       $unwind$__scrt_uninitialize_crt 0000000180003ad0     MSVCRT:utility.obj
 0002:00000ad8       $chain$0$??_EPxFoundation@physx@@MEAAPEAXI@Z 0000000180003ad8     Cooking.obj
 0002:00000aec       $chain$1$??_EPxFoundation@physx@@MEAAPEAXI@Z 0000000180003aec     Cooking.obj
 0002:00000afc       $unwind$??1AABBTreeBuildParams@Gu@physx@@QEAA@XZ 0000000180003afc     Cooking.obj
 0002:00000afc       $unwind$?reset@AABBTreeBuildParams@Gu@physx@@QEAAXXZ 0000000180003afc     Cooking.obj
 0002:00000afc       $unwind$_DllMainCRTStartup 0000000180003afc     MSVCRT:dll_dllmain.obj
 0002:00000b0c       $unwind$?allocate@?$PxArray@USlab@NodeAllocator@Gu@physx@@V?$PxReflectionAllocator@USlab@NodeAllocator@Gu@physx@@@4@@physx@@IEAAPEAUSlab@NodeAllocator@Gu@2@IPEAI@Z 0000000180003b0c     Cooking.obj
 0002:00000b14       $chain$0$?allocate@?$PxArray@USlab@NodeAllocator@Gu@physx@@V?$PxReflectionAllocator@USlab@NodeAllocator@Gu@physx@@@4@@physx@@IEAAPEAUSlab@NodeAllocator@Gu@2@IPEAI@Z 0000000180003b14     Cooking.obj
 0002:00000b28       $chain$1$?allocate@?$PxArray@USlab@NodeAllocator@Gu@physx@@V?$PxReflectionAllocator@USlab@NodeAllocator@Gu@physx@@@4@@physx@@IEAAPEAUSlab@NodeAllocator@Gu@2@IPEAI@Z 0000000180003b28     Cooking.obj
 0002:00000b3c       $chain$2$?allocate@?$PxArray@USlab@NodeAllocator@Gu@physx@@V?$PxReflectionAllocator@USlab@NodeAllocator@Gu@physx@@@4@@physx@@IEAAPEAUSlab@NodeAllocator@Gu@2@IPEAI@Z 0000000180003b3c     Cooking.obj
 0002:00000b4c       $chain$3$?allocate@?$PxArray@USlab@NodeAllocator@Gu@physx@@V?$PxReflectionAllocator@USlab@NodeAllocator@Gu@physx@@@4@@physx@@IEAAPEAUSlab@NodeAllocator@Gu@2@IPEAI@Z 0000000180003b4c     Cooking.obj
 0002:00000b5c       $unwind$?recreate@?$PxArray@USlab@NodeAllocator@Gu@physx@@V?$PxReflectionAllocator@USlab@NodeAllocator@Gu@physx@@@4@@physx@@IEAA_NI@Z 0000000180003b5c     Cooking.obj
 0002:00000b6c       $chain$0$?recreate@?$PxArray@USlab@NodeAllocator@Gu@physx@@V?$PxReflectionAllocator@USlab@NodeAllocator@Gu@physx@@@4@@physx@@IEAA_NI@Z 0000000180003b6c     Cooking.obj
 0002:00000b80       $chain$1$?recreate@?$PxArray@USlab@NodeAllocator@Gu@physx@@V?$PxReflectionAllocator@USlab@NodeAllocator@Gu@physx@@@4@@physx@@IEAA_NI@Z 0000000180003b80     Cooking.obj
 0002:00000b90       $unwind$??$copy@V?$PxReflectionAllocator@USlab@NodeAllocator@Gu@physx@@@physx@@@?$PxArray@USlab@NodeAllocator@Gu@physx@@V?$PxReflectionAllocator@USlab@NodeAllocator@Gu@physx@@@4@@physx@@IEAAXAEBV01@@Z 0000000180003b90     Cooking.obj
 0002:00000b90       $unwind$??0NodeAllocator@Gu@physx@@QEAA@AEBV012@@Z 0000000180003b90     Cooking.obj
 0002:00000b90       $unwind$?DloadGetSRWLockFunctionPointers@@YAEXZ 0000000180003b90     Delayimp:delayhlp.obj
 0002:00000b90       $unwind$_RTC_Initialize    0000000180003b90     MSVCRT:initsect.obj
 0002:00000b90       $unwind$_RTC_Terminate     0000000180003b90     MSVCRT:initsect.obj
 0002:00000b9c       $unwind$??4NodeAllocator@Gu@physx@@QEAAAEAV012@AEBV012@@Z 0000000180003b9c     Cooking.obj
 0002:00000bac       $unwind$?cookingDelayHook@@YAP6A_JXZIPEAUDelayLoadInfo@@@Z 0000000180003bac     WindowsCookingDelayLoadHook.obj
 0002:00000bac       $unwind$?DloadReleaseSectionWriteAccess@@YAXXZ 0000000180003bac     Delayimp:delayhlp.obj
 0002:00000bac       $unwind$__scrt_initialize_default_local_stdio_options 0000000180003bac     MSVCRT:default_local_stdio_options.obj
 0002:00000bac       $unwind$?dllmain_crt_dispatch@@YAHQEAUHINSTANCE__@@KQEAX@Z 0000000180003bac     MSVCRT:dll_dllmain.obj
 0002:00000bac       $unwind$DllMain            0000000180003bac     MSVCRT:dll_dllmain_stub.obj
 0002:00000bac       $unwind$__scrt_acquire_startup_lock 0000000180003bac     MSVCRT:utility.obj
 0002:00000bac       $unwind$__scrt_dllmain_after_initialize_c 0000000180003bac     MSVCRT:utility.obj
 0002:00000bac       $unwind$__scrt_dllmain_before_initialize_c 0000000180003bac     MSVCRT:utility.obj
 0002:00000bac       $unwind$__scrt_dllmain_crt_thread_attach 0000000180003bac     MSVCRT:utility.obj
 0002:00000bac       $unwind$__scrt_dllmain_crt_thread_detach 0000000180003bac     MSVCRT:utility.obj
 0002:00000bac       $unwind$__scrt_dllmain_uninitialize_c 0000000180003bac     MSVCRT:utility.obj
 0002:00000bac       $unwind$__scrt_dllmain_uninitialize_critical 0000000180003bac     MSVCRT:utility.obj
 0002:00000bac       $unwind$__scrt_initialize_crt 0000000180003bac     MSVCRT:utility.obj
 0002:00000bb4       $chain$1$?cookingDelayHook@@YAP6A_JXZIPEAUDelayLoadInfo@@@Z 0000000180003bb4     WindowsCookingDelayLoadHook.obj
 0002:00000bcc       $chain$3$?cookingDelayHook@@YAP6A_JXZIPEAUDelayLoadInfo@@@Z 0000000180003bcc     WindowsCookingDelayLoadHook.obj
 0002:00000bcc       $chain$5$?cookingDelayHook@@YAP6A_JXZIPEAUDelayLoadInfo@@@Z 0000000180003bcc     WindowsCookingDelayLoadHook.obj
 0002:00000be4       $chain$6$?cookingDelayHook@@YAP6A_JXZIPEAUDelayLoadInfo@@@Z 0000000180003be4     WindowsCookingDelayLoadHook.obj
 0002:00000bf4       xdata                      0000000180003bf4     PhysXCommon_32:PhysXCommon_32.dll
 0002:00000bfc       xdata                      0000000180003bfc     PhysXFoundation_32:PhysXFoundation_32.dll
 0002:00000c04       $unwind$?DloadObtainSection@@YAPEAXPEAK0@Z 0000000180003c04     Delayimp:delayhlp.obj
 0002:00000c14       $unwind$?DloadMakePermanentImageCommit@@YAXPEAX_K@Z 0000000180003c14     Delayimp:delayhlp.obj
 0002:00000c20       $unwind$?DloadProtectSection@@YAXPEAX_KKPEAK@Z 0000000180003c20     Delayimp:delayhlp.obj
 0002:00000c38       $unwind$__delayLoadHelper2 0000000180003c38     Delayimp:delayhlp.obj
 0002:00000c54       $unwind$??$GuardedWrite@V<lambda_1>@?1??__delayLoadHelper2@@YAP6A_JXZPEBUImgDelayDescr@@PEAP6A_JXZ@Z@@@YAXPEAX_KV<lambda_1>@?1??__delayLoadHelper2@@YAP6A_JXZPEBUImgDelayDescr@@PEAP6A_JXZ@Z@@Z 0000000180003c54     Delayimp:delayhlp.obj
 0002:00000c68       $unwind$?dllmain_crt_process_attach@@YAHQEAUHINSTANCE__@@QEAX@Z 0000000180003c68     MSVCRT:dll_dllmain.obj
 0002:00000ca4       $unwind$?fin$0@?0??dllmain_crt_process_attach@@YAHQEAUHINSTANCE__@@QEAX@Z@4HA 0000000180003ca4     MSVCRT:dll_dllmain.obj
 0002:00000ca4       $unwind$?fin$0@?0??dllmain_crt_process_detach@@YAH_N@Z@4HA 0000000180003ca4     MSVCRT:dll_dllmain.obj
 0002:00000ca4       $unwind$?fin$1@?0??dllmain_crt_process_detach@@YAH_N@Z@4HA 0000000180003ca4     MSVCRT:dll_dllmain.obj
 0002:00000cac       $unwind$?dllmain_crt_process_detach@@YAH_N@Z 0000000180003cac     MSVCRT:dll_dllmain.obj
 0002:00000d00       $unwind$?dllmain_dispatch@@YAHQEAUHINSTANCE__@@KQEAX@Z 0000000180003d00     MSVCRT:dll_dllmain.obj
 0002:00000d28       $unwind$?filt$0@?0??dllmain_dispatch@@YAHQEAUHINSTANCE__@@KQEAX@Z@4HA 0000000180003d28     MSVCRT:dll_dllmain.obj
 0002:00000d30       $unwind$__security_init_cookie 0000000180003d30     MSVCRT:gs_support.obj
 0002:00000d3c       $unwind$__scrt_is_nonwritable_in_current_image 0000000180003d3c     MSVCRT:utility.obj
 0002:00000d5c       $unwind$__scrt_is_nonwritable_in_current_image$filt$0 0000000180003d5c     MSVCRT:utility.obj
 0002:00000d64       $unwind$__scrt_dllmain_exception_filter 0000000180003d64     MSVCRT:utility.obj
 0002:00000d78       $xdatasym                  0000000180003d78     MSVCRT:guard_dispatch.obj
 0002:00000d80       $xdatasym                  0000000180003d80     MSVCRT:guard_xfg_dispatch.obj
 0002:00000d84       $unwind$__isa_available_init 0000000180003d84     MSVCRT:cpu_disp.obj
 0002:000012b0       .edata                     00000001800042b0     PhysXCooking_32.exp
 0002:000012d8       rgpv                       00000001800042d8     PhysXCooking_32.exp
 0002:000013b4       rgszName                   00000001800043b4     PhysXCooking_32.exp
 0002:00001490       rgwOrd                     0000000180004490     PhysXCooking_32.exp
 0002:000014fe       szName                     00000001800044fe     PhysXCooking_32.exp
 0002:00001512       $N00001                    0000000180004512     PhysXCooking_32.exp
 0002:00001536       $N00002                    0000000180004536     PhysXCooking_32.exp
 0002:00001565       $N00003                    0000000180004565     PhysXCooking_32.exp
 0002:0000158c       $N00004                    000000018000458c     PhysXCooking_32.exp
 0002:000015e3       $N00005                    00000001800045e3     PhysXCooking_32.exp
 0002:0000160e       $N00006                    000000018000460e     PhysXCooking_32.exp
 0002:00001634       $N00007                    0000000180004634     PhysXCooking_32.exp
 0002:00001653       $N00008                    0000000180004653     PhysXCooking_32.exp
 0002:00001677       $N00009                    0000000180004677     PhysXCooking_32.exp
 0002:0000169e       $N00010                    000000018000469e     PhysXCooking_32.exp
 0002:000016c7       $N00011                    00000001800046c7     PhysXCooking_32.exp
 0002:000016e6       $N00012                    00000001800046e6     PhysXCooking_32.exp
 0002:00001719       $N00013                    0000000180004719     PhysXCooking_32.exp
 0002:0000174f       $N00014                    000000018000474f     PhysXCooking_32.exp
 0002:00001787       $N00015                    0000000180004787     PhysXCooking_32.exp
 0002:000017b9       $N00016                    00000001800047b9     PhysXCooking_32.exp
 0002:000017e5       $N00017                    00000001800047e5     PhysXCooking_32.exp
 0002:00001801       $N00018                    0000000180004801     PhysXCooking_32.exp
 0002:0000182b       $N00019                    000000018000482b     PhysXCooking_32.exp
 0002:00001867       $N00020                    0000000180004867     PhysXCooking_32.exp
 0002:000018a2       $N00021                    00000001800048a2     PhysXCooking_32.exp
 0002:000018dd       $N00022                    00000001800048dd     PhysXCooking_32.exp
 0002:00001912       $N00023                    0000000180004912     PhysXCooking_32.exp
 0002:0000194e       $N00024                    000000018000494e     PhysXCooking_32.exp
 0002:00001981       $N00025                    0000000180004981     PhysXCooking_32.exp
 0002:000019b4       $N00026                    00000001800049b4     PhysXCooking_32.exp
 0002:000019ee       $N00027                    00000001800049ee     PhysXCooking_32.exp
 0002:00001a28       $N00028                    0000000180004a28     PhysXCooking_32.exp
 0002:00001a55       $N00029                    0000000180004a55     PhysXCooking_32.exp
 0002:00001a88       $N00030                    0000000180004a88     PhysXCooking_32.exp
 0002:00001ab6       $N00031                    0000000180004ab6     PhysXCooking_32.exp
 0002:00001ae3       $N00032                    0000000180004ae3     PhysXCooking_32.exp
 0002:00001b1f       $N00033                    0000000180004b1f     PhysXCooking_32.exp
 0002:00001b5c       $N00034                    0000000180004b5c     PhysXCooking_32.exp
 0002:00001b8c       $N00035                    0000000180004b8c     PhysXCooking_32.exp
 0002:00001bab       $N00036                    0000000180004bab     PhysXCooking_32.exp
 0002:00001bc2       $N00037                    0000000180004bc2     PhysXCooking_32.exp
 0002:00001bd8       $N00038                    0000000180004bd8     PhysXCooking_32.exp
 0002:00001bef       $N00039                    0000000180004bef     PhysXCooking_32.exp
 0002:00001c07       $N00040                    0000000180004c07     PhysXCooking_32.exp
 0002:00001c11       $N00041                    0000000180004c11     PhysXCooking_32.exp
 0002:00001c22       $N00042                    0000000180004c22     PhysXCooking_32.exp
 0002:00001c3d       $N00043                    0000000180004c3d     PhysXCooking_32.exp
 0002:00001c4f       $N00044                    0000000180004c4f     PhysXCooking_32.exp
 0002:00001c65       $N00045                    0000000180004c65     PhysXCooking_32.exp
 0002:00001c78       $N00046                    0000000180004c78     PhysXCooking_32.exp
 0002:00001c84       $N00047                    0000000180004c84     PhysXCooking_32.exp
 0002:00001c97       $N00048                    0000000180004c97     PhysXCooking_32.exp
 0002:00001cb4       $N00049                    0000000180004cb4     PhysXCooking_32.exp
 0002:00001cc8       $N00050                    0000000180004cc8     PhysXCooking_32.exp
 0002:00001ce0       $N00051                    0000000180004ce0     PhysXCooking_32.exp
 0002:00001cf5       $N00052                    0000000180004cf5     PhysXCooking_32.exp
 0002:00001d16       $N00053                    0000000180004d16     PhysXCooking_32.exp
 0002:00001d35       $N00054                    0000000180004d35     PhysXCooking_32.exp
 0002:00001d4a       $N00055                    0000000180004d4a     PhysXCooking_32.exp
 0002:00001ef0       .idata$6                   0000000180004ef0     kernel32:KERNEL32.dll
 0002:00001f64       .idata$6                   0000000180004f64     vcruntime:VCRUNTIME140.dll
 0002:0000202e       .idata$6                   000000018000502e     ucrt:api-ms-win-crt-heap-l1-1-0.dll
 0002:0000204e       .idata$6                   000000018000504e     ucrt:api-ms-win-crt-runtime-l1-1-0.dll
 0003:000001e0       ?maxV3Error@vecMathTests@aos@physx@@3T__m128@@B 00000001800061e0     Cooking.obj
 0003:000001f0       ?minFError@vecMathTests@aos@physx@@3T__m128@@B 00000001800061f0     Cooking.obj
 0003:00000200       ?maxV4Error@vecMathTests@aos@physx@@3T__m128@@B 0000000180006200     Cooking.obj
 0003:00000210       ?minV4Error@vecMathTests@aos@physx@@3T__m128@@B 0000000180006210     Cooking.obj
 0003:00000220       ?minV3Error@vecMathTests@aos@physx@@3T__m128@@B 0000000180006220     Cooking.obj
 0003:00000230       ?maxFError@vecMathTests@aos@physx@@3T__m128@@B 0000000180006230     Cooking.obj
 0003:00000240       ?gCookingDelayLoadHook@@3PEBVPxDelayLoadHook@physx@@EB 0000000180006240     WindowsCookingDelayLoadHook.obj
 0003:000002a0       ?__proc_attached@@3HA      00000001800062a0     MSVCRT:dll_dllmain.obj
 0003:000002c8       ?is_initialized_as_dll@@3_NA 00000001800062c8     MSVCRT:utility.obj
 0003:000002c9       ?module_local_atexit_table_initialized@@3_NA 00000001800062c9     MSVCRT:utility.obj
 0003:000002d0       ?module_local_atexit_table@@3U_onexit_table_t@@A 00000001800062d0     MSVCRT:utility.obj
 0003:000002e8       ?module_local_at_quick_exit_table@@3U_onexit_table_t@@A 00000001800062e8     MSVCRT:utility.obj
 0005:000000a0       $R000000                   00000001800080a0     PhysXCooking.res
 0005:000003d8       $R000338                   00000001800083d8     PhysXCooking.res
